Archive member included because of file (symbol)

contiki-sky.a(contiki-sky-pla)
                              obj_sky/contiki-sky-main.o (init_platform)
contiki-sky.a(battery-sensor.)
                              sdn-wise.co (battery_sensor)
contiki-sky.a(button-sensor.o)
                              contiki-sky.a(contiki-sky-pla) (button_sensor)
contiki-sky.a(ds2411.o)       obj_sky/contiki-sky-main.o (ds2411_init)
contiki-sky.a(xmem.o)         obj_sky/contiki-sky-main.o (xmem_init)
contiki-sky.a(node-id.o)      obj_sky/contiki-sky-main.o (node_id_restore)
contiki-sky.a(sensors.o)      contiki-sky.a(button-sensor.o) (sensors_changed)
contiki-sky.a(cfs-coffee.o)   sdn-wise.co (cfs_open)
contiki-sky.a(cc2420.o)       obj_sky/contiki-sky-main.o (cc2420_set_pan_addr)
contiki-sky.a(cc2420-arch.o)  contiki-sky.a(cc2420.o) (cc2420_arch_init)
contiki-sky.a(sky-sensors.o)  contiki-sky.a(battery-sensor.) (sky_sensors_status)
contiki-sky.a(uart1.o)        obj_sky/contiki-sky-main.o (uart1_active)
contiki-sky.a(uart1-putchar.o)
                              sdn-wise.co (putchar)
contiki-sky.a(msp430.o)       contiki-sky.a(uart1.o) (msp430_add_lpm_req)
contiki-sky.a(clock.o)        obj_sky/contiki-sky-main.o (clock_init)
contiki-sky.a(leds.o)         obj_sky/contiki-sky-main.o (leds_init)
contiki-sky.a(leds-arch.o)    contiki-sky.a(leds.o) (leds_arch_init)
contiki-sky.a(watchdog.o)     obj_sky/contiki-sky-main.o (watchdog_start)
contiki-sky.a(rtimer-arch.o)  obj_sky/contiki-sky-main.o (rtimer_arch_now)
contiki-sky.a(elfloader.o)    sdn-wise.co (elfloader_unknown)
contiki-sky.a(elfloader-msp43)
                              contiki-sky.a(elfloader.o) (elfloader_arch_allocate_ram)
contiki-sky.a(symtab.o)       contiki-sky.a(elfloader.o) (symtab_lookup)
contiki-sky.a(autostart.o)    sdn-wise.co (autostart_start)
contiki-sky.a(ctimer.o)       obj_sky/contiki-sky-main.o (ctimer_init)
contiki-sky.a(energest.o)     obj_sky/contiki-sky-main.o (energest_init)
contiki-sky.a(etimer.o)       contiki-sky.a(clock.o) (etimer_request_poll)
contiki-sky.a(process.o)      sdn-wise.co (process_current)
contiki-sky.a(rtimer.o)       obj_sky/contiki-sky-main.o (rtimer_init)
contiki-sky.a(timer.o)        obj_sky/contiki-sky-main.o (timer_set)
contiki-sky.a(serial-line.o)  obj_sky/contiki-sky-main.o (serial_line_input_byte)
contiki-sky.a(list.o)         contiki-sky.a(ctimer.o) (list_init)
contiki-sky.a(random.o)       obj_sky/contiki-sky-main.o (random_init)
contiki-sky.a(ringbuf.o)      contiki-sky.a(serial-line.o) (ringbuf_init)
contiki-sky.a(broadcast.o)    sdn-wise.co (broadcast_open)
contiki-sky.a(channel.o)      contiki-sky.a(broadcast.o) (channel_set_attributes)
contiki-sky.a(rime.o)         obj_sky/contiki-sky-main.o (rime_driver)
contiki-sky.a(unicast.o)      sdn-wise.co (unicast_open)
contiki-sky.a(csma.o)         obj_sky/contiki-sky-main.o (csma_driver)
contiki-sky.a(mac.o)          contiki-sky.a(csma.o) (mac_call_sent_callback)
contiki-sky.a(linkaddr.o)     obj_sky/contiki-sky-main.o (linkaddr_copy)
contiki-sky.a(packetbuf.o)    contiki-sky.a(rime.o) (packetbuf_compact)
contiki-sky.a(queuebuf.o)     contiki-sky.a(rime.o) (queuebuf_init)
contiki-sky.a(contikimac.o)   obj_sky/contiki-sky-main.o (contikimac_driver)
contiki-sky.a(contikimac-fram)
                              contiki-sky.a(contikimac.o) (contikimac_framer)
contiki-sky.a(nullsec.o)      obj_sky/contiki-sky-main.o (nullsec_driver)
contiki-sky.a(symbols.o)      contiki-sky.a(symtab.o) (symbols)
contiki-sky.a(spi.o)          contiki-sky.a(xmem.o) (spi_init)
contiki-sky.a(compower.o)     contiki-sky.a(contikimac.o) (compower_idle_activity)
contiki-sky.a(memb.o)         contiki-sky.a(csma.o) (memb_init)
contiki-sky.a(abc.o)          contiki-sky.a(broadcast.o) (abc_open)
contiki-sky.a(announcement.o)
                              contiki-sky.a(rime.o) (announcement_init)
contiki-sky.a(broadcast-annou)
                              contiki-sky.a(rime.o) (broadcast_announcement_init)
contiki-sky.a(chameleon.o)    contiki-sky.a(rime.o) (chameleon_init)
contiki-sky.a(framer-802154.o)
                              contiki-sky.a(contikimac-fram) (framer_802154)
contiki-sky.a(framer.o)       contiki-sky.a(framer-802154.o) (framer_canonical_create_and_secure)
contiki-sky.a(mac-sequence.o)
                              contiki-sky.a(contikimac.o) (mac_sequence_is_duplicate)
contiki-sky.a(chameleon-bitop)
                              contiki-sky.a(chameleon.o) (chameleon_bitopt)
contiki-sky.a(frame802154.o)  contiki-sky.a(framer-802154.o) (frame802154_hdrlen)
/usr/local/msp430/bin/../lib/gcc/msp430/4.7.0/mmpy-16/libgcc.a(_mulsi3.o)
                              contiki-sky.a(cfs-coffee.o) (__mulsi3)
/usr/local/msp430/bin/../lib/gcc/msp430/4.7.0/mmpy-16/libgcc.a(_udivmod16.o)
                              contiki-sky.a(cfs-coffee.o) (__udivhi3)
/usr/local/msp430/bin/../lib/gcc/msp430/4.7.0/mmpy-16/libgcc.a(_divmod16.o)
                              sdn-wise.co (__divhi3)
[...]
Memory Configuration

Name             Origin             Length             Attributes
sfr              0x00000000         0x00000010
peripheral_8bit  0x00000010         0x000000f0
peripheral_16bit 0x00000100         0x00000100
ram_mirror       0x00000200         0x00000800         xw
infomem          0x00001000         0x00000100
infob            0x00001000         0x00000080
infoa            0x00001080         0x00000080
ram              0x00001100         0x00002800         xw
rom              0x00004000         0x0000bfe0         xr
vectors          0x0000ffe0         0x00000020
bsl              0x00000000         0x00000000
infoc            0x00000000         0x00000000
infod            0x00000000         0x00000000
ram2             0x00000000         0x00000000         xw
usbram           0x00000000         0x00000000         xw
far_rom          0x00000000         0x00000000
*default*        0x00000000         0xffffffff

Linker script and memory map

LOAD /usr/local/msp430/bin/../lib/gcc/msp430/4.7.0/mmpy-16/crt0ivtbl16.o
LOAD sdn-wise.co
LOAD obj_sky/contiki-sky-main.o
LOAD contiki-sky.a
LOAD /usr/local/msp430/bin/../lib/gcc/msp430/4.7.0/mmpy-16/libgcc.a
LOAD /usr/local/msp430/bin/../lib/gcc/msp430/4.7.0/../../../../msp430/lib/mmpy-16/libc.a
LOAD /usr/local/msp430/bin/../lib/gcc/msp430/4.7.0/mmpy-16/libgcc.a
LOAD /usr/local/msp430/bin/../lib/gcc/msp430/4.7.0/mmpy-16/libcrt0.a
                0x00000080                PROVIDE (__info_segment_size, 0x80)
                0x00001000                PROVIDE (__infob, 0x1000)
                0x00001080                PROVIDE (__infoa, 0x1080)
                0x00000000                __IE1 = 0x0
                0x00000002                __IFG1 = 0x2
                0x00000004                __ME1 = 0x4
                0x00000001                __IE2 = 0x1
                0x00000003                __IFG2 = 0x3
                0x00000005                __ME2 = 0x5
                0x00000120                __WDTCTL = 0x120
                0x00000130                __MPY = 0x130
                0x00000132                __MPYS = 0x132
                0x00000134                __MAC = 0x134
                0x00000136                __MACS = 0x136
                0x00000138                __OP2 = 0x138
                0x0000013a                __RESLO = 0x13a
                0x0000013c                __RESHI = 0x13c
                0x0000013e                __SUMEXT = 0x13e
                0x00000020                __P1IN = 0x20
                0x00000021                __P1OUT = 0x21
                0x00000022                __P1DIR = 0x22
                0x00000023                __P1IFG = 0x23
                0x00000024                __P1IES = 0x24
                0x00000025                __P1IE = 0x25
                0x00000026                __P1SEL = 0x26
                0x00000028                __P2IN = 0x28
                0x00000029                __P2OUT = 0x29
                0x0000002a                __P2DIR = 0x2a
                0x0000002b                __P2IFG = 0x2b
                0x0000002c                __P2IES = 0x2c
                0x0000002d                __P2IE = 0x2d
                0x0000002e                __P2SEL = 0x2e
                0x00000018                __P3IN = 0x18
                0x00000019                __P3OUT = 0x19
                0x0000001a                __P3DIR = 0x1a
                0x0000001b                __P3SEL = 0x1b
                0x0000001c                __P4IN = 0x1c
                0x0000001d                __P4OUT = 0x1d
                0x0000001e                __P4DIR = 0x1e
                0x0000001f                __P4SEL = 0x1f
                0x00000030                __P5IN = 0x30
                0x00000031                __P5OUT = 0x31
                0x00000032                __P5DIR = 0x32
                0x00000033                __P5SEL = 0x33
                0x00000034                __P6IN = 0x34
                0x00000035                __P6OUT = 0x35
                0x00000036                __P6DIR = 0x36
                0x00000037                __P6SEL = 0x37
                0x00000070                __U0CTL = 0x70
                0x00000071                __U0TCTL = 0x71
                0x00000072                __U0RCTL = 0x72
                0x00000073                __U0MCTL = 0x73
                0x00000074                __U0BR0 = 0x74
                0x00000075                __U0BR1 = 0x75
                0x00000076                __U0RXBUF = 0x76
                0x00000077                __U0TXBUF = 0x77
                0x00000078                __U1CTL = 0x78
                0x00000079                __U1TCTL = 0x79
                0x0000007a                __U1RCTL = 0x7a
                0x0000007b                __U1MCTL = 0x7b
                0x0000007c                __U1BR0 = 0x7c
                0x0000007d                __U1BR1 = 0x7d
                0x0000007e                __U1RXBUF = 0x7e
                0x0000007f                __U1TXBUF = 0x7f
                0x00000050                __I2CIE = 0x50
                0x00000051                __I2CIFG = 0x51
                0x00000052                __I2CNDAT = 0x52
                0x00000071                __I2CTCTL = 0x71
                0x00000072                __I2CDCTL = 0x72
                0x00000073                __I2CPSC = 0x73
                0x00000074                __I2CSCLH = 0x74
                0x00000075                __I2CSCLL = 0x75
                0x00000076                __I2CDRB = 0x76
                0x00000076                __I2CDRW = 0x76
                0x00000118                __I2COA = 0x118
                0x0000011a                __I2CSA = 0x11a
                0x0000011c                __I2CIV = 0x11c
                0x0000012e                __TAIV = 0x12e
                0x00000160                __TACTL = 0x160
                0x00000162                __TACCTL0 = 0x162
                0x00000164                __TACCTL1 = 0x164
                0x00000166                __TACCTL2 = 0x166
                0x00000170                __TAR = 0x170
                0x00000172                __TACCR0 = 0x172
                0x00000174                __TACCR1 = 0x174
                0x00000176                __TACCR2 = 0x176
                0x0000011e                __TBIV = 0x11e
                0x00000180                __TBCTL = 0x180
                0x00000182                __TBCCTL0 = 0x182
                0x00000184                __TBCCTL1 = 0x184
                0x00000186                __TBCCTL2 = 0x186
                0x00000188                __TBCCTL3 = 0x188
                0x0000018a                __TBCCTL4 = 0x18a
                0x0000018c                __TBCCTL5 = 0x18c
                0x0000018e                __TBCCTL6 = 0x18e
                0x00000190                __TBR = 0x190
                0x00000192                __TBCCR0 = 0x192
                0x00000194                __TBCCR1 = 0x194
                0x00000196                __TBCCR2 = 0x196
                0x00000198                __TBCCR3 = 0x198
                0x0000019a                __TBCCR4 = 0x19a
                0x0000019c                __TBCCR5 = 0x19c
                0x0000019e                __TBCCR6 = 0x19e
                0x00000056                __DCOCTL = 0x56
                0x00000057                __BCSCTL1 = 0x57
                0x00000058                __BCSCTL2 = 0x58
                0x00000055                __SVSCTL = 0x55
                0x00000128                __FCTL1 = 0x128
                0x0000012a                __FCTL2 = 0x12a
                0x0000012c                __FCTL3 = 0x12c
                0x00000059                __CACTL1 = 0x59
                0x0000005a                __CACTL2 = 0x5a
                0x0000005b                __CAPD = 0x5b
                0x000001a0                __ADC12CTL0 = 0x1a0
                0x000001a2                __ADC12CTL1 = 0x1a2
                0x000001a4                __ADC12IFG = 0x1a4
                0x000001a6                __ADC12IE = 0x1a6
                0x000001a8                __ADC12IV = 0x1a8
                0x00000140                __ADC12MEM0 = 0x140
                0x00000142                __ADC12MEM1 = 0x142
                0x00000144                __ADC12MEM2 = 0x144
                0x00000146                __ADC12MEM3 = 0x146
                0x00000148                __ADC12MEM4 = 0x148
                0x0000014a                __ADC12MEM5 = 0x14a
                0x0000014c                __ADC12MEM6 = 0x14c
                0x0000014e                __ADC12MEM7 = 0x14e
                0x00000150                __ADC12MEM8 = 0x150
                0x00000152                __ADC12MEM9 = 0x152
                0x00000154                __ADC12MEM10 = 0x154
                0x00000156                __ADC12MEM11 = 0x156
                0x00000158                __ADC12MEM12 = 0x158
                0x0000015a                __ADC12MEM13 = 0x15a
                0x0000015c                __ADC12MEM14 = 0x15c
                0x0000015e                __ADC12MEM15 = 0x15e
                0x00000080                __ADC12MCTL0 = 0x80
                0x00000081                __ADC12MCTL1 = 0x81
                0x00000082                __ADC12MCTL2 = 0x82
                0x00000083                __ADC12MCTL3 = 0x83
                0x00000084                __ADC12MCTL4 = 0x84
                0x00000085                __ADC12MCTL5 = 0x85
                0x00000086                __ADC12MCTL6 = 0x86
                0x00000087                __ADC12MCTL7 = 0x87
                0x00000088                __ADC12MCTL8 = 0x88
                0x00000089                __ADC12MCTL9 = 0x89
                0x0000008a                __ADC12MCTL10 = 0x8a
                0x0000008b                __ADC12MCTL11 = 0x8b
                0x0000008c                __ADC12MCTL12 = 0x8c
                0x0000008d                __ADC12MCTL13 = 0x8d
                0x0000008e                __ADC12MCTL14 = 0x8e
                0x0000008f                __ADC12MCTL15 = 0x8f
                0x000001c0                __DAC12_0CTL = 0x1c0
                0x000001c2                __DAC12_1CTL = 0x1c2
                0x000001c8                __DAC12_0DAT = 0x1c8
                0x000001ca                __DAC12_1DAT = 0x1ca
                0x00000122                __DMACTL0 = 0x122
                0x00000124                __DMACTL1 = 0x124
                0x000001e0                __DMA0CTL = 0x1e0
                0x000001e8                __DMA1CTL = 0x1e8
                0x000001f0                __DMA2CTL = 0x1f0
                0x000001e2                __DMA0SA = 0x1e2
                0x000001e4                __DMA0DA = 0x1e4
                0x000001e6                __DMA0SZ = 0x1e6
                0x000001ea                __DMA1SA = 0x1ea
                0x000001ec                __DMA1DA = 0x1ec
                0x000001ee                __DMA1SZ = 0x1ee
                0x000001f2                __DMA2SA = 0x1f2
                0x000001f4                __DMA2DA = 0x1f4
                0x000001f6                __DMA2SZ = 0x1f6

.hash
 *(.hash)

.dynsym
 *(.dynsym)

.dynstr
 *(.dynstr)

.gnu.version
 *(.gnu.version)

.gnu.version_d
 *(.gnu.version_d)

.gnu.version_r
 *(.gnu.version_r)

.rel.init
 *(.rel.init)

.rela.init
 *(.rela.init)

.rel.fini
 *(.rel.fini)

.rela.fini
 *(.rela.fini)

.rel.text
 *(.rel.text .rel.text.* .rel.gnu.linkonce.t.*)

.rela.text
 *(.rela.text .rela.text.* .rela.gnu.linkonce.t.*)

.rel.rodata
 *(.rel.rodata .rel.rodata.* .rel.gnu.linkonce.r.*)

.rela.rodata
 *(.rela.rodata .rela.rodata.* .rela.gnu.linkonce.r.*)

.rel.data
 *(.rel.data .rel.data.* .rel.gnu.linkonce.d.*)

.rela.data
 *(.rela.data .rela.data.* .rela.gnu.linkonce.d.*)

.rel.bss
 *(.rel.bss .rel.bss.* .rel.gnu.linkonce.b.*)

.rela.bss
 *(.rela.bss .rela.bss.* .rela.gnu.linkonce.b.*)

.rel.ctors
 *(.rel.ctors)

.rela.ctors
 *(.rela.ctors)

.rel.dtors
 *(.rel.dtors)

.rela.dtors
 *(.rela.dtors)

.rel.got
 *(.rel.got)

.rela.got
 *(.rela.got)

.rel.plt
 *(.rel.plt)

.rela.plt
 *(.rela.plt)

.text           0x00004000     0x9968
                0x00004000                . = ALIGN (0x2)
 *(.init .init.*)
 *(.init0)
 .init0         0x00004000        0x0 /usr/local/msp430/bin/../lib/gcc/msp430/4.7.0/mmpy-16/libcrt0.a(_reset_vector__.o)
                0x00004000                _reset_vector__
 *(.init1)
 .init1         0x00004000        0xc /usr/local/msp430/bin/../lib/gcc/msp430/4.7.0/mmpy-16/libcrt0.a(__watchdog_support.o)
                0x00004000                __watchdog_support
 *(.init2)
 .init2         0x0000400c        0x4 /usr/local/msp430/bin/../lib/gcc/msp430/4.7.0/mmpy-16/libcrt0.a(__init_stack.o)
                0x0000400c                __init_stack
 *(.init3)
 .init3         0x00004010        0x0 /usr/local/msp430/bin/../lib/gcc/msp430/4.7.0/mmpy-16/libcrt0.a(__low_level_init.o)
                0x00004010                __low_level_init
 *(.init4)
 .init4         0x00004010       0x18 /usr/local/msp430/bin/../lib/gcc/msp430/4.7.0/mmpy-16/libcrt0.a(_copy_data.o)
                0x00004010                __do_copy_data
 .init4         0x00004028       0x16 /usr/local/msp430/bin/../lib/gcc/msp430/4.7.0/mmpy-16/libcrt0.a(_clear_bss.o)
                0x00004028                __do_clear_bss
 *(.init5)
 *(.init6)
 *(.init7)
 *(.init8)
 *(.init9)
 .init9         0x0000403e      0x2ce obj_sky/contiki-sky-main.o
                0x0000403e                main
 *(.fini9)
 .fini9         0x0000430c        0x0 /usr/local/msp430/bin/../lib/gcc/msp430/4.7.0/mmpy-16/libcrt0.a(__stop_progExec__.o)
                0x0000430c                __stop_progExec__
 *(.fini8)
 *(.fini7)
 *(.fini6)
 *(.fini5)
 *(.fini4)
 *(.fini3)
 *(.fini2)
 *(.fini1)
 *(.fini0)
 .fini0         0x0000430c        0x6 /usr/local/msp430/bin/../lib/gcc/msp430/4.7.0/mmpy-16/libcrt0.a(_endless_loop__.o)
                0x0000430c                _endless_loop__
 *(.fini .fini.*)
                0x00004312                . = ALIGN (0x2)
                0x00004312                __ctors_start = .
 *(.ctors)
                0x00004312                __ctors_end = .
                0x00004312                __dtors_start = .
 *(.dtors)
                0x00004312                __dtors_end = .
                0x00004312                . = ALIGN (0x2)
 *(.text .text.* .gnu.linkonce.t.*)
 .text          0x00004312        0x4 /usr/local/msp430/bin/../lib/gcc/msp430/4.7.0/mmpy-16/crt0ivtbl16.o
                0x00004312                __isr_14
                0x00004312                __isr_11
                0x00004312                __isr_2
                0x00004312                __isr_7
                0x00004312                __isr_0
                0x00004312                __isr_8
                0x00004312                __isr_3
                0x00004312                __isr_12
                0x00004312                __isr_13
                0x00004312                __isr_9
 .text.process_thread_prova
                0x00004316       0x5a sdn-wise.co
 .text.process_thread_forwarding_update_table
                0x00004370       0xa4 sdn-wise.co
 .text.process_thread_forwarding_to_controller
                0x00004414       0x58 sdn-wise.co
 .text.printArray
                0x0000446c       0x36 sdn-wise.co
                0x0000446c                printArray
 .text.process_thread_low_layer_forward_up
                0x000044a2       0x58 sdn-wise.co
 .text.split    0x000044fa       0x30 sdn-wise.co
                0x000044fa                split
 .text.arrayCmp
                0x0000452a       0x4a sdn-wise.co
                0x0000452a                arrayCmp
 .text.addressCmp
                0x00004574       0x2a sdn-wise.co
                0x00004574                addressCmp
 .text.process_thread_low_layer_process
                0x0000459e      0x144 sdn-wise.co
 .text.array2header
                0x000046e2       0x3c sdn-wise.co
                0x000046e2                array2header
 .text.printHeader
                0x0000471e       0x5a sdn-wise.co
                0x0000471e                printHeader
 .text.conf_init
                0x00004778       0x2e sdn-wise.co
                0x00004778                conf_init
 .text.new_function_root
                0x000047a6       0x4e sdn-wise.co
                0x000047a6                new_function_root
 .text.function_root_search_by_position
                0x000047f4       0x3e sdn-wise.co
                0x000047f4                function_root_search_by_position
 .text.function_root_add_element
                0x00004832       0xcc sdn-wise.co
                0x00004832                function_root_add_element
 .text.function_root_remove_all
                0x000048fe       0x7a sdn-wise.co
                0x000048fe                function_root_remove_all
 .text.function_root_compose_packet
                0x00004978       0xf6 sdn-wise.co
                0x00004978                function_root_compose_packet
 .text.function_list_root_init
                0x00004a6e       0x14 sdn-wise.co
                0x00004a6e                function_list_root_init
 .text.function_list_root_search_by_id
                0x00004a82       0x32 sdn-wise.co
                0x00004a82                function_list_root_search_by_id
 .text.function_list_root_new_element
                0x00004ab4       0x5e sdn-wise.co
                0x00004ab4                function_list_root_new_element
 .text.function_list_root_remove_element_by_id
                0x00004b12       0x64 sdn-wise.co
                0x00004b12                function_list_root_remove_element_by_id
 .text.printNeighbor
                0x00004b76       0x7c sdn-wise.co
                0x00004b76                printNeighbor
 .text.neighbor_table_add
                0x00004bf2       0x48 sdn-wise.co
                0x00004bf2                neighbor_table_add
 .text.neighbor_table_remove
                0x00004c3a       0xa2 sdn-wise.co
                0x00004c3a                neighbor_table_remove
 .text.neighbor_table_remove_all
                0x00004cdc       0x30 sdn-wise.co
                0x00004cdc                neighbor_table_remove_all
 .text.printTable
                0x00004d0c       0x44 sdn-wise.co
                0x00004d0c                printTable
 .text.find_element_by_address
                0x00004d50       0x3e sdn-wise.co
                0x00004d50                find_element_by_address
 .text.find_best_neighbor
                0x00004d8e       0x92 sdn-wise.co
                0x00004d8e                find_best_neighbor
 .text.neighbor2sink_init
                0x00004e20       0x1a sdn-wise.co
                0x00004e20                neighbor2sink_init
 .text.table_init
                0x00004e3a       0x18 sdn-wise.co
                0x00004e3a                table_init
 .text.array2ruleWindow
                0x00004e52       0x18 sdn-wise.co
                0x00004e52                array2ruleWindow
 .text.printRuleWindow
                0x00004e6a       0x30 sdn-wise.co
                0x00004e6a                printRuleWindow
 .text.array2ruleAction
                0x00004e9a       0x18 sdn-wise.co
                0x00004e9a                array2ruleAction
 .text.printRuleAction
                0x00004eb2       0x30 sdn-wise.co
                0x00004eb2                printRuleAction
 .text.printRuleStats
                0x00004ee2       0x24 sdn-wise.co
                0x00004ee2                printRuleStats
 .text.rule2array
                0x00004f06       0x88 sdn-wise.co
                0x00004f06                rule2array
 .text.array2rule
                0x00004f8e       0x8a sdn-wise.co
                0x00004f8e                array2rule
 .text.printRule
                0x00005018       0x48 sdn-wise.co
                0x00005018                printRule
 .text.ruleCmp  0x00005060       0xc6 sdn-wise.co
                0x00005060                ruleCmp
 .text.functions_root_search_by_id
                0x00005126       0x2e sdn-wise.co
                0x00005126                functions_root_search_by_id
 .text.functions_root_add
                0x00005154       0x46 sdn-wise.co
                0x00005154                functions_root_add
 .text.flow_table_add
                0x0000519a       0xd6 sdn-wise.co
                0x0000519a                flow_table_add
 .text.process_thread_forwarding_incoming_response_packet
                0x00005270       0xca sdn-wise.co
 .text.flow_table_remove
                0x0000533a       0xb8 sdn-wise.co
                0x0000533a                flow_table_remove
 .text.checkWindow
                0x000053f2       0xde sdn-wise.co
                0x000053f2                checkWindow
 .text.flow_table_new_default_rule
                0x000054d0       0x4e sdn-wise.co
                0x000054d0                flow_table_new_default_rule
 .text.flow_table_init
                0x0000551e       0x76 sdn-wise.co
                0x0000551e                flow_table_init
 .text.update_rule2sink
                0x00005594       0x36 sdn-wise.co
                0x00005594                update_rule2sink
 .text.process_thread_td_incoming_beacon_packet
                0x000055ca      0x27a sdn-wise.co
 .text.forwarding2controller
                0x00005844       0x10 sdn-wise.co
                0x00005844                forwarding2controller
 .text.accepted_table_add
                0x00005854       0x38 sdn-wise.co
                0x00005854                accepted_table_add
 .text.accepted_table_search
                0x0000588c       0x38 sdn-wise.co
                0x0000588c                accepted_table_search
 .text.accepted_table_remove
                0x000058c4       0x7c sdn-wise.co
                0x000058c4                accepted_table_remove
 .text.process_thread_config_incoming_packet
                0x00005940      0x584 sdn-wise.co
 .text.accepted_table_init
                0x00005ec4       0x3e sdn-wise.co
                0x00005ec4                accepted_table_init
 .text.send_packet
                0x00005f02       0x78 sdn-wise.co
                0x00005f02                send_packet
 .text.process_thread_td_send_report_packet
                0x00005f7a      0x210 sdn-wise.co
 .text.process_thread_td_send_beacon_packet
                0x0000618a       0xfa sdn-wise.co
 .text.send_packet2
                0x00006284       0x10 sdn-wise.co
                0x00006284                send_packet2
 .text.recv_packet.isra.0
                0x00006294      0x57e sdn-wise.co
 .text.broadcast_recv_packet
                0x00006812       0x2c sdn-wise.co
 .text.unicast_recv_packet
                0x0000683e       0x2c sdn-wise.co
 .text.process_thread_forwarding_packet_to_sink
                0x0000686a       0xe0 sdn-wise.co
 .text.process_thread_low_layer_analyzer
                0x0000694a      0x1dc sdn-wise.co
 .text.forward_up
                0x00006b26       0x10 sdn-wise.co
                0x00006b26                forward_up
 .text.runAction
                0x00006b36      0x12c sdn-wise.co
                0x00006b36                runAction
 .text.process_thread_forwarding_data_packet
                0x00006c62      0x18c sdn-wise.co
 .text.input_stream_push
                0x00006dee       0x40 sdn-wise.co
                0x00006dee                input_stream_push
 .text.uart_rx_callback
                0x00006e2e        0xc sdn-wise.co
 .text.input_stream_pop
                0x00006e3a       0x3a sdn-wise.co
                0x00006e3a                input_stream_pop
 .text.process_thread_test_serial
                0x00006e74       0xfa sdn-wise.co
 .text.input_stream_init
                0x00006f6e       0x2a sdn-wise.co
                0x00006f6e                input_stream_init
 .text.process_thread_init_process
                0x00006f98       0x32 sdn-wise.co
 .text.start_network_layer
                0x00006fca       0x3c obj_sky/contiki-sky-main.o
 .text.init_platform
                0x00007006        0xc contiki-sky.a(contiki-sky-pla)
                0x00007006                init_platform
 .text.value    0x00007012        0x6 contiki-sky.a(battery-sensor.)
 .text.status   0x00007018        0xc contiki-sky.a(battery-sensor.)
 .text.configure
                0x00007024       0x12 contiki-sky.a(battery-sensor.)
 .text.status   0x00007036       0x18 contiki-sky.a(button-sensor.o)
 .text.value    0x0000704e       0x20 contiki-sky.a(button-sensor.o)
 .text.configure
                0x0000706e       0x4c contiki-sky.a(button-sensor.o)
 .text.irq_p2   0x000070ba       0x88 contiki-sky.a(button-sensor.o)
                0x000070ba                irq_p2
                0x000070ba                __isr_1
 .text.owreadb  0x00007142       0x50 contiki-sky.a(ds2411.o)
 .text.ds2411_init
                0x00007192      0x120 contiki-sky.a(ds2411.o)
                0x00007192                ds2411_init
 .text.write_enable
                0x000072b2       0x28 contiki-sky.a(xmem.o)
 .text.wait_ready
                0x000072da       0x4a contiki-sky.a(xmem.o)
 .text.xmem_init
                0x00007324       0x3c contiki-sky.a(xmem.o)
                0x00007324                xmem_init
 .text.xmem_pread
                0x00007360       0xe0 contiki-sky.a(xmem.o)
                0x00007360                xmem_pread
 .text.xmem_pwrite
                0x00007440      0x13a contiki-sky.a(xmem.o)
                0x00007440                xmem_pwrite
 .text.xmem_erase
                0x0000757a       0xba contiki-sky.a(xmem.o)
                0x0000757a                xmem_erase
 .text.node_id_restore
                0x00007634       0x38 contiki-sky.a(node-id.o)
                0x00007634                node_id_restore
 .text.process_thread_sensors_process
                0x0000766c       0xc2 contiki-sky.a(sensors.o)
 .text.sensors_changed
                0x0000772e       0x2a contiki-sky.a(sensors.o)
                0x0000772e                sensors_changed
 .text.next_file
                0x00007758       0x22 contiki-sky.a(cfs-coffee.o)
 .text.load_file
                0x0000777a       0x6c contiki-sky.a(cfs-coffee.o)
 .text.read_header
                0x000077e6       0x26 contiki-sky.a(cfs-coffee.o)
 .text.find_file
                0x0000780c       0xaa contiki-sky.a(cfs-coffee.o)
 .text.find_contiguous_pages
                0x000078b6       0x74 contiki-sky.a(cfs-coffee.o)
 .text.file_end
                0x0000792a       0xd0 contiki-sky.a(cfs-coffee.o)
 .text.write_header
                0x000079fa       0x2a contiki-sky.a(cfs-coffee.o)
 .text.remove_by_page.isra.0
                0x00007a24       0xae contiki-sky.a(cfs-coffee.o)
 .text.reserve  0x00007ad2      0x220 contiki-sky.a(cfs-coffee.o)
 .text.read_log_page
                0x00007cf2      0x206 contiki-sky.a(cfs-coffee.o)
 .text.cfs_open
                0x00007ef8       0xc2 contiki-sky.a(cfs-coffee.o)
                0x00007ef8                cfs_open
 .text.cfs_close
                0x00007fba       0x2e contiki-sky.a(cfs-coffee.o)
                0x00007fba                cfs_close
 .text.cfs_seek
                0x00007fe8       0xa4 contiki-sky.a(cfs-coffee.o)
                0x00007fe8                cfs_seek
 .text.cfs_remove
                0x0000808c       0x1a contiki-sky.a(cfs-coffee.o)
                0x0000808c                cfs_remove
 .text.cfs_read
                0x000080a6      0x14e contiki-sky.a(cfs-coffee.o)
                0x000080a6                cfs_read
 .text.merge_log
                0x000081f4      0x1ac contiki-sky.a(cfs-coffee.o)
 .text.cfs_write
                0x000083a0      0x5dc contiki-sky.a(cfs-coffee.o)
                0x000083a0                cfs_write
 .text.get_object
                0x0000897c        0x4 contiki-sky.a(cc2420.o)
 .text.set_object
                0x00008980        0x4 contiki-sky.a(cc2420.o)
 .text.strobe   0x00008984       0x1c contiki-sky.a(cc2420.o)
 .text.getreg   0x000089a0       0x4c contiki-sky.a(cc2420.o)
 .text.setreg   0x000089ec       0x4c contiki-sky.a(cc2420.o)
 .text.write_ram
                0x00008a38       0x7c contiki-sky.a(cc2420.o)
 .text.write_fifo_buf
                0x00008ab4       0x3c contiki-sky.a(cc2420.o)
 .text.get_status
                0x00008af0       0x20 contiki-sky.a(cc2420.o)
 .text.set_txpower
                0x00008b10       0x24 contiki-sky.a(cc2420.o)
 .text.cc2420_receiving_packet
                0x00008b34        0xc contiki-sky.a(cc2420.o)
 .text.pending_packet
                0x00008b40        0x8 contiki-sky.a(cc2420.o)
 .text.on       0x00008b48       0x1e contiki-sky.a(cc2420.o)
 .text.wait_for_transmission
                0x00008b66       0x22 contiki-sky.a(cc2420.o)
 .text.wait_for_status
                0x00008b88       0x28 contiki-sky.a(cc2420.o)
 .text.getrxdata
                0x00008bb0       0x50 contiki-sky.a(cc2420.o)
 .text.flushrx  0x00008c00       0x1a contiki-sky.a(cc2420.o)
 .text.off      0x00008c1a       0x56 contiki-sky.a(cc2420.o)
 .text.RELEASE_LOCK
                0x00008c70       0x28 contiki-sky.a(cc2420.o)
 .text.set_key  0x00008c98       0x18 contiki-sky.a(cc2420.o)
 .text.cc2420_prepare
                0x00008cb0       0x3c contiki-sky.a(cc2420.o)
 .text.cc2420_on
                0x00008cec       0x22 contiki-sky.a(cc2420.o)
                0x00008cec                cc2420_on
 .text.cc2420_off
                0x00008d0e       0x30 contiki-sky.a(cc2420.o)
                0x00008d0e                cc2420_off
 .text.cc2420_cca
                0x00008d3e       0x68 contiki-sky.a(cc2420.o)
 .text.cc2420_read
                0x00008da6       0xac contiki-sky.a(cc2420.o)
 .text.process_thread_cc2420_process
                0x00008e52       0x54 contiki-sky.a(cc2420.o)
 .text.encrypt  0x00008ea6       0x88 contiki-sky.a(cc2420.o)
 .text.cc2420_set_channel
                0x00008f2e       0x3c contiki-sky.a(cc2420.o)
                0x00008f2e                cc2420_set_channel
 .text.cc2420_set_pan_addr
                0x00008f6a       0x4c contiki-sky.a(cc2420.o)
                0x00008f6a                cc2420_set_pan_addr
 .text.cc2420_interrupt
                0x00008fb6       0x16 contiki-sky.a(cc2420.o)
                0x00008fb6                cc2420_interrupt
 .text.cc2420_set_txpower
                0x00008fcc        0xe contiki-sky.a(cc2420.o)
                0x00008fcc                cc2420_set_txpower
 .text.cc2420_get_txpower
                0x00008fda       0x1e contiki-sky.a(cc2420.o)
                0x00008fda                cc2420_get_txpower
 .text.cc2420_transmit
                0x00008ff8      0x12c contiki-sky.a(cc2420.o)
 .text.cc2420_send
                0x00009124       0x12 contiki-sky.a(cc2420.o)
 .text.cc2420_rssi
                0x00009136       0x4c contiki-sky.a(cc2420.o)
                0x00009136                cc2420_rssi
 .text.get_value
                0x00009182       0xa8 contiki-sky.a(cc2420.o)
 .text.cc2420_set_cca_threshold
                0x0000922a       0x16 contiki-sky.a(cc2420.o)
                0x0000922a                cc2420_set_cca_threshold
 .text.set_value
                0x00009240       0x86 contiki-sky.a(cc2420.o)
 .text.cc2420_init
                0x000092c6       0xd8 contiki-sky.a(cc2420.o)
                0x000092c6                cc2420_init
 .text.cc2420_port1_interrupt
                0x0000939e       0x62 contiki-sky.a(cc2420-arch.o)
                0x0000939e                __isr_4
                0x0000939e                cc2420_port1_interrupt
 .text.cc2420_arch_init
                0x00009400       0x1a contiki-sky.a(cc2420-arch.o)
                0x00009400                cc2420_arch_init
 .text.sky_sensors_status
                0x0000941a       0x3c contiki-sky.a(sky-sensors.o)
                0x0000941a                sky_sensors_status
 .text.sky_sensors_configure
                0x00009456       0xee contiki-sky.a(sky-sensors.o)
                0x00009456                sky_sensors_configure
 .text.handle_rxdma_timer
                0x00009544       0x3a contiki-sky.a(uart1.o)
 .text.uart1_active
                0x0000957e       0x18 contiki-sky.a(uart1.o)
                0x0000957e                uart1_active
 .text.uart1_set_input
                0x00009596       0x20 contiki-sky.a(uart1.o)
                0x00009596                uart1_set_input
 .text.uart1_writeb
                0x000095b6       0x18 contiki-sky.a(uart1.o)
                0x000095b6                uart1_writeb
 .text.uart1_init
                0x000095ce       0xf4 contiki-sky.a(uart1.o)
                0x000095ce                uart1_init
 .text.putchar  0x000096c2       0x10 contiki-sky.a(uart1-putchar.o)
                0x000096c2                putchar
 .text.msp430_init_dco
                0x000096d2       0x82 contiki-sky.a(msp430.o)
                0x000096d2                msp430_init_dco
 .text.msp430_add_lpm_req
                0x00009754        0xc contiki-sky.a(msp430.o)
                0x00009754                msp430_add_lpm_req
 .text.msp430_cpu_init
                0x00009760       0x2a contiki-sky.a(msp430.o)
                0x00009760                msp430_cpu_init
 .text.splhigh_
                0x0000978a        0x8 contiki-sky.a(msp430.o)
                0x0000978a                splhigh_
 .text.msp430_sync_dco
                0x00009792       0x6c contiki-sky.a(msp430.o)
                0x00009792                msp430_sync_dco
 .text.timera1  0x000097fe      0x11e contiki-sky.a(clock.o)
                0x000097fe                __isr_5
                0x000097fe                timera1
 .text.clock_time
                0x0000991c       0x1a contiki-sky.a(clock.o)
                0x0000991c                clock_time
 .text.clock_init
                0x00009936       0x28 contiki-sky.a(clock.o)
                0x00009936                clock_init
 .text.clock_delay
                0x0000995e        0xc contiki-sky.a(clock.o)
                0x0000995e                clock_delay
 .text.show_leds
                0x0000996a       0xf0 contiki-sky.a(leds.o)
 .text.leds_init
                0x00009a5a        0xa contiki-sky.a(leds.o)
                0x00009a5a                leds_init
 .text.leds_on  0x00009a64        0xa contiki-sky.a(leds.o)
                0x00009a64                leds_on
 .text.leds_off
                0x00009a6e        0xe contiki-sky.a(leds.o)
                0x00009a6e                leds_off
 .text.leds_arch_init
                0x00009a7c        0xe contiki-sky.a(leds-arch.o)
                0x00009a7c                leds_arch_init
 .text.leds_arch_set
                0x00009a8a       0x38 contiki-sky.a(leds-arch.o)
                0x00009a8a                leds_arch_set
 .text.watchdog_interrupt
                0x00009ac2        0x6 contiki-sky.a(watchdog.o)
                0x00009ac2                __isr_10
                0x00009ac2                watchdog_interrupt
 .text.watchdog_start
                0x00009ac8       0x14 contiki-sky.a(watchdog.o)
                0x00009ac8                watchdog_start
 .text.watchdog_periodic
                0x00009adc       0x12 contiki-sky.a(watchdog.o)
                0x00009adc                watchdog_periodic
 .text.watchdog_stop
                0x00009aee       0x16 contiki-sky.a(watchdog.o)
                0x00009aee                watchdog_stop
 .text.watchdog_init
                0x00009b04       0x12 contiki-sky.a(watchdog.o)
                0x00009b04                watchdog_init
 .text.watchdog_reboot
                0x00009b16        0x6 contiki-sky.a(watchdog.o)
                0x00009b16                watchdog_reboot
 .text.rtimer_arch_init
                0x00009b1c        0xe contiki-sky.a(rtimer-arch.o)
                0x00009b1c                rtimer_arch_init
 .text.rtimer_arch_now
                0x00009b2a        0xe contiki-sky.a(rtimer-arch.o)
                0x00009b2a                rtimer_arch_now
 .text.timera0  0x00009b38       0x70 contiki-sky.a(rtimer-arch.o)
                0x00009b38                __isr_6
                0x00009b38                timera0
 .text.rtimer_arch_schedule
                0x00009ba8        0x6 contiki-sky.a(rtimer-arch.o)
                0x00009ba8                rtimer_arch_schedule
 .text.seek_read
                0x00009bae       0x28 contiki-sky.a(elfloader.o)
 .text.find_local_symbol
                0x00009bd6       0xb8 contiki-sky.a(elfloader.o)
 .text.relocate_section.isra.0
                0x00009c8e      0x17a contiki-sky.a(elfloader.o)
 .text.elfloader_init
                0x00009e08        0x6 contiki-sky.a(elfloader.o)
                0x00009e08                elfloader_init
 .text.elfloader_load
                0x00009e0e      0x482 contiki-sky.a(elfloader.o)
                0x00009e0e                elfloader_load
 .text.elfloader_arch_allocate_ram
                0x0000a290        0x6 contiki-sky.a(elfloader-msp43)
                0x0000a290                elfloader_arch_allocate_ram
 .text.elfloader_arch_allocate_rom
                0x0000a296        0x6 contiki-sky.a(elfloader-msp43)
                0x0000a296                elfloader_arch_allocate_rom
 .text.elfloader_arch_write_rom
                0x0000a29c       0x28 contiki-sky.a(elfloader-msp43)
                0x0000a29c                elfloader_arch_write_rom
 .text.elfloader_arch_relocate
                0x0000a2c4       0x38 contiki-sky.a(elfloader-msp43)
                0x0000a2c4                elfloader_arch_relocate
 .text.symtab_lookup
                0x0000a2fc       0x62 contiki-sky.a(symtab.o)
                0x0000a2fc                symtab_lookup
 .text.autostart_start
                0x0000a35e       0x16 contiki-sky.a(autostart.o)
                0x0000a35e                autostart_start
 .text.autostart_exit
                0x0000a374       0x14 contiki-sky.a(autostart.o)
                0x0000a374                autostart_exit
 .text.process_thread_ctimer_process
                0x0000a388       0xa8 contiki-sky.a(ctimer.o)
 .text.ctimer_init
                0x0000a430       0x18 contiki-sky.a(ctimer.o)
                0x0000a430                ctimer_init
 .text.ctimer_set
                0x0000a448       0x50 contiki-sky.a(ctimer.o)
                0x0000a448                ctimer_set
 .text.ctimer_reset
                0x0000a498       0x30 contiki-sky.a(ctimer.o)
                0x0000a498                ctimer_reset
 .text.ctimer_stop
                0x0000a4c8       0x28 contiki-sky.a(ctimer.o)
                0x0000a4c8                ctimer_stop
 .text.energest_init
                0x0000a4f0       0x26 contiki-sky.a(energest.o)
                0x0000a4f0                energest_init
 .text.energest_type_time
                0x0000a516       0x48 contiki-sky.a(energest.o)
                0x0000a516                energest_type_time
 .text.energest_type_set
                0x0000a55e        0xe contiki-sky.a(energest.o)
                0x0000a55e                energest_type_set
 .text.energest_flush
                0x0000a56c       0x48 contiki-sky.a(energest.o)
                0x0000a56c                energest_flush
 .text.update_time
                0x0000a5b4       0x78 contiki-sky.a(etimer.o)
 .text.etimer_request_poll
                0x0000a62c        0xa contiki-sky.a(etimer.o)
                0x0000a62c                etimer_request_poll
 .text.process_thread_etimer_process
                0x0000a636       0xcc contiki-sky.a(etimer.o)
 .text.add_timer
                0x0000a702       0x40 contiki-sky.a(etimer.o)
 .text.etimer_set
                0x0000a742       0x12 contiki-sky.a(etimer.o)
                0x0000a742                etimer_set
 .text.etimer_reset
                0x0000a754       0x12 contiki-sky.a(etimer.o)
                0x0000a754                etimer_reset
 .text.etimer_expired
                0x0000a766        0xe contiki-sky.a(etimer.o)
                0x0000a766                etimer_expired
 .text.etimer_pending
                0x0000a774        0xc contiki-sky.a(etimer.o)
                0x0000a774                etimer_pending
 .text.etimer_next_expiration_time
                0x0000a780       0x16 contiki-sky.a(etimer.o)
                0x0000a780                etimer_next_expiration_time
 .text.etimer_stop
                0x0000a796       0x3e contiki-sky.a(etimer.o)
                0x0000a796                etimer_stop
 .text.call_process
                0x0000a7d4       0x46 contiki-sky.a(process.o)
 .text.exit_process
                0x0000a81a       0x96 contiki-sky.a(process.o)
 .text.do_poll  0x0000a8b0       0x30 contiki-sky.a(process.o)
 .text.process_alloc_event
                0x0000a8e0        0xe contiki-sky.a(process.o)
                0x0000a8e0                process_alloc_event
 .text.process_exit
                0x0000a8ee        0xa contiki-sky.a(process.o)
                0x0000a8ee                process_exit
 .text.process_init
                0x0000a8f8       0x1c contiki-sky.a(process.o)
                0x0000a8f8                process_init
 .text.process_run
                0x0000a914       0xa2 contiki-sky.a(process.o)
                0x0000a914                process_run
 .text.process_nevents
                0x0000a9b6        0xe contiki-sky.a(process.o)
                0x0000a9b6                process_nevents
 .text.process_post
                0x0000a9c4       0x54 contiki-sky.a(process.o)
                0x0000a9c4                process_post
 .text.process_post_synch
                0x0000aa18       0x12 contiki-sky.a(process.o)
                0x0000aa18                process_post_synch
 .text.process_start
                0x0000aa2a       0x36 contiki-sky.a(process.o)
                0x0000aa2a                process_start
 .text.process_poll
                0x0000aa60       0x18 contiki-sky.a(process.o)
                0x0000aa60                process_poll
 .text.rtimer_init
                0x0000aa78        0x6 contiki-sky.a(rtimer.o)
                0x0000aa78                rtimer_init
 .text.rtimer_set
                0x0000aa7e       0x24 contiki-sky.a(rtimer.o)
                0x0000aa7e                rtimer_set
 .text.rtimer_run_next
                0x0000aaa2       0x26 contiki-sky.a(rtimer.o)
                0x0000aaa2                rtimer_run_next
 .text.timer_set
                0x0000aac8       0x1c contiki-sky.a(timer.o)
                0x0000aac8                timer_set
 .text.timer_reset
                0x0000aae4        0xe contiki-sky.a(timer.o)
                0x0000aae4                timer_reset
 .text.timer_expired
                0x0000aaf2       0x2a contiki-sky.a(timer.o)
                0x0000aaf2                timer_expired
 .text.process_thread_serial_line_process
                0x0000ab1c       0x9e contiki-sky.a(serial-line.o)
 .text.serial_line_input_byte
                0x0000abba       0x4a contiki-sky.a(serial-line.o)
                0x0000abba                serial_line_input_byte
 .text.serial_line_init
                0x0000ac04       0x1c contiki-sky.a(serial-line.o)
                0x0000ac04                serial_line_init
 .text.list_init
                0x0000ac20        0x6 contiki-sky.a(list.o)
                0x0000ac20                list_init
 .text.list_head
                0x0000ac26        0x4 contiki-sky.a(list.o)
                0x0000ac26                list_head
 .text.list_tail
                0x0000ac2a       0x12 contiki-sky.a(list.o)
                0x0000ac2a                list_tail
 .text.list_remove
                0x0000ac3c       0x34 contiki-sky.a(list.o)
                0x0000ac3c                list_remove
 .text.list_push
                0x0000ac70       0x1a contiki-sky.a(list.o)
                0x0000ac70                list_push
 .text.list_add
                0x0000ac8a       0x2a contiki-sky.a(list.o)
                0x0000ac8a                list_add
 .text.list_length
                0x0000acb4       0x10 contiki-sky.a(list.o)
                0x0000acb4                list_length
 .text.list_item_next
                0x0000acc4        0xc contiki-sky.a(list.o)
                0x0000acc4                list_item_next
 .text.random_init
                0x0000acd0        0x6 contiki-sky.a(random.o)
                0x0000acd0                random_init
 .text.random_rand
                0x0000acd6        0x6 contiki-sky.a(random.o)
                0x0000acd6                random_rand
 .text.ringbuf_init
                0x0000acdc       0x14 contiki-sky.a(ringbuf.o)
                0x0000acdc                ringbuf_init
 .text.ringbuf_put
                0x0000acf0       0x38 contiki-sky.a(ringbuf.o)
                0x0000acf0                ringbuf_put
 .text.ringbuf_get
                0x0000ad28       0x32 contiki-sky.a(ringbuf.o)
                0x0000ad28                ringbuf_get
 .text.sent_by_abc
                0x0000ad5a       0x10 contiki-sky.a(broadcast.o)
 .text.recv_from_abc
                0x0000ad6a       0x26 contiki-sky.a(broadcast.o)
 .text.broadcast_open
                0x0000ad90       0x2a contiki-sky.a(broadcast.o)
                0x0000ad90                broadcast_open
 .text.broadcast_close
                0x0000adba        0x6 contiki-sky.a(broadcast.o)
                0x0000adba                broadcast_close
 .text.broadcast_send
                0x0000adc0       0x1a contiki-sky.a(broadcast.o)
                0x0000adc0                broadcast_send
 .text.channel_init
                0x0000adda        0xa contiki-sky.a(channel.o)
                0x0000adda                channel_init
 .text.channel_open
                0x0000ade4       0x10 contiki-sky.a(channel.o)
                0x0000ade4                channel_open
 .text.channel_close
                0x0000adf4        0xc contiki-sky.a(channel.o)
                0x0000adf4                channel_close
 .text.channel_lookup
                0x0000ae00       0x20 contiki-sky.a(channel.o)
                0x0000ae00                channel_lookup
 .text.channel_set_attributes
                0x0000ae20       0x24 contiki-sky.a(channel.o)
                0x0000ae20                channel_set_attributes
 .text.input    0x0000ae44       0x3a contiki-sky.a(rime.o)
 .text.init     0x0000ae7e       0x2e contiki-sky.a(rime.o)
 .text.packet_sent
                0x0000aeac       0x44 contiki-sky.a(rime.o)
 .text.rime_output
                0x0000aef0       0x24 contiki-sky.a(rime.o)
                0x0000aef0                rime_output
 .text.sent_by_broadcast
                0x0000af14       0x10 contiki-sky.a(unicast.o)
 .text.recv_from_broadcast
                0x0000af24       0x2e contiki-sky.a(unicast.o)
 .text.unicast_open
                0x0000af52       0x2a contiki-sky.a(unicast.o)
                0x0000af52                unicast_open
 .text.unicast_close
                0x0000af7c        0x6 contiki-sky.a(unicast.o)
                0x0000af7c                unicast_close
 .text.unicast_send
                0x0000af82       0x16 contiki-sky.a(unicast.o)
                0x0000af82                unicast_send
 .text.input_packet
                0x0000af98        0x6 contiki-sky.a(csma.o)
 .text.on       0x0000af9e        0x6 contiki-sky.a(csma.o)
 .text.off      0x0000afa4        0x6 contiki-sky.a(csma.o)
 .text.channel_check_interval
                0x0000afaa       0x10 contiki-sky.a(csma.o)
 .text.transmit_packet_list
                0x0000afba       0x24 contiki-sky.a(csma.o)
 .text.init     0x0000afde       0x1a contiki-sky.a(csma.o)
 .text.send_packet
                0x0000aff8      0x184 contiki-sky.a(csma.o)
 .text.free_packet
                0x0000b17c       0x98 contiki-sky.a(csma.o)
 .text.packet_sent
                0x0000b214      0x130 contiki-sky.a(csma.o)
 .text.mac_call_sent_callback
                0x0000b344       0x14 contiki-sky.a(mac.o)
                0x0000b344                mac_call_sent_callback
 .text.linkaddr_copy
                0x0000b358        0xc contiki-sky.a(linkaddr.o)
                0x0000b358                linkaddr_copy
 .text.linkaddr_cmp
                0x0000b364       0x12 contiki-sky.a(linkaddr.o)
                0x0000b364                linkaddr_cmp
 .text.linkaddr_set_node_addr
                0x0000b376        0xc contiki-sky.a(linkaddr.o)
                0x0000b376                linkaddr_set_node_addr
 .text.packetbuf_compact
                0x0000b382       0x2e contiki-sky.a(packetbuf.o)
                0x0000b382                packetbuf_compact
 .text.packetbuf_copyto
                0x0000b3b0       0x52 contiki-sky.a(packetbuf.o)
                0x0000b3b0                packetbuf_copyto
 .text.packetbuf_hdrreduce
                0x0000b402       0x1a contiki-sky.a(packetbuf.o)
                0x0000b402                packetbuf_hdrreduce
 .text.packetbuf_set_datalen
                0x0000b41c        0x6 contiki-sky.a(packetbuf.o)
                0x0000b41c                packetbuf_set_datalen
 .text.packetbuf_dataptr
                0x0000b422        0xe contiki-sky.a(packetbuf.o)
                0x0000b422                packetbuf_dataptr
 .text.packetbuf_hdrptr
                0x0000b430        0xa contiki-sky.a(packetbuf.o)
                0x0000b430                packetbuf_hdrptr
 .text.packetbuf_datalen
                0x0000b43a        0x6 contiki-sky.a(packetbuf.o)
                0x0000b43a                packetbuf_datalen
 .text.packetbuf_hdrlen
                0x0000b440       0x10 contiki-sky.a(packetbuf.o)
                0x0000b440                packetbuf_hdrlen
 .text.packetbuf_totlen
                0x0000b450        0xc contiki-sky.a(packetbuf.o)
                0x0000b450                packetbuf_totlen
 .text.packetbuf_hdralloc
                0x0000b45c       0x2e contiki-sky.a(packetbuf.o)
                0x0000b45c                packetbuf_hdralloc
 .text.packetbuf_attr_clear
                0x0000b48a       0x2c contiki-sky.a(packetbuf.o)
                0x0000b48a                packetbuf_attr_clear
 .text.packetbuf_clear
                0x0000b4b6       0x1a contiki-sky.a(packetbuf.o)
                0x0000b4b6                packetbuf_clear
 .text.packetbuf_copyfrom
                0x0000b4d0       0x2e contiki-sky.a(packetbuf.o)
                0x0000b4d0                packetbuf_copyfrom
 .text.packetbuf_attr_copyto
                0x0000b4fe       0x20 contiki-sky.a(packetbuf.o)
                0x0000b4fe                packetbuf_attr_copyto
 .text.packetbuf_attr_copyfrom
                0x0000b51e       0x22 contiki-sky.a(packetbuf.o)
                0x0000b51e                packetbuf_attr_copyfrom
 .text.packetbuf_holds_broadcast
                0x0000b540        0xe contiki-sky.a(packetbuf.o)
                0x0000b540                packetbuf_holds_broadcast
 .text.queuebuf_init
                0x0000b54e       0x12 contiki-sky.a(queuebuf.o)
                0x0000b54e                queuebuf_init
 .text.queuebuf_new_from_packetbuf
                0x0000b560       0x52 contiki-sky.a(queuebuf.o)
                0x0000b560                queuebuf_new_from_packetbuf
 .text.queuebuf_update_attr_from_packetbuf
                0x0000b5b2       0x12 contiki-sky.a(queuebuf.o)
                0x0000b5b2                queuebuf_update_attr_from_packetbuf
 .text.queuebuf_update_from_packetbuf
                0x0000b5c4       0x22 contiki-sky.a(queuebuf.o)
                0x0000b5c4                queuebuf_update_from_packetbuf
 .text.queuebuf_free
                0x0000b5e6       0x2a contiki-sky.a(queuebuf.o)
                0x0000b5e6                queuebuf_free
 .text.queuebuf_to_packetbuf
                0x0000b610       0x32 contiki-sky.a(queuebuf.o)
                0x0000b610                queuebuf_to_packetbuf
 .text.queuebuf_attr
                0x0000b642        0xe contiki-sky.a(queuebuf.o)
                0x0000b642                queuebuf_attr
 .text.duty_cycle
                0x0000b650        0x6 contiki-sky.a(contikimac.o)
 .text.init     0x0000b656       0x2a contiki-sky.a(contikimac.o)
 .text.on       0x0000b680       0x1a contiki-sky.a(contikimac.o)
 .text.off      0x0000b69a       0x22 contiki-sky.a(contikimac.o)
 .text.recv_burst_off
                0x0000b6bc        0xa contiki-sky.a(contikimac.o)
 .text.turn_off
                0x0000b6c6       0x20 contiki-sky.a(contikimac.o)
 .text.turn_on  0x0000b6e6       0x30 contiki-sky.a(contikimac.o)
 .text.schedule_powercycle_fixed.part.4
                0x0000b716       0x34 contiki-sky.a(contikimac.o)
 .text.powercycle_turn_radio_off
                0x0000b74a       0x30 contiki-sky.a(contikimac.o)
 .text.input_packet
                0x0000b77a       0xd0 contiki-sky.a(contikimac.o)
 .text.send_packet.isra.7
                0x0000b84a      0x20c contiki-sky.a(contikimac.o)
 .text.qsend_list
                0x0000ba56       0xc4 contiki-sky.a(contikimac.o)
 .text.qsend_packet
                0x0000bb1a       0x28 contiki-sky.a(contikimac.o)
 .text.powercycle
                0x0000bb42      0x1d6 contiki-sky.a(contikimac.o)
 .text.hdr_length
                0x0000bd18        0x8 contiki-sky.a(contikimac-fram)
 .text.parse    0x0000bd20       0x38 contiki-sky.a(contikimac-fram)
 .text.create   0x0000bd58       0x28 contiki-sky.a(contikimac-fram)
 .text.create_and_secure
                0x0000bd80       0x6a contiki-sky.a(contikimac-fram)
 .text.bootstrap
                0x0000bdea        0x4 contiki-sky.a(nullsec.o)
 .text.send     0x0000bdee        0xa contiki-sky.a(nullsec.o)
 .text.on_frame_created
                0x0000bdf8        0x4 contiki-sky.a(nullsec.o)
 .text.input    0x0000bdfc        0x6 contiki-sky.a(nullsec.o)
 .text.get_overhead
                0x0000be02        0x4 contiki-sky.a(nullsec.o)
 .text.spi_init
                0x0000be06       0x30 contiki-sky.a(spi.o)
                0x0000be06                spi_init
 .text.compower_accumulate
                0x0000be36       0x72 contiki-sky.a(compower.o)
                0x0000be36                compower_accumulate
 .text.compower_clear
                0x0000bea8       0x12 contiki-sky.a(compower.o)
                0x0000bea8                compower_clear
 .text.compower_attrconv
                0x0000beba       0x10 contiki-sky.a(compower.o)
                0x0000beba                compower_attrconv
 .text.memb_init
                0x0000beca       0x36 contiki-sky.a(memb.o)
                0x0000beca                memb_init
 .text.memb_alloc
                0x0000bf00       0x3e contiki-sky.a(memb.o)
                0x0000bf00                memb_alloc
 .text.memb_free
                0x0000bf3e       0x3a contiki-sky.a(memb.o)
                0x0000bf3e                memb_free
 .text.memb_inmemb
                0x0000bf78       0x2a contiki-sky.a(memb.o)
                0x0000bf78                memb_inmemb
 .text.abc_open
                0x0000bfa2       0x26 contiki-sky.a(abc.o)
                0x0000bfa2                abc_open
 .text.abc_close
                0x0000bfc8        0x6 contiki-sky.a(abc.o)
                0x0000bfc8                abc_close
 .text.abc_send
                0x0000bfce        0x6 contiki-sky.a(abc.o)
                0x0000bfce                abc_send
 .text.abc_input
                0x0000bfd4        0xe contiki-sky.a(abc.o)
                0x0000bfd4                abc_input
 .text.abc_sent
                0x0000bfe2       0x10 contiki-sky.a(abc.o)
                0x0000bfe2                abc_sent
 .text.announcement_init
                0x0000bff2        0xa contiki-sky.a(announcement.o)
                0x0000bff2                announcement_init
 .text.announcement_register_observer_callback
                0x0000bffc        0x6 contiki-sky.a(announcement.o)
                0x0000bffc                announcement_register_observer_callback
 .text.announcement_list
                0x0000c002        0xa contiki-sky.a(announcement.o)
                0x0000c002                announcement_list
 .text.announcement_heard
                0x0000c00c       0x42 contiki-sky.a(announcement.o)
                0x0000c00c                announcement_heard
 .text.adv_packet_sent
                0x0000c04e        0x2 contiki-sky.a(broadcast-annou)
 .text.adv_packet_received
                0x0000c050       0x64 contiki-sky.a(broadcast-annou)
 .text.set_timers
                0x0000c0b4       0x4a contiki-sky.a(broadcast-annou)
 .text.send_timer
                0x0000c0fe       0x32 contiki-sky.a(broadcast-annou)
 .text.send_adv
                0x0000c130       0x66 contiki-sky.a(broadcast-annou)
 .text.new_announcement
                0x0000c196       0x18 contiki-sky.a(broadcast-annou)
 .text.broadcast_announcement_init
                0x0000c1ae       0x48 contiki-sky.a(broadcast-annou)
                0x0000c1ae                broadcast_announcement_init
 .text.chameleon_init
                0x0000c1f6        0x6 contiki-sky.a(chameleon.o)
                0x0000c1f6                chameleon_init
 .text.chameleon_parse
                0x0000c1fc       0x10 contiki-sky.a(chameleon.o)
                0x0000c1fc                chameleon_parse
 .text.chameleon_create
                0x0000c20c       0x1c contiki-sky.a(chameleon.o)
                0x0000c20c                chameleon_create
 .text.chameleon_hdrsize
                0x0000c228        0x6 contiki-sky.a(chameleon.o)
                0x0000c228                chameleon_hdrsize
 .text.create_frame.isra.0
                0x0000c22e      0x104 contiki-sky.a(framer-802154.o)
 .text.create   0x0000c332        0x8 contiki-sky.a(framer-802154.o)
 .text.hdr_length
                0x0000c33a        0x8 contiki-sky.a(framer-802154.o)
 .text.parse    0x0000c342       0xa4 contiki-sky.a(framer-802154.o)
 .text.framer_canonical_create_and_secure
                0x0000c3e6       0x20 contiki-sky.a(framer.o)
                0x0000c3e6                framer_canonical_create_and_secure
 .text.mac_sequence_is_duplicate
                0x0000c406       0x3c contiki-sky.a(mac-sequence.o)
                0x0000c406                mac_sequence_is_duplicate
 .text.mac_sequence_register_seqno
                0x0000c442       0x5c contiki-sky.a(mac-sequence.o)
                0x0000c442                mac_sequence_register_seqno
 .text.header_size
                0x0000c49e       0x16 contiki-sky.a(chameleon-bitop)
 .text.get_bits_in_byte
                0x0000c4b4       0x3a contiki-sky.a(chameleon-bitop)
                0x0000c4b4                get_bits_in_byte
 .text.get_bits
                0x0000c4ee       0xa2 contiki-sky.a(chameleon-bitop)
                0x0000c4ee                get_bits
 .text.unpack_header
                0x0000c590       0xd2 contiki-sky.a(chameleon-bitop)
 .text.set_bits_in_byte
                0x0000c662       0x2c contiki-sky.a(chameleon-bitop)
                0x0000c662                set_bits_in_byte
 .text.set_bits
                0x0000c68e       0xc8 contiki-sky.a(chameleon-bitop)
                0x0000c68e                set_bits
 .text.pack_header
                0x0000c756       0xbe contiki-sky.a(chameleon-bitop)
 .text.field_len
                0x0000c814       0x90 contiki-sky.a(frame802154.o)
 .text.frame802154_hdrlen
                0x0000c8a4       0x2e contiki-sky.a(frame802154.o)
                0x0000c8a4                frame802154_hdrlen
 .text.frame802154_create
                0x0000c8d2      0x146 contiki-sky.a(frame802154.o)
                0x0000c8d2                frame802154_create
 .text.frame802154_parse
                0x0000ca18      0x1ba contiki-sky.a(frame802154.o)
                0x0000ca18                frame802154_parse
 .text.libgcc   0x0000cbd2       0x2c /usr/local/msp430/bin/../lib/gcc/msp430/4.7.0/mmpy-16/libgcc.a(_mulsi3.o)
                0x0000cbd2                __mulsi3
 .text.libgcc   0x0000cbfe       0x22 /usr/local/msp430/bin/../lib/gcc/msp430/4.7.0/mmpy-16/libgcc.a(_udivmod16.o)
                0x0000cbfe                __udivhi3
                0x0000cbfe                __ext_udivmod16
                0x0000cc18                __umodhi3
 .text.libgcc   0x0000cc20       0x3a /usr/local/msp430/bin/../lib/gcc/msp430/4.7.0/mmpy-16/libgcc.a(_divmod16.o)
                0x0000cc20                __ext_divmod16
                0x0000cc20                __divhi3
                0x0000cc52                __modhi3
 .text.libgcc   0x0000cc5a       0x40 /usr/local/msp430/bin/../lib/gcc/msp430/4.7.0/mmpy-16/libgcc.a(_udivmod32.o)
                0x0000cc5a                __udivsi3
                0x0000cc5a                __ext_udivmod32
                0x0000cc90                __umodsi3
 .text.libgcc   0x0000cc9a       0x4c /usr/local/msp430/bin/../lib/gcc/msp430/4.7.0/mmpy-16/libgcc.a(_divmod32.o)
                0x0000cc9a                __ext_divmod32
                0x0000cc9a                __divsi3
                0x0000ccdc                __modsi3
 .text.malloc   0x0000cce6       0xd0 /usr/local/msp430/bin/../lib/gcc/msp430/4.7.0/../../../../msp430/lib/mmpy-16/libc.a(malloc.o)
                0x0000cce6                malloc
 .text.free     0x0000cdb6        0x6 /usr/local/msp430/bin/../lib/gcc/msp430/4.7.0/../../../../msp430/lib/mmpy-16/libc.a(malloc.o)
                0x0000cdb6                free
 .text.printf   0x0000cdbc       0x10 /usr/local/msp430/bin/../lib/gcc/msp430/4.7.0/../../../../msp430/lib/mmpy-16/libc.a(printf.o)
                0x0000cdbc                printf
 .text.append   0x0000cdcc       0x22 /usr/local/msp430/bin/../lib/gcc/msp430/4.7.0/../../../../msp430/lib/mmpy-16/libc.a(sprintf.o)
 .text.call_vuprintf
                0x0000cdee       0x3a /usr/local/msp430/bin/../lib/gcc/msp430/4.7.0/../../../../msp430/lib/mmpy-16/libc.a(sprintf.o)
 .text.sprintf  0x0000ce28       0x1c /usr/local/msp430/bin/../lib/gcc/msp430/4.7.0/../../../../msp430/lib/mmpy-16/libc.a(sprintf.o)
                0x0000ce28                sprintf
 .text.print_field
                0x0000ce44      0x194 /usr/local/msp430/bin/../lib/gcc/msp430/4.7.0/../../../../msp430/lib/mmpy-16/libc.a(vuprintf.o)
 .text.vuprintf
                0x0000cfd8      0x63c /usr/local/msp430/bin/../lib/gcc/msp430/4.7.0/../../../../msp430/lib/mmpy-16/libc.a(vuprintf.o)
                0x0000cfd8                vuprintf
 .text.puts     0x0000d614       0x2c /usr/local/msp430/bin/../lib/gcc/msp430/4.7.0/../../../../msp430/lib/mmpy-16/libc.a(puts.o)
                0x0000d614                puts
 .text.rand     0x0000d640       0x26 /usr/local/msp430/bin/../lib/gcc/msp430/4.7.0/../../../../msp430/lib/mmpy-16/libc.a(rand.o)
                0x0000d640                rand
 .text.srand    0x0000d666        0xa /usr/local/msp430/bin/../lib/gcc/msp430/4.7.0/../../../../msp430/lib/mmpy-16/libc.a(rand.o)
                0x0000d666                srand
 .text.strcmp   0x0000d670       0x1e /usr/local/msp430/bin/../lib/gcc/msp430/4.7.0/../../../../msp430/lib/mmpy-16/libc.a(strcmp.o)
                0x0000d670                strcmp
 .text.strncmp  0x0000d68e       0x2a /usr/local/msp430/bin/../lib/gcc/msp430/4.7.0/../../../../msp430/lib/mmpy-16/libc.a(strncmp.o)
                0x0000d68e                strncmp
 .text.memcmp   0x0000d6b8       0x30 /usr/local/msp430/bin/../lib/gcc/msp430/4.7.0/../../../../msp430/lib/mmpy-16/libc.a(memcmp.o)
                0x0000d6b8                memcmp
 .text.strncpy  0x0000d6e8       0x2a /usr/local/msp430/bin/../lib/gcc/msp430/4.7.0/../../../../msp430/lib/mmpy-16/libc.a(strncpy.o)
                0x0000d6e8                strncpy
 .text.memcpy   0x0000d712       0xfa /usr/local/msp430/bin/../lib/gcc/msp430/4.7.0/../../../../msp430/lib/mmpy-16/libc.a(memcpy.o)
                0x0000d712                memcpy
 .text.memset   0x0000d80c       0x6a /usr/local/msp430/bin/../lib/gcc/msp430/4.7.0/../../../../msp430/lib/mmpy-16/libc.a(memset.o)
                0x0000d80c                memset
 .text.libgcc   0x0000d876       0xf0 /usr/local/msp430/bin/../lib/gcc/msp430/4.7.0/mmpy-16/libgcc.a(_udivmod64.o)
                0x0000d876                __xabi_udivmod64
                0x0000d8d4                __udivdi3
                0x0000d8fa                __umoddi3
                0x0000d928                __udivmoddi4
 .text.crt0     0x0000d966        0x2 /usr/local/msp430/bin/../lib/gcc/msp430/4.7.0/mmpy-16/libcrt0.a(_unexpected_.o)
                0x0000d966                _unexpected_
 *(.near.text .near.text.*)

.rodata         0x0000d968     0x1063
                0x0000d968                . = ALIGN (0x2)
 *(.rodata .rodata.* .gnu.linkonce.r.*)
 .rodata        0x0000d968      0xd9c sdn-wise.co
                0x0000e4ee                autostart_processes
 .rodata.process_thread_config_incoming_packet
                0x0000e704       0x24 sdn-wise.co
 .rodata        0x0000e728       0xe5 obj_sky/contiki-sky-main.o
 *fill*         0x0000e80d        0x1 00
 .rodata        0x0000e80e       0x10 contiki-sky.a(battery-sensor.)
                0x0000e816                battery_sensor
 .rodata        0x0000e81e       0x10 contiki-sky.a(button-sensor.o)
                0x0000e826                button_sensor
 .rodata        0x0000e82e        0x8 contiki-sky.a(sensors.o)
 *fill*         0x0000e836        0x2 00
 .rodata.get_value
                0x0000e838       0x1c contiki-sky.a(cc2420.o)
 .rodata        0x0000e854       0x3e contiki-sky.a(cc2420.o)
                0x0000e854                cc2420_aes_128_driver
                0x0000e858                cc2420_driver
 .rodata        0x0000e892       0x77 contiki-sky.a(elfloader.o)
 .rodata        0x0000e909        0xf contiki-sky.a(ctimer.o)
 .rodata        0x0000e918        0xc contiki-sky.a(etimer.o)
 .rodata        0x0000e924        0xe contiki-sky.a(serial-line.o)
 .rodata        0x0000e932        0x8 contiki-sky.a(broadcast.o)
 .rodata        0x0000e93a        0xc contiki-sky.a(rime.o)
                0x0000e940                rime_driver
 .rodata        0x0000e946        0xa contiki-sky.a(unicast.o)
 .rodata        0x0000e950       0x14 contiki-sky.a(csma.o)
                0x0000e956                csma_driver
 .rodata        0x0000e964        0x2 contiki-sky.a(linkaddr.o)
                0x0000e964                linkaddr_null
 .rodata        0x0000e966       0x1c contiki-sky.a(contikimac.o)
                0x0000e972                contikimac_driver
 .rodata        0x0000e982        0x8 contiki-sky.a(contikimac-fram)
                0x0000e982                contikimac_framer
 .rodata        0x0000e98a       0x14 contiki-sky.a(nullsec.o)
                0x0000e992                nullsec_driver
 .rodata        0x0000e99e        0x6 contiki-sky.a(symbols.o)
                0x0000e99e                symbols
                0x0000e9a2                symbols_nelts
 .rodata        0x0000e9a4        0x2 contiki-sky.a(abc.o)
 .rodata        0x0000e9a6        0x4 contiki-sky.a(broadcast-annou)
 .rodata        0x0000e9aa        0x8 contiki-sky.a(framer-802154.o)
                0x0000e9aa                framer_802154
 .rodata        0x0000e9b2       0x10 contiki-sky.a(chameleon-bitop)
                0x0000e9b2                chameleon_bitopt
 .rodata        0x0000e9c2        0x2 contiki-sky.a(frame802154.o)
 .rodata.vuprintf
                0x0000e9c4        0x7 /usr/local/msp430/bin/../lib/gcc/msp430/4.7.0/../../../../msp430/lib/mmpy-16/libc.a(vuprintf.o)
 *(.near.rodata .near.rodata.*)
                0x0000e9cc                . = ALIGN (0x2)
                0x0000e9cc                _etext = .

.data           0x00001100       0xfc load address 0x0000e9cc
                0x00001100                . = ALIGN (0x2)
                0x00001100                __data_start = .
 *(.data .data.* .gnu.linkonce.d.*)
 .data          0x00001100       0x98 sdn-wise.co
                0x00001100                prova
                0x0000110a                test_serial
                0x00001114                forwarding_update_table
                0x0000111e                forwarding_to_controller
                0x00001128                forwarding_incoming_response_packet
                0x00001132                forwarding_data_packet
                0x0000113c                forwarding_packet_to_sink
                0x00001146                td_send_report_packet
                0x00001150                td_send_beacon_packet
                0x0000115a                td_incoming_beacon_packet
                0x00001164                config_incoming_packet
                0x0000116e                low_layer_analyzer
                0x00001178                low_layer_forward_up
                0x00001182                low_layer_process
                0x0000118c                init_process
                0x00001196                BROADCAST
 .data          0x00001198        0x4 contiki-sky.a(contiki-sky-pla)
                0x00001198                sensors
 .data          0x0000119c        0xa contiki-sky.a(sensors.o)
                0x0000119c                sensors_process
 .data          0x000011a6        0xa contiki-sky.a(cc2420.o)
                0x000011a6                cc2420_process
 .data          0x000011b0        0x2 contiki-sky.a(msp430.o)
 .data          0x000011b2        0xa contiki-sky.a(ctimer.o)
                0x000011b2                ctimer_process
 .data          0x000011bc        0xa contiki-sky.a(etimer.o)
                0x000011bc                etimer_process
 .data          0x000011c6        0xa contiki-sky.a(serial-line.o)
                0x000011c6                serial_line_process
 .data          0x000011d0       0x18 contiki-sky.a(csma.o)
 .data          0x000011e8       0x10 contiki-sky.a(queuebuf.o)
 .data.next     0x000011f8        0x4 /usr/local/msp430/bin/../lib/gcc/msp430/4.7.0/../../../../msp430/lib/mmpy-16/libc.a(rand.o)
 *(.near.data .near.data.*)
                0x000011fc                . = ALIGN (0x2)
                0x000011fc                _edata = .
                0x0000e9cc                __data_load_start = LOADADDR (.data)
                0x000000fc                __data_size = SIZEOF (.data)

.bss            0x000011fc     0x21a8 load address 0x0000eac8
                0x000011fc                __bss_start = .
 *(.bss .bss.*)
 .bss           0x000011fc      0x2a8 sdn-wise.co
 .bss           0x000014a4        0xc obj_sky/contiki-sky-main.o
 .bss           0x000014b0        0x8 contiki-sky.a(button-sensor.o)
 .bss           0x000014b8        0x2 contiki-sky.a(node-id.o)
                0x000014b8                node_id
 .bss           0x000014ba        0x6 contiki-sky.a(sensors.o)
 .bss           0x000014c0       0x90 contiki-sky.a(cfs-coffee.o)
 .bss           0x00001550        0x8 contiki-sky.a(cc2420.o)
 .bss           0x00001558        0x4 contiki-sky.a(sky-sensors.o)
 .bss           0x0000155c       0x9a contiki-sky.a(uart1.o)
 .bss           0x000015f6        0xa contiki-sky.a(clock.o)
 .bss           0x00001600        0x1 contiki-sky.a(leds.o)
 *fill*         0x00001601        0x1 00
 .bss           0x00001602        0x2 contiki-sky.a(watchdog.o)
 .bss           0x00001604       0x18 contiki-sky.a(elfloader.o)
 .bss           0x0000161c      0xc02 contiki-sky.a(elfloader-msp43)
 .bss           0x0000221e        0x4 contiki-sky.a(ctimer.o)
 .bss           0x00002222        0x6 contiki-sky.a(etimer.o)
 .bss           0x00002228       0x42 contiki-sky.a(process.o)
                0x00002228                process_current
                0x0000222a                process_list
 .bss           0x0000226a        0x2 contiki-sky.a(rtimer.o)
 .bss           0x0000226c      0x10a contiki-sky.a(serial-line.o)
 .bss           0x00002376        0x2 contiki-sky.a(channel.o)
 .bss           0x00002378        0x2 contiki-sky.a(rime.o)
 .bss           0x0000237a      0x128 contiki-sky.a(csma.o)
 .bss           0x000024a2       0xb8 contiki-sky.a(packetbuf.o)
 .bss           0x0000255a      0xc20 contiki-sky.a(queuebuf.o)
 .bss           0x0000317a       0xb2 contiki-sky.a(contikimac.o)
 .bss           0x0000322c        0x8 contiki-sky.a(compower.o)
 .bss           0x00003234        0x6 contiki-sky.a(announcement.o)
 .bss           0x0000323a       0x46 contiki-sky.a(broadcast-annou)
 .bss           0x00003280        0x2 contiki-sky.a(framer-802154.o)
 .bss           0x00003282       0x40 contiki-sky.a(mac-sequence.o)
 .bss.once.1520
                0x000032c2        0x1 /usr/local/msp430/bin/../lib/gcc/msp430/4.7.0/../../../../msp430/lib/mmpy-16/libc.a(malloc.o)
 *fill*         0x000032c3        0x1 00
 .bss.destination_
                0x000032c4        0x2 /usr/local/msp430/bin/../lib/gcc/msp430/4.7.0/../../../../msp430/lib/mmpy-16/libc.a(sprintf.o)
 .bss.available_
                0x000032c6        0x2 /usr/local/msp430/bin/../lib/gcc/msp430/4.7.0/../../../../msp430/lib/mmpy-16/libc.a(sprintf.o)
 *(.near.bss .near.bss.*)
 *(COMMON)
 COMMON         0x000032c8        0x2 contiki-sky.a(contiki-sky-pla)
                0x000032c8                sensors_flags
 COMMON         0x000032ca        0x8 contiki-sky.a(ds2411.o)
                0x000032ca                ds2411_id
 COMMON         0x000032d2        0x1 contiki-sky.a(sensors.o)
                0x000032d2                sensors_event
 *fill*         0x000032d3        0x1 00
 COMMON         0x000032d4       0x10 contiki-sky.a(cc2420.o)
                0x000032d4                cc2420_last_rssi
                0x000032d6                cc2420_sfd_start_time
                0x000032d8                cc2420_time_of_departure
                0x000032da                cc2420_time_of_arrival
                0x000032dc                cc2420_last_correlation
                0x000032de                cc2420_authority_level_of_sender
                0x000032e0                cc2420_sfd_counter
                0x000032e2                cc2420_sfd_end_time
 COMMON         0x000032e4        0x2 contiki-sky.a(msp430.o)
                0x000032e4                msp430_dco_required
 COMMON         0x000032e6       0x20 contiki-sky.a(elfloader.o)
                0x000032e6                elfloader_unknown
                0x00003304                elfloader_autostart_processes
 COMMON         0x00003306       0x56 contiki-sky.a(energest.o)
                0x00003306                energest_total_time
                0x00003336                energest_total_count
                0x00003338                energest_current_mode
                0x00003344                energest_current_time
 COMMON         0x0000335c        0x1 contiki-sky.a(process.o)
                0x0000335c                process_maxevents
 COMMON         0x0000335d        0x1 contiki-sky.a(serial-line.o)
                0x0000335d                serial_line_event_message
 COMMON         0x0000335e        0x2 contiki-sky.a(linkaddr.o)
                0x0000335e                linkaddr_node_addr
 COMMON         0x00003360       0x3c contiki-sky.a(packetbuf.o)
                0x00003360                packetbuf_addrs
                0x00003368                packetbuf_attrs
 COMMON         0x0000339c        0x8 contiki-sky.a(compower.o)
                0x0000339c                compower_idle_activity
                0x000033a4                . = ALIGN (0x2)
                0x000033a4                __bss_end = .
                0x000021a8                __bss_size = SIZEOF (.bss)

.noinit         0x000033a4        0x2 load address 0x0000eac8
                0x000033a4                . = ALIGN (0x2)
                0x000033a4                __noinit_start = .
 *(.noinit .noinit.*)
 .noinit.crt0   0x000033a4        0x2 /usr/local/msp430/bin/../lib/gcc/msp430/4.7.0/mmpy-16/libcrt0.a(__watchdog_support.o)
                0x000033a4                __wdt_clear_value
                0x000033a6                . = ALIGN (0x2)
                0x000033a6                __noinit_end = .
                0x000033a6                . = ALIGN (0x2)
                0x000033a6                _end = .

.infomem        0x00001000        0x0
                0x00001000                . = ALIGN (0x2)
 *(.infomem .infomem.*)

.infomemnobits  0x00001000        0x0
                0x00001000                . = ALIGN (0x2)
 *(.infomemnobits .infomemnobits.*)

.infoa          0x00001080        0x0
                0x00001080                . = ALIGN (0x2)
 *(.infoa .infoa.*)

.infob          0x00001000        0x0
                0x00001000                . = ALIGN (0x2)
 *(.infob .infob.*)

.infoc          0x00000000        0x0
                0x00000000                . = ALIGN (0x2)
 *(.infoc .infoc.*)

.infod          0x00000000        0x0
                0x00000000                . = ALIGN (0x2)
 *(.infod .infod.*)

.vectors        0x0000ffe0       0x20
                0x0000ffe0                __vectors_start = .
 *(.vectors*)
 .vectors       0x0000ffe0       0x20 /usr/local/msp430/bin/../lib/gcc/msp430/4.7.0/mmpy-16/crt0ivtbl16.o
                0x0000ffe0                __ivtbl_16
                0x00010000                _vectors_end = .

.fartext        0x00000000        0x0
                0x00000000                . = ALIGN (0x2)
 *(.fartext .fartext.*)

.far.text       0x00000000        0x0
                0x00000000                . = ALIGN (0x2)
 *(.far.text .far.text.*)

.far.rodata     0x00000000        0x0
                0x00000000                . = ALIGN (0x2)
 *(.far.rodata .far.rodata.*)
                0x00000000                . = ALIGN (0x2)
                0x00000000                _efartext = .

.far.data       0x00000000        0x0
                0x00000000                . = ALIGN (0x2)
                0x00000000                __far_data_start = .
 *(.far.data .far.data.*)
                0x00000000                . = ALIGN (0x2)
                0x00000000                _efardata = .
                0x00000000                __far_data_load_start = LOADADDR (.far.data)
                0x00000000                __far_data_size = SIZEOF (.far.data)

.far.bss        0x00000000        0x0
                0x00000000                . = ALIGN (0x2)
                0x00000000                __far_bss_start = .
 *(.far.bss .far.bss.*)
                0x00000000                . = ALIGN (0x2)
                0x00000000                __far_bss_end = .
                0x00000000                __far_bss_size = SIZEOF (.far.bss)
                0x00000000                . = ALIGN (0x2)
                0x00000000                _far_end = .

.profiler
 *(.profiler)

.stab           0x00000000    0x25038
 *(.stab)
 .stab          0x00000000     0x84a8 sdn-wise.co
 .stab          0x000084a8      0xe28 obj_sky/contiki-sky-main.o
                               0x17ac (size before relaxing)
 .stab          0x000092d0      0x294 contiki-sky.a(contiki-sky-pla)
                                0x5ac (size before relaxing)
 .stab          0x00009564      0x30c contiki-sky.a(battery-sensor.)
                                0x684 (size before relaxing)
 .stab          0x00009870      0x468 contiki-sky.a(button-sensor.o)
                                0x7d4 (size before relaxing)
 .stab          0x00009cd8      0x624 contiki-sky.a(ds2411.o)
                                0xb34 (size before relaxing)
 .stab          0x0000a2fc      0xb4c contiki-sky.a(xmem.o)
                                0xf00 (size before relaxing)
 .stab          0x0000ae48      0x2b8 contiki-sky.a(node-id.o)
                                0x4e0 (size before relaxing)
 .stab          0x0000b100      0x69c contiki-sky.a(sensors.o)
                                0xbb8 (size before relaxing)
 .stab          0x0000b79c     0x276c contiki-sky.a(cfs-coffee.o)
                               0x2ca0 (size before relaxing)
 .stab          0x0000df08     0x22b0 contiki-sky.a(cc2420.o)
                               0x2c70 (size before relaxing)
 .stab          0x000101b8      0x9cc contiki-sky.a(cc2420-arch.o)
                               0x13f8 (size before relaxing)
 .stab          0x00010b84      0x4ec contiki-sky.a(sky-sensors.o)
                                0x858 (size before relaxing)
 .stab          0x00011070      0x600 contiki-sky.a(uart1.o)
                                0x954 (size before relaxing)
 .stab          0x00011670      0x27c contiki-sky.a(uart1-putchar.o)
                                0x7bc (size before relaxing)
 .stab          0x000118ec      0x72c contiki-sky.a(msp430.o)
                                0xa80 (size before relaxing)
 .stab          0x00012018      0x930 contiki-sky.a(clock.o)
                                0xc84 (size before relaxing)
 .stab          0x00012948      0x5a0 contiki-sky.a(leds.o)
                                0x7ec (size before relaxing)
 .stab          0x00012ee8      0x378 contiki-sky.a(leds-arch.o)
                                0x6cc (size before relaxing)
 .stab          0x00013260      0x3cc contiki-sky.a(watchdog.o)
                                0x720 (size before relaxing)
 .stab          0x0001362c      0x3b4 contiki-sky.a(rtimer-arch.o)
                                0x708 (size before relaxing)
 .stab          0x000139e0      0xf00 contiki-sky.a(elfloader.o)
                               0x14b8 (size before relaxing)
 .stab          0x000148e0      0x3e4 contiki-sky.a(elfloader-msp43)
                                0x7bc (size before relaxing)
 .stab          0x00014cc4      0x3d8 contiki-sky.a(symtab.o)
                                0x594 (size before relaxing)
 .stab          0x0001509c      0x294 contiki-sky.a(autostart.o)
                                0x534 (size before relaxing)
 .stab          0x00015330      0x78c contiki-sky.a(ctimer.o)
                                0xaf8 (size before relaxing)
 .stab          0x00015abc      0x474 contiki-sky.a(energest.o)
                                0x6fc (size before relaxing)
 .stab          0x00015f30      0x9fc contiki-sky.a(etimer.o)
                                0xccc (size before relaxing)
 .stab          0x0001692c      0xb70 contiki-sky.a(process.o)
                               0x1008 (size before relaxing)
 .stab          0x0001749c      0x3cc contiki-sky.a(rtimer.o)
                                0x6b4 (size before relaxing)
 .stab          0x00017868      0x348 contiki-sky.a(timer.o)
                                0x588 (size before relaxing)
 .stab          0x00017bb0      0x51c contiki-sky.a(serial-line.o)
                                0xa38 (size before relaxing)
 .stab          0x000180cc      0x7bc contiki-sky.a(list.o)
                                0x7c8 (size before relaxing)
 .stab          0x00018888      0x21c contiki-sky.a(random.o)
                                0x618 (size before relaxing)
 .stab          0x00018aa4      0x3f0 contiki-sky.a(ringbuf.o)
                                0x630 (size before relaxing)
 .stab          0x00018e94      0x6cc contiki-sky.a(broadcast.o)
                               0x1500 (size before relaxing)
 .stab          0x00019560      0x654 contiki-sky.a(channel.o)
                               0x1278 (size before relaxing)
 .stab          0x00019bb4      0xcb4 contiki-sky.a(rime.o)
                               0x13f8 (size before relaxing)
 .stab          0x0001a868      0x618 contiki-sky.a(unicast.o)
                               0x1290 (size before relaxing)
 .stab          0x0001ae80      0xdec contiki-sky.a(csma.o)
                               0x159c (size before relaxing)
 .stab          0x0001bc6c      0x1f8 contiki-sky.a(mac.o)
                                0x4ec (size before relaxing)
 .stab          0x0001be64      0x2ac contiki-sky.a(linkaddr.o)
                                0x6a8 (size before relaxing)
 .stab          0x0001c110      0xd74 contiki-sky.a(packetbuf.o)
                               0x1bc0 (size before relaxing)
 .stab          0x0001ce84      0xa38 contiki-sky.a(queuebuf.o)
                               0x186c (size before relaxing)
 .stab          0x0001d8bc     0x17e8 contiki-sky.a(contikimac.o)
                               0x23f4 (size before relaxing)
 .stab          0x0001f0a4      0x6e4 contiki-sky.a(contikimac-fram)
                                0xf54 (size before relaxing)
 .stab          0x0001f788      0x69c contiki-sky.a(nullsec.o)
                                0xdc8 (size before relaxing)
 .stab          0x0001fe24      0x120 contiki-sky.a(symbols.o)
                                0x144 (size before relaxing)
 .stab          0x0001ff44      0x1f8 contiki-sky.a(spi.o)
                                0x420 (size before relaxing)
 .stab          0x0002013c      0x4ec contiki-sky.a(compower.o)
                                0xcf0 (size before relaxing)
 .stab          0x00020628      0x5c4 contiki-sky.a(memb.o)
                                0xaf8 (size before relaxing)
 .stab          0x00020bec      0x660 contiki-sky.a(abc.o)
                               0x1494 (size before relaxing)
 .stab          0x0002124c      0x6b4 contiki-sky.a(announcement.o)
                                0x954 (size before relaxing)
 .stab          0x00021900      0x948 contiki-sky.a(broadcast-annou)
                               0x15c0 (size before relaxing)
 .stab          0x00022248      0x588 contiki-sky.a(chameleon.o)
                               0x1230 (size before relaxing)
 .stab          0x000227d0      0x918 contiki-sky.a(framer-802154.o)
                                0xf54 (size before relaxing)
 .stab          0x000230e8      0x318 contiki-sky.a(framer.o)
                                0xc54 (size before relaxing)
 .stab          0x00023400      0x600 contiki-sky.a(mac-sequence.o)
                               0x144c (size before relaxing)
 .stab          0x00023a00      0xd44 contiki-sky.a(chameleon-bitop)
                               0x19bc (size before relaxing)
 .stab          0x00024744      0x8f4 contiki-sky.a(frame802154.o)
                               0x10c8 (size before relaxing)

.stabstr        0x00000000    0x19853
 *(.stabstr)
 .stabstr       0x00000000    0x19853 sdn-wise.co

.stab.excl
 *(.stab.excl)

.stab.exclstr
 *(.stab.exclstr)

.stab.index
 *(.stab.index)

.stab.indexstr
 *(.stab.indexstr)

.comment        0x00000000       0x30
 *(.comment)
 .comment       0x00000000       0x30 sdn-wise.co
                                 0x31 (size before relaxing)
 .comment       0x00000000       0x31 obj_sky/contiki-sky-main.o
 .comment       0x00000000       0x31 contiki-sky.a(contiki-sky-pla)
 .comment       0x00000000       0x31 contiki-sky.a(battery-sensor.)
 .comment       0x00000000       0x31 contiki-sky.a(button-sensor.o)
 .comment       0x00000000       0x31 contiki-sky.a(ds2411.o)
 .comment       0x00000000       0x31 contiki-sky.a(xmem.o)
 .comment       0x00000000       0x31 contiki-sky.a(node-id.o)
 .comment       0x00000000       0x31 contiki-sky.a(sensors.o)
 .comment       0x00000000       0x31 contiki-sky.a(cfs-coffee.o)
 .comment       0x00000000       0x31 contiki-sky.a(cc2420.o)
 .comment       0x00000000       0x31 contiki-sky.a(cc2420-arch.o)
 .comment       0x00000000       0x31 contiki-sky.a(sky-sensors.o)
 .comment       0x00000000       0x31 contiki-sky.a(uart1.o)
 .comment       0x00000000       0x31 contiki-sky.a(uart1-putchar.o)
 .comment       0x00000000       0x31 contiki-sky.a(msp430.o)
 .comment       0x00000000       0x31 contiki-sky.a(clock.o)
 .comment       0x00000000       0x31 contiki-sky.a(leds.o)
 .comment       0x00000000       0x31 contiki-sky.a(leds-arch.o)
 .comment       0x00000000       0x31 contiki-sky.a(watchdog.o)
 .comment       0x00000000       0x31 contiki-sky.a(rtimer-arch.o)
 .comment       0x00000000       0x31 contiki-sky.a(elfloader.o)
 .comment       0x00000000       0x31 contiki-sky.a(elfloader-msp43)
 .comment       0x00000000       0x31 contiki-sky.a(symtab.o)
 .comment       0x00000000       0x31 contiki-sky.a(autostart.o)
 .comment       0x00000000       0x31 contiki-sky.a(ctimer.o)
 .comment       0x00000000       0x31 contiki-sky.a(energest.o)
 .comment       0x00000000       0x31 contiki-sky.a(etimer.o)
 .comment       0x00000000       0x31 contiki-sky.a(process.o)
 .comment       0x00000000       0x31 contiki-sky.a(rtimer.o)
 .comment       0x00000000       0x31 contiki-sky.a(timer.o)
 .comment       0x00000000       0x31 contiki-sky.a(serial-line.o)
 .comment       0x00000000       0x31 contiki-sky.a(list.o)
 .comment       0x00000000       0x31 contiki-sky.a(random.o)
 .comment       0x00000000       0x31 contiki-sky.a(ringbuf.o)
 .comment       0x00000000       0x31 contiki-sky.a(broadcast.o)
 .comment       0x00000000       0x31 contiki-sky.a(channel.o)
 .comment       0x00000000       0x31 contiki-sky.a(rime.o)
 .comment       0x00000000       0x31 contiki-sky.a(unicast.o)
 .comment       0x00000000       0x31 contiki-sky.a(csma.o)
 .comment       0x00000000       0x31 contiki-sky.a(mac.o)
 .comment       0x00000000       0x31 contiki-sky.a(linkaddr.o)
 .comment       0x00000000       0x31 contiki-sky.a(packetbuf.o)
 .comment       0x00000000       0x31 contiki-sky.a(queuebuf.o)
 .comment       0x00000000       0x31 contiki-sky.a(contikimac.o)
 .comment       0x00000000       0x31 contiki-sky.a(contikimac-fram)
 .comment       0x00000000       0x31 contiki-sky.a(nullsec.o)
 .comment       0x00000000       0x31 contiki-sky.a(symbols.o)
 .comment       0x00000000       0x31 contiki-sky.a(spi.o)
 .comment       0x00000000       0x31 contiki-sky.a(compower.o)
 .comment       0x00000000       0x31 contiki-sky.a(memb.o)
 .comment       0x00000000       0x31 contiki-sky.a(abc.o)
 .comment       0x00000000       0x31 contiki-sky.a(announcement.o)
 .comment       0x00000000       0x31 contiki-sky.a(broadcast-annou)
 .comment       0x00000000       0x31 contiki-sky.a(chameleon.o)
 .comment       0x00000000       0x31 contiki-sky.a(framer-802154.o)
 .comment       0x00000000       0x31 contiki-sky.a(framer.o)
 .comment       0x00000000       0x31 contiki-sky.a(mac-sequence.o)
 .comment       0x00000000       0x31 contiki-sky.a(chameleon-bitop)
 .comment       0x00000000       0x31 contiki-sky.a(frame802154.o)
 .comment       0x00000000       0x31 /usr/local/msp430/bin/../lib/gcc/msp430/4.7.0/../../../../msp430/lib/mmpy-16/libc.a(malloc.o)
 .comment       0x00000000       0x31 /usr/local/msp430/bin/../lib/gcc/msp430/4.7.0/../../../../msp430/lib/mmpy-16/libc.a(printf.o)
 .comment       0x00000000       0x31 /usr/local/msp430/bin/../lib/gcc/msp430/4.7.0/../../../../msp430/lib/mmpy-16/libc.a(sprintf.o)
 .comment       0x00000000       0x31 /usr/local/msp430/bin/../lib/gcc/msp430/4.7.0/../../../../msp430/lib/mmpy-16/libc.a(vuprintf.o)
 .comment       0x00000000       0x31 /usr/local/msp430/bin/../lib/gcc/msp430/4.7.0/../../../../msp430/lib/mmpy-16/libc.a(puts.o)
 .comment       0x00000000       0x31 /usr/local/msp430/bin/../lib/gcc/msp430/4.7.0/../../../../msp430/lib/mmpy-16/libc.a(rand.o)
 .comment       0x00000000       0x31 /usr/local/msp430/bin/../lib/gcc/msp430/4.7.0/../../../../msp430/lib/mmpy-16/libc.a(strcmp.o)
 .comment       0x00000000       0x31 /usr/local/msp430/bin/../lib/gcc/msp430/4.7.0/../../../../msp430/lib/mmpy-16/libc.a(strncmp.o)
 .comment       0x00000000       0x31 /usr/local/msp430/bin/../lib/gcc/msp430/4.7.0/../../../../msp430/lib/mmpy-16/libc.a(memcmp.o)
 .comment       0x00000000       0x31 /usr/local/msp430/bin/../lib/gcc/msp430/4.7.0/../../../../msp430/lib/mmpy-16/libc.a(strncpy.o)
 .comment       0x00000000       0x31 /usr/local/msp430/bin/../lib/gcc/msp430/4.7.0/../../../../msp430/lib/mmpy-16/libc.a(memcpy.o)
 .comment       0x00000000       0x31 /usr/local/msp430/bin/../lib/gcc/msp430/4.7.0/../../../../msp430/lib/mmpy-16/libc.a(memset.o)

.debug
 *(.debug)

.line
 *(.line)

.debug_srcinfo
 *(.debug_srcinfo)

.debug_sfnames
 *(.debug_sfnames)

.debug_aranges  0x00000000      0x21c
 *(.debug_aranges)
 .debug_aranges
                0x00000000       0x14 /usr/local/msp430/bin/../lib/gcc/msp430/4.7.0/mmpy-16/crt0ivtbl16.o
 .debug_aranges
                0x00000014       0x14 /usr/local/msp430/bin/../lib/gcc/msp430/4.7.0/mmpy-16/libgcc.a(_mulsi3.o)
 .debug_aranges
                0x00000028       0x14 /usr/local/msp430/bin/../lib/gcc/msp430/4.7.0/mmpy-16/libgcc.a(_udivmod16.o)
 .debug_aranges
                0x0000003c       0x14 /usr/local/msp430/bin/../lib/gcc/msp430/4.7.0/mmpy-16/libgcc.a(_divmod16.o)
 .debug_aranges
                0x00000050       0x14 /usr/local/msp430/bin/../lib/gcc/msp430/4.7.0/mmpy-16/libgcc.a(_udivmod32.o)
 .debug_aranges
                0x00000064       0x14 /usr/local/msp430/bin/../lib/gcc/msp430/4.7.0/mmpy-16/libgcc.a(_divmod32.o)
 .debug_aranges
                0x00000078       0x18 /usr/local/msp430/bin/../lib/gcc/msp430/4.7.0/../../../../msp430/lib/mmpy-16/libc.a(malloc.o)
 .debug_aranges
                0x00000090       0x18 /usr/local/msp430/bin/../lib/gcc/msp430/4.7.0/../../../../msp430/lib/mmpy-16/libc.a(printf.o)
 .debug_aranges
                0x000000a8       0x28 /usr/local/msp430/bin/../lib/gcc/msp430/4.7.0/../../../../msp430/lib/mmpy-16/libc.a(sprintf.o)
 .debug_aranges
                0x000000d0       0x18 /usr/local/msp430/bin/../lib/gcc/msp430/4.7.0/../../../../msp430/lib/mmpy-16/libc.a(vuprintf.o)
 .debug_aranges
                0x000000e8       0x14 /usr/local/msp430/bin/../lib/gcc/msp430/4.7.0/../../../../msp430/lib/mmpy-16/libc.a(puts.o)
 .debug_aranges
                0x000000fc       0x1c /usr/local/msp430/bin/../lib/gcc/msp430/4.7.0/../../../../msp430/lib/mmpy-16/libc.a(rand.o)
 .debug_aranges
                0x00000118       0x14 /usr/local/msp430/bin/../lib/gcc/msp430/4.7.0/../../../../msp430/lib/mmpy-16/libc.a(strcmp.o)
 .debug_aranges
                0x0000012c       0x14 /usr/local/msp430/bin/../lib/gcc/msp430/4.7.0/../../../../msp430/lib/mmpy-16/libc.a(strncmp.o)
 .debug_aranges
                0x00000140       0x14 /usr/local/msp430/bin/../lib/gcc/msp430/4.7.0/../../../../msp430/lib/mmpy-16/libc.a(memcmp.o)
 .debug_aranges
                0x00000154       0x14 /usr/local/msp430/bin/../lib/gcc/msp430/4.7.0/../../../../msp430/lib/mmpy-16/libc.a(strncpy.o)
 .debug_aranges
                0x00000168       0x14 /usr/local/msp430/bin/../lib/gcc/msp430/4.7.0/../../../../msp430/lib/mmpy-16/libc.a(memcpy.o)
 .debug_aranges
                0x0000017c       0x14 /usr/local/msp430/bin/../lib/gcc/msp430/4.7.0/../../../../msp430/lib/mmpy-16/libc.a(memset.o)
 .debug_aranges