Archive member included because of file (symbol)

contiki-sky.a(contiki-sky-pla)
                              obj_sky/contiki-sky-main.o (init_platform)
contiki-sky.a(battery-sensor.)
                              sdn-wise.co (battery_sensor)
contiki-sky.a(button-sensor.o)
                              contiki-sky.a(contiki-sky-pla) (button_sensor)
contiki-sky.a(ds2411.o)       obj_sky/contiki-sky-main.o (ds2411_init)
contiki-sky.a(xmem.o)         obj_sky/contiki-sky-main.o (xmem_init)
contiki-sky.a(node-id.o)      obj_sky/contiki-sky-main.o (node_id_restore)
contiki-sky.a(sensors.o)      contiki-sky.a(button-sensor.o) (sensors_changed)
contiki-sky.a(cfs-coffee.o)   sdn-wise.co (cfs_open)
contiki-sky.a(cc2420.o)       obj_sky/contiki-sky-main.o (cc2420_set_pan_addr)
contiki-sky.a(cc2420-arch.o)  contiki-sky.a(cc2420.o) (cc2420_arch_init)
contiki-sky.a(sky-sensors.o)  contiki-sky.a(battery-sensor.) (sky_sensors_status)
contiki-sky.a(uart1.o)        obj_sky/contiki-sky-main.o (uart1_active)
contiki-sky.a(uart1-putchar.o)
                              sdn-wise.co (putchar)
contiki-sky.a(msp430.o)       contiki-sky.a(uart1.o) (msp430_add_lpm_req)
contiki-sky.a(clock.o)        obj_sky/contiki-sky-main.o (clock_init)
contiki-sky.a(leds.o)         obj_sky/contiki-sky-main.o (leds_init)
contiki-sky.a(leds-arch.o)    contiki-sky.a(leds.o) (leds_arch_init)
contiki-sky.a(watchdog.o)     obj_sky/contiki-sky-main.o (watchdog_start)
contiki-sky.a(rtimer-arch.o)  obj_sky/contiki-sky-main.o (rtimer_arch_now)
contiki-sky.a(elfloader.o)    sdn-wise.co (elfloader_unknown)
contiki-sky.a(elfloader-msp43)
                              contiki-sky.a(elfloader.o) (elfloader_arch_allocate_ram)
contiki-sky.a(symtab.o)       contiki-sky.a(elfloader.o) (symtab_lookup)
contiki-sky.a(autostart.o)    sdn-wise.co (autostart_start)
contiki-sky.a(ctimer.o)       obj_sky/contiki-sky-main.o (ctimer_init)
contiki-sky.a(energest.o)     obj_sky/contiki-sky-main.o (energest_init)
contiki-sky.a(etimer.o)       contiki-sky.a(clock.o) (etimer_request_poll)
contiki-sky.a(process.o)      sdn-wise.co (process_current)
contiki-sky.a(rtimer.o)       obj_sky/contiki-sky-main.o (rtimer_init)
contiki-sky.a(timer.o)        obj_sky/contiki-sky-main.o (timer_set)
contiki-sky.a(serial-line.o)  obj_sky/contiki-sky-main.o (serial_line_input_byte)
contiki-sky.a(list.o)         contiki-sky.a(ctimer.o) (list_init)
contiki-sky.a(random.o)       obj_sky/contiki-sky-main.o (random_init)
contiki-sky.a(ringbuf.o)      contiki-sky.a(serial-line.o) (ringbuf_init)
contiki-sky.a(broadcast.o)    sdn-wise.co (broadcast_open)
contiki-sky.a(channel.o)      contiki-sky.a(broadcast.o) (channel_set_attributes)
contiki-sky.a(rime.o)         obj_sky/contiki-sky-main.o (rime_driver)
contiki-sky.a(unicast.o)      sdn-wise.co (unicast_open)
contiki-sky.a(csma.o)         obj_sky/contiki-sky-main.o (csma_driver)
contiki-sky.a(mac.o)          contiki-sky.a(csma.o) (mac_call_sent_callback)
contiki-sky.a(linkaddr.o)     obj_sky/contiki-sky-main.o (linkaddr_copy)
contiki-sky.a(packetbuf.o)    contiki-sky.a(rime.o) (packetbuf_compact)
contiki-sky.a(queuebuf.o)     contiki-sky.a(rime.o) (queuebuf_init)
contiki-sky.a(contikimac.o)   obj_sky/contiki-sky-main.o (contikimac_driver)
contiki-sky.a(contikimac-fram)
                              contiki-sky.a(contikimac.o) (contikimac_framer)
contiki-sky.a(nullsec.o)      obj_sky/contiki-sky-main.o (nullsec_driver)
contiki-sky.a(symbols.o)      contiki-sky.a(symtab.o) (symbols)
contiki-sky.a(spi.o)          contiki-sky.a(xmem.o) (spi_init)
contiki-sky.a(compower.o)     contiki-sky.a(contikimac.o) (compower_idle_activity)
contiki-sky.a(memb.o)         contiki-sky.a(csma.o) (memb_init)
contiki-sky.a(abc.o)          contiki-sky.a(broadcast.o) (abc_open)
contiki-sky.a(announcement.o)
                              contiki-sky.a(rime.o) (announcement_init)
contiki-sky.a(broadcast-annou)
                              contiki-sky.a(rime.o) (broadcast_announcement_init)
contiki-sky.a(chameleon.o)    contiki-sky.a(rime.o) (chameleon_init)
contiki-sky.a(framer-802154.o)
                              contiki-sky.a(contikimac-fram) (framer_802154)
contiki-sky.a(mac-sequence.o)
                              contiki-sky.a(contikimac.o) (mac_sequence_is_duplicate)
contiki-sky.a(chameleon-bitop)
                              contiki-sky.a(chameleon.o) (chameleon_bitopt)
contiki-sky.a(frame802154.o)  contiki-sky.a(framer-802154.o) (frame802154_get_pan_id)
/usr/local/msp430/bin/../lib/gcc/msp430/4.7.0/mmpy-16/libgcc.a(_mulsi3.o)
                              contiki-sky.a(cfs-coffee.o) (__mulsi3)
/usr/local/msp430/bin/../lib/gcc/msp430/4.7.0/mmpy-16/libgcc.a(_udivmod16.o)
                              contiki-sky.a(cfs-coffee.o) (__udivhi3)
/usr/local/msp430/bin/../lib/gcc/msp430/4.7.0/mmpy-16/libgcc.a(_divmod16.o)
                              sdn-wise.co (__divhi3)
/usr/local/msp430/bin/../lib/gcc/msp430/4.7.0/mmpy-16/libgcc.a(_udivmod32.o)
[...]
Memory Configuration

Name             Origin             Length             Attributes
sfr              0x00000000         0x00000010
peripheral_8bit  0x00000010         0x000000f0
peripheral_16bit 0x00000100         0x00000100
ram_mirror       0x00000200         0x00000800         xw
infomem          0x00001000         0x00000100
infob            0x00001000         0x00000080
infoa            0x00001080         0x00000080
ram              0x00001100         0x00002800         xw
rom              0x00004000         0x0000bfe0         xr
vectors          0x0000ffe0         0x00000020
bsl              0x00000000         0x00000000
infoc            0x00000000         0x00000000
infod            0x00000000         0x00000000
ram2             0x00000000         0x00000000         xw
usbram           0x00000000         0x00000000         xw
far_rom          0x00000000         0x00000000
*default*        0x00000000         0xffffffff

Linker script and memory map

LOAD /usr/local/msp430/bin/../lib/gcc/msp430/4.7.0/mmpy-16/crt0ivtbl16.o
LOAD sdn-wise.co
LOAD obj_sky/contiki-sky-main.o
LOAD contiki-sky.a
LOAD /usr/local/msp430/bin/../lib/gcc/msp430/4.7.0/mmpy-16/libgcc.a
LOAD /usr/local/msp430/bin/../lib/gcc/msp430/4.7.0/../../../../msp430/lib/mmpy-16/libc.a
LOAD /usr/local/msp430/bin/../lib/gcc/msp430/4.7.0/mmpy-16/libgcc.a
LOAD /usr/local/msp430/bin/../lib/gcc/msp430/4.7.0/mmpy-16/libcrt0.a
                0x00000080                PROVIDE (__info_segment_size, 0x80)
                0x00001000                PROVIDE (__infob, 0x1000)
                0x00001080                PROVIDE (__infoa, 0x1080)
                0x00000000                __IE1 = 0x0
                0x00000002                __IFG1 = 0x2
                0x00000004                __ME1 = 0x4
                0x00000001                __IE2 = 0x1
                0x00000003                __IFG2 = 0x3
                0x00000005                __ME2 = 0x5
                0x00000120                __WDTCTL = 0x120
                0x00000130                __MPY = 0x130
                0x00000132                __MPYS = 0x132
                0x00000134                __MAC = 0x134
                0x00000136                __MACS = 0x136
                0x00000138                __OP2 = 0x138
                0x0000013a                __RESLO = 0x13a
                0x0000013c                __RESHI = 0x13c
                0x0000013e                __SUMEXT = 0x13e
                0x00000020                __P1IN = 0x20
                0x00000021                __P1OUT = 0x21
                0x00000022                __P1DIR = 0x22
                0x00000023                __P1IFG = 0x23
                0x00000024                __P1IES = 0x24
                0x00000025                __P1IE = 0x25
                0x00000026                __P1SEL = 0x26
                0x00000028                __P2IN = 0x28
                0x00000029                __P2OUT = 0x29
                0x0000002a                __P2DIR = 0x2a
                0x0000002b                __P2IFG = 0x2b
                0x0000002c                __P2IES = 0x2c
                0x0000002d                __P2IE = 0x2d
                0x0000002e                __P2SEL = 0x2e
                0x00000018                __P3IN = 0x18
                0x00000019                __P3OUT = 0x19
                0x0000001a                __P3DIR = 0x1a
                0x0000001b                __P3SEL = 0x1b
                0x0000001c                __P4IN = 0x1c
                0x0000001d                __P4OUT = 0x1d
                0x0000001e                __P4DIR = 0x1e
                0x0000001f                __P4SEL = 0x1f
                0x00000030                __P5IN = 0x30
                0x00000031                __P5OUT = 0x31
                0x00000032                __P5DIR = 0x32
                0x00000033                __P5SEL = 0x33
                0x00000034                __P6IN = 0x34
                0x00000035                __P6OUT = 0x35
                0x00000036                __P6DIR = 0x36
                0x00000037                __P6SEL = 0x37
                0x00000070                __U0CTL = 0x70
                0x00000071                __U0TCTL = 0x71
                0x00000072                __U0RCTL = 0x72
                0x00000073                __U0MCTL = 0x73
                0x00000074                __U0BR0 = 0x74
                0x00000075                __U0BR1 = 0x75
                0x00000076                __U0RXBUF = 0x76
                0x00000077                __U0TXBUF = 0x77
                0x00000078                __U1CTL = 0x78
                0x00000079                __U1TCTL = 0x79
                0x0000007a                __U1RCTL = 0x7a
                0x0000007b                __U1MCTL = 0x7b
                0x0000007c                __U1BR0 = 0x7c
                0x0000007d                __U1BR1 = 0x7d
                0x0000007e                __U1RXBUF = 0x7e
                0x0000007f                __U1TXBUF = 0x7f
                0x00000050                __I2CIE = 0x50
                0x00000051                __I2CIFG = 0x51
                0x00000052                __I2CNDAT = 0x52
                0x00000071                __I2CTCTL = 0x71
                0x00000072                __I2CDCTL = 0x72
                0x00000073                __I2CPSC = 0x73
                0x00000074                __I2CSCLH = 0x74
                0x00000075                __I2CSCLL = 0x75
                0x00000076                __I2CDRB = 0x76
                0x00000076                __I2CDRW = 0x76
                0x00000118                __I2COA = 0x118
                0x0000011a                __I2CSA = 0x11a
                0x0000011c                __I2CIV = 0x11c
                0x0000012e                __TAIV = 0x12e
                0x00000160                __TACTL = 0x160
                0x00000162                __TACCTL0 = 0x162
                0x00000164                __TACCTL1 = 0x164
                0x00000166                __TACCTL2 = 0x166
                0x00000170                __TAR = 0x170
                0x00000172                __TACCR0 = 0x172
                0x00000174                __TACCR1 = 0x174
                0x00000176                __TACCR2 = 0x176
                0x0000011e                __TBIV = 0x11e
                0x00000180                __TBCTL = 0x180
                0x00000182                __TBCCTL0 = 0x182
                0x00000184                __TBCCTL1 = 0x184
                0x00000186                __TBCCTL2 = 0x186
                0x00000188                __TBCCTL3 = 0x188
                0x0000018a                __TBCCTL4 = 0x18a
                0x0000018c                __TBCCTL5 = 0x18c
                0x0000018e                __TBCCTL6 = 0x18e
                0x00000190                __TBR = 0x190
                0x00000192                __TBCCR0 = 0x192
                0x00000194                __TBCCR1 = 0x194
                0x00000196                __TBCCR2 = 0x196
                0x00000198                __TBCCR3 = 0x198
                0x0000019a                __TBCCR4 = 0x19a
                0x0000019c                __TBCCR5 = 0x19c
                0x0000019e                __TBCCR6 = 0x19e
                0x00000056                __DCOCTL = 0x56
                0x00000057                __BCSCTL1 = 0x57
                0x00000058                __BCSCTL2 = 0x58
                0x00000055                __SVSCTL = 0x55
                0x00000128                __FCTL1 = 0x128
                0x0000012a                __FCTL2 = 0x12a
                0x0000012c                __FCTL3 = 0x12c
                0x00000059                __CACTL1 = 0x59
                0x0000005a                __CACTL2 = 0x5a
                0x0000005b                __CAPD = 0x5b
                0x000001a0                __ADC12CTL0 = 0x1a0
                0x000001a2                __ADC12CTL1 = 0x1a2
                0x000001a4                __ADC12IFG = 0x1a4
                0x000001a6                __ADC12IE = 0x1a6
                0x000001a8                __ADC12IV = 0x1a8
                0x00000140                __ADC12MEM0 = 0x140
                0x00000142                __ADC12MEM1 = 0x142
                0x00000144                __ADC12MEM2 = 0x144
                0x00000146                __ADC12MEM3 = 0x146
                0x00000148                __ADC12MEM4 = 0x148
                0x0000014a                __ADC12MEM5 = 0x14a
                0x0000014c                __ADC12MEM6 = 0x14c
                0x0000014e                __ADC12MEM7 = 0x14e
                0x00000150                __ADC12MEM8 = 0x150
                0x00000152                __ADC12MEM9 = 0x152
                0x00000154                __ADC12MEM10 = 0x154
                0x00000156                __ADC12MEM11 = 0x156
                0x00000158                __ADC12MEM12 = 0x158
                0x0000015a                __ADC12MEM13 = 0x15a
                0x0000015c                __ADC12MEM14 = 0x15c
                0x0000015e                __ADC12MEM15 = 0x15e
                0x00000080                __ADC12MCTL0 = 0x80
                0x00000081                __ADC12MCTL1 = 0x81
                0x00000082                __ADC12MCTL2 = 0x82
                0x00000083                __ADC12MCTL3 = 0x83
                0x00000084                __ADC12MCTL4 = 0x84
                0x00000085                __ADC12MCTL5 = 0x85
                0x00000086                __ADC12MCTL6 = 0x86
                0x00000087                __ADC12MCTL7 = 0x87
                0x00000088                __ADC12MCTL8 = 0x88
                0x00000089                __ADC12MCTL9 = 0x89
                0x0000008a                __ADC12MCTL10 = 0x8a
                0x0000008b                __ADC12MCTL11 = 0x8b
                0x0000008c                __ADC12MCTL12 = 0x8c
                0x0000008d                __ADC12MCTL13 = 0x8d
                0x0000008e                __ADC12MCTL14 = 0x8e
                0x0000008f                __ADC12MCTL15 = 0x8f
                0x000001c0                __DAC12_0CTL = 0x1c0
                0x000001c2                __DAC12_1CTL = 0x1c2
                0x000001c8                __DAC12_0DAT = 0x1c8
                0x000001ca                __DAC12_1DAT = 0x1ca
                0x00000122                __DMACTL0 = 0x122
                0x00000124                __DMACTL1 = 0x124
                0x000001e0                __DMA0CTL = 0x1e0
                0x000001e8                __DMA1CTL = 0x1e8
                0x000001f0                __DMA2CTL = 0x1f0
                0x000001e2                __DMA0SA = 0x1e2
                0x000001e4                __DMA0DA = 0x1e4
                0x000001e6                __DMA0SZ = 0x1e6
                0x000001ea                __DMA1SA = 0x1ea
                0x000001ec                __DMA1DA = 0x1ec
                0x000001ee                __DMA1SZ = 0x1ee
                0x000001f2                __DMA2SA = 0x1f2
                0x000001f4                __DMA2DA = 0x1f4
                0x000001f6                __DMA2SZ = 0x1f6

.hash
 *(.hash)

.dynsym
 *(.dynsym)

.dynstr
 *(.dynstr)

.gnu.version
 *(.gnu.version)

.gnu.version_d
 *(.gnu.version_d)

.gnu.version_r
 *(.gnu.version_r)

.rel.init
 *(.rel.init)

.rela.init
 *(.rela.init)

.rel.fini
 *(.rel.fini)

.rela.fini
 *(.rela.fini)

.rel.text
 *(.rel.text .rel.text.* .rel.gnu.linkonce.t.*)

.rela.text
 *(.rela.text .rela.text.* .rela.gnu.linkonce.t.*)

.rel.rodata
 *(.rel.rodata .rel.rodata.* .rel.gnu.linkonce.r.*)

.rela.rodata
 *(.rela.rodata .rela.rodata.* .rela.gnu.linkonce.r.*)

.rel.data
 *(.rel.data .rel.data.* .rel.gnu.linkonce.d.*)

.rela.data
 *(.rela.data .rela.data.* .rela.gnu.linkonce.d.*)

.rel.bss
 *(.rel.bss .rel.bss.* .rel.gnu.linkonce.b.*)

.rela.bss
 *(.rela.bss .rela.bss.* .rela.gnu.linkonce.b.*)

.rel.ctors
 *(.rel.ctors)

.rela.ctors
 *(.rela.ctors)

.rel.dtors
 *(.rel.dtors)

.rela.dtors
 *(.rela.dtors)

.rel.got
 *(.rel.got)

.rela.got
 *(.rela.got)

.rel.plt
 *(.rel.plt)

.rela.plt
 *(.rela.plt)

.text           0x00004000     0x968c
                0x00004000                . = ALIGN (0x2)
 *(.init .init.*)
 *(.init0)
 .init0         0x00004000        0x0 /usr/local/msp430/bin/../lib/gcc/msp430/4.7.0/mmpy-16/libcrt0.a(_reset_vector__.o)
                0x00004000                _reset_vector__
 *(.init1)
 .init1         0x00004000        0xc /usr/local/msp430/bin/../lib/gcc/msp430/4.7.0/mmpy-16/libcrt0.a(__watchdog_support.o)
                0x00004000                __watchdog_support
 *(.init2)
 .init2         0x0000400c        0x4 /usr/local/msp430/bin/../lib/gcc/msp430/4.7.0/mmpy-16/libcrt0.a(__init_stack.o)
                0x0000400c                __init_stack
 *(.init3)
 .init3         0x00004010        0x0 /usr/local/msp430/bin/../lib/gcc/msp430/4.7.0/mmpy-16/libcrt0.a(__low_level_init.o)
                0x00004010                __low_level_init
 *(.init4)
 .init4         0x00004010       0x18 /usr/local/msp430/bin/../lib/gcc/msp430/4.7.0/mmpy-16/libcrt0.a(_copy_data.o)
                0x00004010                __do_copy_data
 .init4         0x00004028       0x16 /usr/local/msp430/bin/../lib/gcc/msp430/4.7.0/mmpy-16/libcrt0.a(_clear_bss.o)
                0x00004028                __do_clear_bss
 *(.init5)
 *(.init6)
 *(.init7)
 *(.init8)
 *(.init9)
 .init9         0x0000403e      0x2d8 obj_sky/contiki-sky-main.o
                0x0000403e                main
 *(.fini9)
 .fini9         0x00004316        0x0 /usr/local/msp430/bin/../lib/gcc/msp430/4.7.0/mmpy-16/libcrt0.a(__stop_progExec__.o)
                0x00004316                __stop_progExec__
 *(.fini8)
 *(.fini7)
 *(.fini6)
 *(.fini5)
 *(.fini4)
 *(.fini3)
 *(.fini2)
 *(.fini1)
 *(.fini0)
 .fini0         0x00004316        0x6 /usr/local/msp430/bin/../lib/gcc/msp430/4.7.0/mmpy-16/libcrt0.a(_endless_loop__.o)
                0x00004316                _endless_loop__
 *(.fini .fini.*)
                0x0000431c                . = ALIGN (0x2)
                0x0000431c                __ctors_start = .
 *(.ctors)
                0x0000431c                __ctors_end = .
                0x0000431c                __dtors_start = .
 *(.dtors)
                0x0000431c                __dtors_end = .
                0x0000431c                . = ALIGN (0x2)
 *(.text .text.* .gnu.linkonce.t.*)
 .text          0x0000431c        0x4 /usr/local/msp430/bin/../lib/gcc/msp430/4.7.0/mmpy-16/crt0ivtbl16.o
                0x0000431c                __isr_14
                0x0000431c                __isr_11
                0x0000431c                __isr_2
                0x0000431c                __isr_7
                0x0000431c                __isr_0
                0x0000431c                __isr_8
                0x0000431c                __isr_3
                0x0000431c                __isr_12
                0x0000431c                __isr_13
                0x0000431c                __isr_9
 .text.process_thread_prova
                0x00004320       0x4a sdn-wise.co
 .text.process_thread_forwarding_update_table
                0x0000436a       0x8e sdn-wise.co
 .text.process_thread_forwarding_to_controller
                0x000043f8       0x58 sdn-wise.co
 .text.printArray
                0x00004450       0x36 sdn-wise.co
                0x00004450                printArray
 .text.process_thread_low_layer_forward_up
                0x00004486       0x58 sdn-wise.co
 .text.split    0x000044de       0x30 sdn-wise.co
                0x000044de                split
 .text.arrayCmp
                0x0000450e       0x34 sdn-wise.co
                0x0000450e                arrayCmp
 .text.addressCmp
                0x00004542       0x2a sdn-wise.co
                0x00004542                addressCmp
 .text.process_thread_low_layer_process
                0x0000456c       0xda sdn-wise.co
 .text.array2header
                0x00004646       0x3c sdn-wise.co
                0x00004646                array2header
 .text.printHeader
                0x00004682       0x5a sdn-wise.co
                0x00004682                printHeader
 .text.conf_init
                0x000046dc       0x2e sdn-wise.co
                0x000046dc                conf_init
 .text.new_function_root
                0x0000470a       0x32 sdn-wise.co
                0x0000470a                new_function_root
 .text.function_root_search_by_position
                0x0000473c       0x3e sdn-wise.co
                0x0000473c                function_root_search_by_position
 .text.function_root_add_element
                0x0000477a       0xae sdn-wise.co
                0x0000477a                function_root_add_element
 .text.function_root_remove_all
                0x00004828       0x72 sdn-wise.co
                0x00004828                function_root_remove_all
 .text.function_root_compose_packet
                0x0000489a       0xee sdn-wise.co
                0x0000489a                function_root_compose_packet
 .text.function_list_root_init
                0x00004988       0x14 sdn-wise.co
                0x00004988                function_list_root_init
 .text.function_list_root_search_by_id
                0x0000499c       0x32 sdn-wise.co
                0x0000499c                function_list_root_search_by_id
 .text.function_list_root_new_element
                0x000049ce       0x5e sdn-wise.co
                0x000049ce                function_list_root_new_element
 .text.function_list_root_remove_element_by_id
                0x00004a2c       0x64 sdn-wise.co
                0x00004a2c                function_list_root_remove_element_by_id
 .text.neighbor_table_add
                0x00004a90       0x48 sdn-wise.co
                0x00004a90                neighbor_table_add
 .text.neighbor_table_remove
                0x00004ad8       0x92 sdn-wise.co
                0x00004ad8                neighbor_table_remove
 .text.neighbor_table_remove_all
                0x00004b6a       0x30 sdn-wise.co
                0x00004b6a                neighbor_table_remove_all
 .text.find_element_by_address
                0x00004b9a       0x3e sdn-wise.co
                0x00004b9a                find_element_by_address
 .text.find_best_neighbor
                0x00004bd8       0x92 sdn-wise.co
                0x00004bd8                find_best_neighbor
 .text.neighbor2sink_init
                0x00004c6a       0x1a sdn-wise.co
                0x00004c6a                neighbor2sink_init
 .text.table_init
                0x00004c84       0x18 sdn-wise.co
                0x00004c84                table_init
 .text.array2ruleWindow
                0x00004c9c       0x18 sdn-wise.co
                0x00004c9c                array2ruleWindow
 .text.array2ruleAction
                0x00004cb4       0x18 sdn-wise.co
                0x00004cb4                array2ruleAction
 .text.rule2array
                0x00004ccc       0x88 sdn-wise.co
                0x00004ccc                rule2array
 .text.array2rule
                0x00004d54       0x8a sdn-wise.co
                0x00004d54                array2rule
 .text.ruleCmp  0x00004dde       0xc6 sdn-wise.co
                0x00004dde                ruleCmp
 .text.functions_root_search_by_id
                0x00004ea4       0x2e sdn-wise.co
                0x00004ea4                functions_root_search_by_id
 .text.functions_root_add
                0x00004ed2       0x3e sdn-wise.co
                0x00004ed2                functions_root_add
 .text.flow_table_add
                0x00004f10       0xba sdn-wise.co
                0x00004f10                flow_table_add
 .text.process_thread_forwarding_incoming_response_packet
                0x00004fca       0xba sdn-wise.co
 .text.flow_table_remove
                0x00005084       0xa6 sdn-wise.co
                0x00005084                flow_table_remove
 .text.checkWindow
                0x0000512a       0xde sdn-wise.co
                0x0000512a                checkWindow
 .text.flow_table_new_default_rule
                0x00005208       0x4e sdn-wise.co
                0x00005208                flow_table_new_default_rule
 .text.flow_table_init
                0x00005256       0x6e sdn-wise.co
                0x00005256                flow_table_init
 .text.update_rule2sink
                0x000052c4       0x2e sdn-wise.co
                0x000052c4                update_rule2sink
 .text.process_thread_td_incoming_beacon_packet
                0x000052f2      0x192 sdn-wise.co
 .text.forwarding2controller
                0x00005484       0x10 sdn-wise.co
                0x00005484                forwarding2controller
 .text.send_packet
                0x00005494       0x78 sdn-wise.co
                0x00005494                send_packet
 .text.process_thread_td_send_report_packet
                0x0000550c      0x1ee sdn-wise.co
 .text.process_thread_td_send_beacon_packet
                0x000056fa       0xda sdn-wise.co
 .text.send_packet2
                0x000057d4       0x10 sdn-wise.co
                0x000057d4                send_packet2
 .text.process_thread_forwarding_packet_to_sink
                0x000057e4       0xa4 sdn-wise.co
 .text.process_thread_low_layer_analyzer
                0x00005888      0x17a sdn-wise.co
 .text.forward_up
                0x00005a02       0x10 sdn-wise.co
                0x00005a02                forward_up
 .text.runAction
                0x00005a12       0x9e sdn-wise.co
                0x00005a12                runAction
 .text.process_thread_forwarding_data_packet
                0x00005ab0      0x152 sdn-wise.co
 .text.accepted_table_add
                0x00005c02       0x38 sdn-wise.co
                0x00005c02                accepted_table_add
 .text.accepted_table_search
                0x00005c3a       0x38 sdn-wise.co
                0x00005c3a                accepted_table_search
 .text.recv_packet.isra.1
                0x00005c72      0x55c sdn-wise.co
 .text.broadcast_recv_packet
                0x000061ce       0x2c sdn-wise.co
 .text.unicast_recv_packet
                0x000061fa       0x2c sdn-wise.co
 .text.accepted_table_remove
                0x00006226       0x70 sdn-wise.co
                0x00006226                accepted_table_remove
 .text.process_thread_config_incoming_packet
                0x00006296      0x602 sdn-wise.co
 .text.accepted_table_init
                0x00006898       0x36 sdn-wise.co
                0x00006898                accepted_table_init
 .text.input_stream_push
                0x000068ce       0x40 sdn-wise.co
                0x000068ce                input_stream_push
 .text.uart_rx_callback
                0x0000690e        0xc sdn-wise.co
 .text.input_stream_pop
                0x0000691a       0x3a sdn-wise.co
                0x0000691a                input_stream_pop
 .text.process_thread_test_serial
                0x00006954       0xfa sdn-wise.co
 .text.input_stream_init
                0x00006a4e       0x2a sdn-wise.co
                0x00006a4e                input_stream_init
 .text.process_thread_init_process
                0x00006a78       0x32 sdn-wise.co
 .text.init_platform
                0x00006aaa        0xc contiki-sky.a(contiki-sky-pla)
                0x00006aaa                init_platform
 .text.value    0x00006ab6        0x6 contiki-sky.a(battery-sensor.)
 .text.status   0x00006abc        0xc contiki-sky.a(battery-sensor.)
 .text.configure
                0x00006ac8       0x12 contiki-sky.a(battery-sensor.)
 .text.status   0x00006ada       0x18 contiki-sky.a(button-sensor.o)
 .text.value    0x00006af2       0x20 contiki-sky.a(button-sensor.o)
 .text.configure
                0x00006b12       0x4c contiki-sky.a(button-sensor.o)
 .text.irq_p2   0x00006b5e       0x88 contiki-sky.a(button-sensor.o)
                0x00006b5e                irq_p2
                0x00006b5e                __isr_1
 .text.owreadb  0x00006be6       0x50 contiki-sky.a(ds2411.o)
 .text.ds2411_init
                0x00006c36      0x120 contiki-sky.a(ds2411.o)
                0x00006c36                ds2411_init
 .text.write_enable
                0x00006d56       0x28 contiki-sky.a(xmem.o)
 .text.wait_ready
                0x00006d7e       0x4a contiki-sky.a(xmem.o)
 .text.xmem_init
                0x00006dc8       0x3c contiki-sky.a(xmem.o)
                0x00006dc8                xmem_init
 .text.xmem_pread
                0x00006e04       0xe0 contiki-sky.a(xmem.o)
                0x00006e04                xmem_pread
 .text.xmem_pwrite
                0x00006ee4      0x13a contiki-sky.a(xmem.o)
                0x00006ee4                xmem_pwrite
 .text.xmem_erase
                0x0000701e       0xba contiki-sky.a(xmem.o)
                0x0000701e                xmem_erase
 .text.node_id_restore
                0x000070d8       0x38 contiki-sky.a(node-id.o)
                0x000070d8                node_id_restore
 .text.process_thread_sensors_process
                0x00007110       0xc2 contiki-sky.a(sensors.o)
 .text.sensors_changed
                0x000071d2       0x2a contiki-sky.a(sensors.o)
                0x000071d2                sensors_changed
 .text.next_file
                0x000071fc       0x22 contiki-sky.a(cfs-coffee.o)
 .text.load_file
                0x0000721e       0x6c contiki-sky.a(cfs-coffee.o)
 .text.read_header
                0x0000728a       0x26 contiki-sky.a(cfs-coffee.o)
 .text.find_file
                0x000072b0       0xaa contiki-sky.a(cfs-coffee.o)
 .text.find_contiguous_pages
                0x0000735a       0x74 contiki-sky.a(cfs-coffee.o)
 .text.file_end
                0x000073ce       0xd0 contiki-sky.a(cfs-coffee.o)
 .text.write_header
                0x0000749e       0x2a contiki-sky.a(cfs-coffee.o)
 .text.remove_by_page.isra.0
                0x000074c8       0xae contiki-sky.a(cfs-coffee.o)
 .text.reserve  0x00007576      0x220 contiki-sky.a(cfs-coffee.o)
 .text.read_log_page
                0x00007796      0x206 contiki-sky.a(cfs-coffee.o)
 .text.cfs_open
                0x0000799c       0xc2 contiki-sky.a(cfs-coffee.o)
                0x0000799c                cfs_open
 .text.cfs_close
                0x00007a5e       0x2e contiki-sky.a(cfs-coffee.o)
                0x00007a5e                cfs_close
 .text.cfs_seek
                0x00007a8c       0xa4 contiki-sky.a(cfs-coffee.o)
                0x00007a8c                cfs_seek
 .text.cfs_remove
                0x00007b30       0x1a contiki-sky.a(cfs-coffee.o)
                0x00007b30                cfs_remove
 .text.cfs_read
                0x00007b4a      0x14e contiki-sky.a(cfs-coffee.o)
                0x00007b4a                cfs_read
 .text.merge_log
                0x00007c98      0x1ac contiki-sky.a(cfs-coffee.o)
 .text.cfs_write
                0x00007e44      0x5dc contiki-sky.a(cfs-coffee.o)
                0x00007e44                cfs_write
 .text.get_object
                0x00008420        0x4 contiki-sky.a(cc2420.o)
 .text.set_object
                0x00008424        0x4 contiki-sky.a(cc2420.o)
 .text.strobe   0x00008428       0x1c contiki-sky.a(cc2420.o)
 .text.getreg   0x00008444       0x4c contiki-sky.a(cc2420.o)
 .text.setreg   0x00008490       0x4c contiki-sky.a(cc2420.o)
 .text.write_ram
                0x000084dc       0x7c contiki-sky.a(cc2420.o)
 .text.write_fifo_buf
                0x00008558       0x3c contiki-sky.a(cc2420.o)
 .text.get_status
                0x00008594       0x20 contiki-sky.a(cc2420.o)
 .text.set_txpower
                0x000085b4       0x24 contiki-sky.a(cc2420.o)
 .text.cc2420_receiving_packet
                0x000085d8        0xc contiki-sky.a(cc2420.o)
 .text.pending_packet
                0x000085e4        0x8 contiki-sky.a(cc2420.o)
 .text.on       0x000085ec       0x26 contiki-sky.a(cc2420.o)
 .text.wait_for_transmission
                0x00008612       0x22 contiki-sky.a(cc2420.o)
 .text.wait_for_status
                0x00008634       0x28 contiki-sky.a(cc2420.o)
 .text.getrxdata
                0x0000865c       0x50 contiki-sky.a(cc2420.o)
 .text.flushrx  0x000086ac       0x1a contiki-sky.a(cc2420.o)
 .text.off      0x000086c6       0x5e contiki-sky.a(cc2420.o)
 .text.RELEASE_LOCK
                0x00008724       0x28 contiki-sky.a(cc2420.o)
 .text.set_key  0x0000874c       0x18 contiki-sky.a(cc2420.o)
 .text.set_frame_filtering
                0x00008764       0x30 contiki-sky.a(cc2420.o)
 .text.set_auto_ack
                0x00008794       0x30 contiki-sky.a(cc2420.o)
 .text.set_poll_mode
                0x000087c4       0x2c contiki-sky.a(cc2420.o)
 .text.cc2420_prepare
                0x000087f0       0x3c contiki-sky.a(cc2420.o)
 .text.cc2420_on
                0x0000882c       0x22 contiki-sky.a(cc2420.o)
                0x0000882c                cc2420_on
 .text.cc2420_off
                0x0000884e       0x30 contiki-sky.a(cc2420.o)
                0x0000884e                cc2420_off
 .text.cc2420_cca
                0x0000887e       0x68 contiki-sky.a(cc2420.o)
 .text.cc2420_read
                0x000088e6       0xbc contiki-sky.a(cc2420.o)
 .text.process_thread_cc2420_process
                0x000089a2       0x5c contiki-sky.a(cc2420.o)
 .text.encrypt  0x000089fe       0x88 contiki-sky.a(cc2420.o)
 .text.cc2420_set_channel
                0x00008a86       0x3c contiki-sky.a(cc2420.o)
                0x00008a86                cc2420_set_channel
 .text.cc2420_set_pan_addr
                0x00008ac2       0x4c contiki-sky.a(cc2420.o)
                0x00008ac2                cc2420_set_pan_addr
 .text.cc2420_interrupt
                0x00008b0e       0x16 contiki-sky.a(cc2420.o)
                0x00008b0e                cc2420_interrupt
 .text.cc2420_set_txpower
                0x00008b24        0xe contiki-sky.a(cc2420.o)
                0x00008b24                cc2420_set_txpower
 .text.cc2420_get_txpower
                0x00008b32       0x1e contiki-sky.a(cc2420.o)
                0x00008b32                cc2420_get_txpower
 .text.cc2420_transmit
                0x00008b50      0x136 contiki-sky.a(cc2420.o)
 .text.cc2420_send
                0x00008c86       0x12 contiki-sky.a(cc2420.o)
 .text.cc2420_rssi
                0x00008c98       0x4c contiki-sky.a(cc2420.o)
                0x00008c98                cc2420_rssi
 .text.get_value
                0x00008ce4      0x104 contiki-sky.a(cc2420.o)
 .text.cc2420_set_cca_threshold
                0x00008de8       0x16 contiki-sky.a(cc2420.o)
                0x00008de8                cc2420_set_cca_threshold
 .text.set_value
                0x00008dfe       0xb8 contiki-sky.a(cc2420.o)
 .text.cc2420_init
                0x00008eb6       0xea contiki-sky.a(cc2420.o)
                0x00008eb6                cc2420_init
 .text.cc2420_port1_interrupt
                0x00008fa0       0x62 contiki-sky.a(cc2420-arch.o)
                0x00008fa0                __isr_4
                0x00008fa0                cc2420_port1_interrupt
 .text.cc2420_arch_init
                0x00009002       0x1a contiki-sky.a(cc2420-arch.o)
                0x00009002                cc2420_arch_init
 .text.sky_sensors_status
                0x0000901c       0x3c contiki-sky.a(sky-sensors.o)
                0x0000901c                sky_sensors_status
 .text.sky_sensors_configure
                0x00009058       0xee contiki-sky.a(sky-sensors.o)
                0x00009058                sky_sensors_configure
 .text.handle_rxdma_timer
                0x00009146       0x3a contiki-sky.a(uart1.o)
 .text.uart1_active
                0x00009180       0x18 contiki-sky.a(uart1.o)
                0x00009180                uart1_active
 .text.uart1_set_input
                0x00009198       0x20 contiki-sky.a(uart1.o)
                0x00009198                uart1_set_input
 .text.uart1_writeb
                0x000091b8       0x18 contiki-sky.a(uart1.o)
                0x000091b8                uart1_writeb
 .text.uart1_init
                0x000091d0       0xf4 contiki-sky.a(uart1.o)
                0x000091d0                uart1_init
 .text.putchar  0x000092c4       0x10 contiki-sky.a(uart1-putchar.o)
                0x000092c4                putchar
 .text.msp430_init_dco
                0x000092d4       0x82 contiki-sky.a(msp430.o)
                0x000092d4                msp430_init_dco
 .text.msp430_add_lpm_req
                0x00009356        0xc contiki-sky.a(msp430.o)
                0x00009356                msp430_add_lpm_req
 .text.msp430_cpu_init
                0x00009362       0x2a contiki-sky.a(msp430.o)
                0x00009362                msp430_cpu_init
 .text.splhigh_
                0x0000938c        0x8 contiki-sky.a(msp430.o)
                0x0000938c                splhigh_
 .text.msp430_sync_dco
                0x00009394       0x6c contiki-sky.a(msp430.o)
                0x00009394                msp430_sync_dco
 .text.timera1  0x00009400      0x11e contiki-sky.a(clock.o)
                0x00009400                __isr_5
                0x00009400                timera1
 .text.clock_time
                0x0000951e       0x1a contiki-sky.a(clock.o)
                0x0000951e                clock_time
 .text.clock_init
                0x00009538       0x28 contiki-sky.a(clock.o)
                0x00009538                clock_init
 .text.clock_delay
                0x00009560        0xc contiki-sky.a(clock.o)
                0x00009560                clock_delay
 .text.show_leds
                0x0000956c       0xf0 contiki-sky.a(leds.o)
 .text.leds_init
                0x0000965c        0xa contiki-sky.a(leds.o)
                0x0000965c                leds_init
 .text.leds_on  0x00009666        0xa contiki-sky.a(leds.o)
                0x00009666                leds_on
 .text.leds_off
                0x00009670        0xe contiki-sky.a(leds.o)
                0x00009670                leds_off
 .text.leds_arch_init
                0x0000967e        0xe contiki-sky.a(leds-arch.o)
                0x0000967e                leds_arch_init
 .text.leds_arch_set
                0x0000968c       0x38 contiki-sky.a(leds-arch.o)
                0x0000968c                leds_arch_set
 .text.watchdog_interrupt
                0x000096c4        0x6 contiki-sky.a(watchdog.o)
                0x000096c4                __isr_10
                0x000096c4                watchdog_interrupt
 .text.watchdog_start
                0x000096ca       0x14 contiki-sky.a(watchdog.o)
                0x000096ca                watchdog_start
 .text.watchdog_periodic
                0x000096de       0x12 contiki-sky.a(watchdog.o)
                0x000096de                watchdog_periodic
 .text.watchdog_stop
                0x000096f0       0x16 contiki-sky.a(watchdog.o)
                0x000096f0                watchdog_stop
 .text.watchdog_init
                0x00009706       0x12 contiki-sky.a(watchdog.o)
                0x00009706                watchdog_init
 .text.watchdog_reboot
                0x00009718        0x6 contiki-sky.a(watchdog.o)
                0x00009718                watchdog_reboot
 .text.rtimer_arch_init
                0x0000971e        0xe contiki-sky.a(rtimer-arch.o)
                0x0000971e                rtimer_arch_init
 .text.rtimer_arch_now
                0x0000972c        0xe contiki-sky.a(rtimer-arch.o)
                0x0000972c                rtimer_arch_now
 .text.timera0  0x0000973a       0x70 contiki-sky.a(rtimer-arch.o)
                0x0000973a                __isr_6
                0x0000973a                timera0
 .text.rtimer_arch_schedule
                0x000097aa        0x6 contiki-sky.a(rtimer-arch.o)
                0x000097aa                rtimer_arch_schedule
 .text.seek_read
                0x000097b0       0x28 contiki-sky.a(elfloader.o)
 .text.find_local_symbol
                0x000097d8       0xb8 contiki-sky.a(elfloader.o)
 .text.relocate_section.isra.0
                0x00009890      0x17a contiki-sky.a(elfloader.o)
 .text.elfloader_init
                0x00009a0a        0x6 contiki-sky.a(elfloader.o)
                0x00009a0a                elfloader_init
 .text.elfloader_load
                0x00009a10      0x482 contiki-sky.a(elfloader.o)
                0x00009a10                elfloader_load
 .text.elfloader_arch_allocate_ram
                0x00009e92        0x6 contiki-sky.a(elfloader-msp43)
                0x00009e92                elfloader_arch_allocate_ram
 .text.elfloader_arch_allocate_rom
                0x00009e98        0x6 contiki-sky.a(elfloader-msp43)
                0x00009e98                elfloader_arch_allocate_rom
 .text.elfloader_arch_write_rom
                0x00009e9e       0x28 contiki-sky.a(elfloader-msp43)
                0x00009e9e                elfloader_arch_write_rom
 .text.elfloader_arch_relocate
                0x00009ec6       0x38 contiki-sky.a(elfloader-msp43)
                0x00009ec6                elfloader_arch_relocate
 .text.symtab_lookup
                0x00009efe       0x62 contiki-sky.a(symtab.o)
                0x00009efe                symtab_lookup
 .text.autostart_start
                0x00009f60       0x16 contiki-sky.a(autostart.o)
                0x00009f60                autostart_start
 .text.autostart_exit
                0x00009f76       0x14 contiki-sky.a(autostart.o)
                0x00009f76                autostart_exit
 .text.process_thread_ctimer_process
                0x00009f8a       0xa8 contiki-sky.a(ctimer.o)
 .text.ctimer_init
                0x0000a032       0x18 contiki-sky.a(ctimer.o)
                0x0000a032                ctimer_init
 .text.ctimer_set_with_process
                0x0000a04a       0x4e contiki-sky.a(ctimer.o)
                0x0000a04a                ctimer_set_with_process
 .text.ctimer_set
                0x0000a098       0x10 contiki-sky.a(ctimer.o)
                0x0000a098                ctimer_set
 .text.ctimer_reset
                0x0000a0a8       0x30 contiki-sky.a(ctimer.o)
                0x0000a0a8                ctimer_reset
 .text.ctimer_stop
                0x0000a0d8       0x28 contiki-sky.a(ctimer.o)
                0x0000a0d8                ctimer_stop
 .text.energest_init
                0x0000a100       0x26 contiki-sky.a(energest.o)
                0x0000a100                energest_init
 .text.energest_type_time
                0x0000a126       0x48 contiki-sky.a(energest.o)
                0x0000a126                energest_type_time
 .text.energest_type_set
                0x0000a16e        0xe contiki-sky.a(energest.o)
                0x0000a16e                energest_type_set
 .text.energest_flush
                0x0000a17c       0x48 contiki-sky.a(energest.o)
                0x0000a17c                energest_flush
 .text.update_time
                0x0000a1c4       0x78 contiki-sky.a(etimer.o)
 .text.etimer_request_poll
                0x0000a23c        0xa contiki-sky.a(etimer.o)
                0x0000a23c                etimer_request_poll
 .text.process_thread_etimer_process
                0x0000a246       0xcc contiki-sky.a(etimer.o)
 .text.add_timer
                0x0000a312       0x40 contiki-sky.a(etimer.o)
 .text.etimer_set
                0x0000a352       0x12 contiki-sky.a(etimer.o)
                0x0000a352                etimer_set
 .text.etimer_reset
                0x0000a364       0x12 contiki-sky.a(etimer.o)
                0x0000a364                etimer_reset
 .text.etimer_expired
                0x0000a376        0xe contiki-sky.a(etimer.o)
                0x0000a376                etimer_expired
 .text.etimer_pending
                0x0000a384        0xc contiki-sky.a(etimer.o)
                0x0000a384                etimer_pending
 .text.etimer_next_expiration_time
                0x0000a390       0x16 contiki-sky.a(etimer.o)
                0x0000a390                etimer_next_expiration_time
 .text.etimer_stop
                0x0000a3a6       0x3e contiki-sky.a(etimer.o)
                0x0000a3a6                etimer_stop
 .text.call_process
                0x0000a3e4       0x46 contiki-sky.a(process.o)
 .text.exit_process
                0x0000a42a       0x96 contiki-sky.a(process.o)
 .text.do_poll  0x0000a4c0       0x30 contiki-sky.a(process.o)
 .text.process_alloc_event
                0x0000a4f0        0xe contiki-sky.a(process.o)
                0x0000a4f0                process_alloc_event
 .text.process_exit
                0x0000a4fe        0xa contiki-sky.a(process.o)
                0x0000a4fe                process_exit
 .text.process_init
                0x0000a508       0x1c contiki-sky.a(process.o)
                0x0000a508                process_init
 .text.process_run
                0x0000a524       0xa2 contiki-sky.a(process.o)
                0x0000a524                process_run
 .text.process_nevents
                0x0000a5c6        0xe contiki-sky.a(process.o)
                0x0000a5c6                process_nevents
 .text.process_post
                0x0000a5d4       0x54 contiki-sky.a(process.o)
                0x0000a5d4                process_post
 .text.process_post_synch
                0x0000a628       0x12 contiki-sky.a(process.o)
                0x0000a628                process_post_synch
 .text.process_start
                0x0000a63a       0x36 contiki-sky.a(process.o)
                0x0000a63a                process_start
 .text.process_poll
                0x0000a670       0x18 contiki-sky.a(process.o)
                0x0000a670                process_poll
 .text.rtimer_init
                0x0000a688        0x6 contiki-sky.a(rtimer.o)
                0x0000a688                rtimer_init
 .text.rtimer_set
                0x0000a68e       0x24 contiki-sky.a(rtimer.o)
                0x0000a68e                rtimer_set
 .text.rtimer_run_next
                0x0000a6b2       0x26 contiki-sky.a(rtimer.o)
                0x0000a6b2                rtimer_run_next
 .text.timer_set
                0x0000a6d8       0x1c contiki-sky.a(timer.o)
                0x0000a6d8                timer_set
 .text.timer_reset
                0x0000a6f4        0xe contiki-sky.a(timer.o)
                0x0000a6f4                timer_reset
 .text.timer_expired
                0x0000a702       0x2a contiki-sky.a(timer.o)
                0x0000a702                timer_expired
 .text.process_thread_serial_line_process
                0x0000a72c       0x9e contiki-sky.a(serial-line.o)
 .text.serial_line_input_byte
                0x0000a7ca       0x4a contiki-sky.a(serial-line.o)
                0x0000a7ca                serial_line_input_byte
 .text.serial_line_init
                0x0000a814       0x1c contiki-sky.a(serial-line.o)
                0x0000a814                serial_line_init
 .text.list_init
                0x0000a830        0x6 contiki-sky.a(list.o)
                0x0000a830                list_init
 .text.list_head
                0x0000a836        0x4 contiki-sky.a(list.o)
                0x0000a836                list_head
 .text.list_tail
                0x0000a83a       0x12 contiki-sky.a(list.o)
                0x0000a83a                list_tail
 .text.list_remove
                0x0000a84c       0x34 contiki-sky.a(list.o)
                0x0000a84c                list_remove
 .text.list_push
                0x0000a880       0x1a contiki-sky.a(list.o)
                0x0000a880                list_push
 .text.list_add
                0x0000a89a       0x2a contiki-sky.a(list.o)
                0x0000a89a                list_add
 .text.list_length
                0x0000a8c4       0x10 contiki-sky.a(list.o)
                0x0000a8c4                list_length
 .text.list_item_next
                0x0000a8d4        0xc contiki-sky.a(list.o)
                0x0000a8d4                list_item_next
 .text.random_init
                0x0000a8e0        0x6 contiki-sky.a(random.o)
                0x0000a8e0                random_init
 .text.random_rand
                0x0000a8e6        0x6 contiki-sky.a(random.o)
                0x0000a8e6                random_rand
 .text.ringbuf_init
                0x0000a8ec       0x14 contiki-sky.a(ringbuf.o)
                0x0000a8ec                ringbuf_init
 .text.ringbuf_put
                0x0000a900       0x38 contiki-sky.a(ringbuf.o)
                0x0000a900                ringbuf_put
 .text.ringbuf_get
                0x0000a938       0x32 contiki-sky.a(ringbuf.o)
                0x0000a938                ringbuf_get
 .text.sent_by_abc
                0x0000a96a       0x10 contiki-sky.a(broadcast.o)
 .text.recv_from_abc
                0x0000a97a       0x26 contiki-sky.a(broadcast.o)
 .text.broadcast_open
                0x0000a9a0       0x2a contiki-sky.a(broadcast.o)
                0x0000a9a0                broadcast_open
 .text.broadcast_close
                0x0000a9ca        0x6 contiki-sky.a(broadcast.o)
                0x0000a9ca                broadcast_close
 .text.broadcast_send
                0x0000a9d0       0x1a contiki-sky.a(broadcast.o)
                0x0000a9d0                broadcast_send
 .text.channel_init
                0x0000a9ea        0xa contiki-sky.a(channel.o)
                0x0000a9ea                channel_init
 .text.channel_open
                0x0000a9f4       0x10 contiki-sky.a(channel.o)
                0x0000a9f4                channel_open
 .text.channel_close
                0x0000aa04        0xc contiki-sky.a(channel.o)
                0x0000aa04                channel_close
 .text.channel_lookup
                0x0000aa10       0x20 contiki-sky.a(channel.o)
                0x0000aa10                channel_lookup
 .text.channel_set_attributes
                0x0000aa30       0x24 contiki-sky.a(channel.o)
                0x0000aa30                channel_set_attributes
 .text.input    0x0000aa54       0x3a contiki-sky.a(rime.o)
 .text.init     0x0000aa8e       0x2e contiki-sky.a(rime.o)
 .text.packet_sent
                0x0000aabc       0x44 contiki-sky.a(rime.o)
 .text.rime_output
                0x0000ab00       0x24 contiki-sky.a(rime.o)
                0x0000ab00                rime_output
 .text.sent_by_broadcast
                0x0000ab24       0x10 contiki-sky.a(unicast.o)
 .text.recv_from_broadcast
                0x0000ab34       0x2e contiki-sky.a(unicast.o)
 .text.unicast_open
                0x0000ab62       0x2a contiki-sky.a(unicast.o)
                0x0000ab62                unicast_open
 .text.unicast_close
                0x0000ab8c        0x6 contiki-sky.a(unicast.o)
                0x0000ab8c                unicast_close
 .text.unicast_send
                0x0000ab92       0x16 contiki-sky.a(unicast.o)
                0x0000ab92                unicast_send
 .text.input_packet
                0x0000aba8        0x6 contiki-sky.a(csma.o)
 .text.on       0x0000abae        0x6 contiki-sky.a(csma.o)
 .text.off      0x0000abb4        0x6 contiki-sky.a(csma.o)
 .text.channel_check_interval
                0x0000abba       0x10 contiki-sky.a(csma.o)
 .text.transmit_packet_list
                0x0000abca       0x24 contiki-sky.a(csma.o)
 .text.free_packet
                0x0000abee       0xa4 contiki-sky.a(csma.o)
 .text.init     0x0000ac92       0x1a contiki-sky.a(csma.o)
 .text.send_packet
                0x0000acac      0x184 contiki-sky.a(csma.o)
 .text.packet_sent
                0x0000ae30      0x132 contiki-sky.a(csma.o)
 .text.mac_call_sent_callback
                0x0000af62       0x14 contiki-sky.a(mac.o)
                0x0000af62                mac_call_sent_callback
 .text.linkaddr_copy
                0x0000af76        0xc contiki-sky.a(linkaddr.o)
                0x0000af76                linkaddr_copy
 .text.linkaddr_cmp
                0x0000af82       0x12 contiki-sky.a(linkaddr.o)
                0x0000af82                linkaddr_cmp
 .text.linkaddr_set_node_addr
                0x0000af94        0xc contiki-sky.a(linkaddr.o)
                0x0000af94                linkaddr_set_node_addr
 .text.packetbuf_compact
                0x0000afa0       0x2e contiki-sky.a(packetbuf.o)
                0x0000afa0                packetbuf_compact
 .text.packetbuf_copyto
                0x0000afce       0x52 contiki-sky.a(packetbuf.o)
                0x0000afce                packetbuf_copyto
 .text.packetbuf_hdrreduce
                0x0000b020       0x1a contiki-sky.a(packetbuf.o)
                0x0000b020                packetbuf_hdrreduce
 .text.packetbuf_set_datalen
                0x0000b03a        0x6 contiki-sky.a(packetbuf.o)
                0x0000b03a                packetbuf_set_datalen
 .text.packetbuf_dataptr
                0x0000b040        0xe contiki-sky.a(packetbuf.o)
                0x0000b040                packetbuf_dataptr
 .text.packetbuf_hdrptr
                0x0000b04e        0xa contiki-sky.a(packetbuf.o)
                0x0000b04e                packetbuf_hdrptr
 .text.packetbuf_datalen
                0x0000b058        0x6 contiki-sky.a(packetbuf.o)
                0x0000b058                packetbuf_datalen
 .text.packetbuf_hdrlen
                0x0000b05e       0x10 contiki-sky.a(packetbuf.o)
                0x0000b05e                packetbuf_hdrlen
 .text.packetbuf_totlen
                0x0000b06e        0xc contiki-sky.a(packetbuf.o)
                0x0000b06e                packetbuf_totlen
 .text.packetbuf_hdralloc
                0x0000b07a       0x2e contiki-sky.a(packetbuf.o)
                0x0000b07a                packetbuf_hdralloc
 .text.packetbuf_attr_clear
                0x0000b0a8       0x2c contiki-sky.a(packetbuf.o)
                0x0000b0a8                packetbuf_attr_clear
 .text.packetbuf_clear
                0x0000b0d4       0x1a contiki-sky.a(packetbuf.o)
                0x0000b0d4                packetbuf_clear
 .text.packetbuf_copyfrom
                0x0000b0ee       0x2e contiki-sky.a(packetbuf.o)
                0x0000b0ee                packetbuf_copyfrom
 .text.packetbuf_attr_copyto
                0x0000b11c       0x20 contiki-sky.a(packetbuf.o)
                0x0000b11c                packetbuf_attr_copyto
 .text.packetbuf_attr_copyfrom
                0x0000b13c       0x22 contiki-sky.a(packetbuf.o)
                0x0000b13c                packetbuf_attr_copyfrom
 .text.packetbuf_holds_broadcast
                0x0000b15e        0xe contiki-sky.a(packetbuf.o)
                0x0000b15e                packetbuf_holds_broadcast
 .text.queuebuf_init
                0x0000b16c       0x12 contiki-sky.a(queuebuf.o)
                0x0000b16c                queuebuf_init
 .text.queuebuf_new_from_packetbuf
                0x0000b17e       0x52 contiki-sky.a(queuebuf.o)
                0x0000b17e                queuebuf_new_from_packetbuf
 .text.queuebuf_update_attr_from_packetbuf
                0x0000b1d0       0x12 contiki-sky.a(queuebuf.o)
                0x0000b1d0                queuebuf_update_attr_from_packetbuf
 .text.queuebuf_update_from_packetbuf
                0x0000b1e2       0x22 contiki-sky.a(queuebuf.o)
                0x0000b1e2                queuebuf_update_from_packetbuf
 .text.queuebuf_free
                0x0000b204       0x2a contiki-sky.a(queuebuf.o)
                0x0000b204                queuebuf_free
 .text.queuebuf_to_packetbuf
                0x0000b22e       0x32 contiki-sky.a(queuebuf.o)
                0x0000b22e                queuebuf_to_packetbuf
 .text.queuebuf_attr
                0x0000b260        0xe contiki-sky.a(queuebuf.o)
                0x0000b260                queuebuf_attr
 .text.duty_cycle
                0x0000b26e        0x6 contiki-sky.a(contikimac.o)
 .text.init     0x0000b274       0x2a contiki-sky.a(contikimac.o)
 .text.on       0x0000b29e       0x1a contiki-sky.a(contikimac.o)
 .text.off      0x0000b2b8       0x22 contiki-sky.a(contikimac.o)
 .text.recv_burst_off
                0x0000b2da        0xa contiki-sky.a(contikimac.o)
 .text.turn_off
                0x0000b2e4       0x20 contiki-sky.a(contikimac.o)
 .text.turn_on  0x0000b304       0x30 contiki-sky.a(contikimac.o)
 .text.schedule_powercycle_fixed.part.4
                0x0000b334       0x32 contiki-sky.a(contikimac.o)
 .text.powercycle_turn_radio_off
                0x0000b366       0x30 contiki-sky.a(contikimac.o)
 .text.input_packet
                0x0000b396       0xe6 contiki-sky.a(contikimac.o)
 .text.send_packet.isra.8
                0x0000b47c      0x20c contiki-sky.a(contikimac.o)
 .text.qsend_list
                0x0000b688       0xc6 contiki-sky.a(contikimac.o)
 .text.qsend_packet
                0x0000b74e       0x28 contiki-sky.a(contikimac.o)
 .text.powercycle_wrapper
                0x0000b776      0x1ce contiki-sky.a(contikimac.o)
 .text.hdr_length
                0x0000b944        0x8 contiki-sky.a(contikimac-fram)
 .text.parse    0x0000b94c       0x3a contiki-sky.a(contikimac-fram)
 .text.create   0x0000b986       0x74 contiki-sky.a(contikimac-fram)
 .text.init     0x0000b9fa        0x2 contiki-sky.a(nullsec.o)
 .text.send     0x0000b9fc        0xa contiki-sky.a(nullsec.o)
 .text.input    0x0000ba06        0x6 contiki-sky.a(nullsec.o)
 .text.spi_init
                0x0000ba0c       0x30 contiki-sky.a(spi.o)
                0x0000ba0c                spi_init
 .text.compower_accumulate
                0x0000ba3c       0x72 contiki-sky.a(compower.o)
                0x0000ba3c                compower_accumulate
 .text.compower_clear
                0x0000baae       0x12 contiki-sky.a(compower.o)
                0x0000baae                compower_clear
 .text.compower_attrconv
                0x0000bac0       0x10 contiki-sky.a(compower.o)
                0x0000bac0                compower_attrconv
 .text.memb_init
                0x0000bad0       0x36 contiki-sky.a(memb.o)
                0x0000bad0                memb_init
 .text.memb_alloc
                0x0000bb06       0x3e contiki-sky.a(memb.o)
                0x0000bb06                memb_alloc
 .text.memb_free
                0x0000bb44       0x3a contiki-sky.a(memb.o)
                0x0000bb44                memb_free
 .text.memb_inmemb
                0x0000bb7e       0x2a contiki-sky.a(memb.o)
                0x0000bb7e                memb_inmemb
 .text.abc_open
                0x0000bba8       0x26 contiki-sky.a(abc.o)
                0x0000bba8                abc_open
 .text.abc_close
                0x0000bbce        0x6 contiki-sky.a(abc.o)
                0x0000bbce                abc_close
 .text.abc_send
                0x0000bbd4        0x6 contiki-sky.a(abc.o)
                0x0000bbd4                abc_send
 .text.abc_input
                0x0000bbda        0xe contiki-sky.a(abc.o)
                0x0000bbda                abc_input
 .text.abc_sent
                0x0000bbe8       0x10 contiki-sky.a(abc.o)
                0x0000bbe8                abc_sent
 .text.announcement_init
                0x0000bbf8        0xa contiki-sky.a(announcement.o)
                0x0000bbf8                announcement_init
 .text.announcement_register_observer_callback
                0x0000bc02        0x6 contiki-sky.a(announcement.o)
                0x0000bc02                announcement_register_observer_callback
 .text.announcement_list
                0x0000bc08        0xa contiki-sky.a(announcement.o)
                0x0000bc08                announcement_list
 .text.announcement_heard
                0x0000bc12       0x42 contiki-sky.a(announcement.o)
                0x0000bc12                announcement_heard
 .text.adv_packet_sent
                0x0000bc54        0x2 contiki-sky.a(broadcast-annou)
 .text.adv_packet_received
                0x0000bc56       0x64 contiki-sky.a(broadcast-annou)
 .text.set_timers
                0x0000bcba       0x4a contiki-sky.a(broadcast-annou)
 .text.send_timer
                0x0000bd04       0x32 contiki-sky.a(broadcast-annou)
 .text.send_adv
                0x0000bd36       0x66 contiki-sky.a(broadcast-annou)
 .text.new_announcement
                0x0000bd9c       0x18 contiki-sky.a(broadcast-annou)
 .text.broadcast_announcement_init
                0x0000bdb4       0x48 contiki-sky.a(broadcast-annou)
                0x0000bdb4                broadcast_announcement_init
 .text.chameleon_init
                0x0000bdfc        0x6 contiki-sky.a(chameleon.o)
                0x0000bdfc                chameleon_init
 .text.chameleon_parse
                0x0000be02       0x10 contiki-sky.a(chameleon.o)
                0x0000be02                chameleon_parse
 .text.chameleon_create
                0x0000be12       0x1c contiki-sky.a(chameleon.o)
                0x0000be12                chameleon_create
 .text.chameleon_hdrsize
                0x0000be2e        0x6 contiki-sky.a(chameleon.o)
                0x0000be2e                chameleon_hdrsize
 .text.create_frame.isra.0
                0x0000be34      0x114 contiki-sky.a(framer-802154.o)
 .text.create   0x0000bf48        0x8 contiki-sky.a(framer-802154.o)
 .text.hdr_length
                0x0000bf50        0x8 contiki-sky.a(framer-802154.o)
 .text.parse    0x0000bf58       0xa8 contiki-sky.a(framer-802154.o)
 .text.mac_sequence_is_duplicate
                0x0000c000       0x3c contiki-sky.a(mac-sequence.o)
                0x0000c000                mac_sequence_is_duplicate
 .text.mac_sequence_register_seqno
                0x0000c03c       0x5c contiki-sky.a(mac-sequence.o)
                0x0000c03c                mac_sequence_register_seqno
 .text.get_bits_in_byte
                0x0000c098       0x3a contiki-sky.a(chameleon-bitop)
 .text.header_size
                0x0000c0d2       0x16 contiki-sky.a(chameleon-bitop)
 .text.get_bits
                0x0000c0e8       0xa2 contiki-sky.a(chameleon-bitop)
                0x0000c0e8                get_bits
 .text.unpack_header
                0x0000c18a       0xd8 contiki-sky.a(chameleon-bitop)
 .text.set_bits_in_byte
                0x0000c262       0x2c contiki-sky.a(chameleon-bitop)
                0x0000c262                set_bits_in_byte
 .text.set_bits
                0x0000c28e       0xc8 contiki-sky.a(chameleon-bitop)
                0x0000c28e                set_bits
 .text.pack_header
                0x0000c356       0xc6 contiki-sky.a(chameleon-bitop)
 .text.frame802154_get_pan_id
                0x0000c41c        0x6 contiki-sky.a(frame802154.o)
                0x0000c41c                frame802154_get_pan_id
 .text.frame802154_has_panid
                0x0000c422       0x64 contiki-sky.a(frame802154.o)
                0x0000c422                frame802154_has_panid
 .text.field_len
                0x0000c486       0xac contiki-sky.a(frame802154.o)
 .text.frame802154_is_broadcast_addr
                0x0000c532       0x28 contiki-sky.a(frame802154.o)
                0x0000c532                frame802154_is_broadcast_addr
 .text.frame802154_hdrlen
                0x0000c55a       0x32 contiki-sky.a(frame802154.o)
                0x0000c55a                frame802154_hdrlen
 .text.frame802154_create
                0x0000c58c      0x16a contiki-sky.a(frame802154.o)
                0x0000c58c                frame802154_create
 .text.frame802154_parse
                0x0000c6f6      0x200 contiki-sky.a(frame802154.o)
                0x0000c6f6                frame802154_parse
 .text.libgcc   0x0000c8f6       0x2c /usr/local/msp430/bin/../lib/gcc/msp430/4.7.0/mmpy-16/libgcc.a(_mulsi3.o)
                0x0000c8f6                __mulsi3
 .text.libgcc   0x0000c922       0x22 /usr/local/msp430/bin/../lib/gcc/msp430/4.7.0/mmpy-16/libgcc.a(_udivmod16.o)
                0x0000c922                __udivhi3
                0x0000c922                __ext_udivmod16
                0x0000c93c                __umodhi3
 .text.libgcc   0x0000c944       0x3a /usr/local/msp430/bin/../lib/gcc/msp430/4.7.0/mmpy-16/libgcc.a(_divmod16.o)
                0x0000c944                __ext_divmod16
                0x0000c944                __divhi3
                0x0000c976                __modhi3
 .text.libgcc   0x0000c97e       0x40 /usr/local/msp430/bin/../lib/gcc/msp430/4.7.0/mmpy-16/libgcc.a(_udivmod32.o)
                0x0000c97e                __udivsi3
                0x0000c97e                __ext_udivmod32
                0x0000c9b4                __umodsi3
 .text.libgcc   0x0000c9be       0x4c /usr/local/msp430/bin/../lib/gcc/msp430/4.7.0/mmpy-16/libgcc.a(_divmod32.o)
                0x0000c9be                __ext_divmod32
                0x0000c9be                __divsi3
                0x0000ca00                __modsi3
 .text.malloc   0x0000ca0a       0xd0 /usr/local/msp430/bin/../lib/gcc/msp430/4.7.0/../../../../msp430/lib/mmpy-16/libc.a(malloc.o)
                0x0000ca0a                malloc
 .text.free     0x0000cada        0x6 /usr/local/msp430/bin/../lib/gcc/msp430/4.7.0/../../../../msp430/lib/mmpy-16/libc.a(malloc.o)
                0x0000cada                free
 .text.printf   0x0000cae0       0x10 /usr/local/msp430/bin/../lib/gcc/msp430/4.7.0/../../../../msp430/lib/mmpy-16/libc.a(printf.o)
                0x0000cae0                printf
 .text.append   0x0000caf0       0x22 /usr/local/msp430/bin/../lib/gcc/msp430/4.7.0/../../../../msp430/lib/mmpy-16/libc.a(sprintf.o)
 .text.call_vuprintf
                0x0000cb12       0x3a /usr/local/msp430/bin/../lib/gcc/msp430/4.7.0/../../../../msp430/lib/mmpy-16/libc.a(sprintf.o)
 .text.sprintf  0x0000cb4c       0x1c /usr/local/msp430/bin/../lib/gcc/msp430/4.7.0/../../../../msp430/lib/mmpy-16/libc.a(sprintf.o)
                0x0000cb4c                sprintf
 .text.print_field
                0x0000cb68      0x194 /usr/local/msp430/bin/../lib/gcc/msp430/4.7.0/../../../../msp430/lib/mmpy-16/libc.a(vuprintf.o)
 .text.vuprintf
                0x0000ccfc      0x63c /usr/local/msp430/bin/../lib/gcc/msp430/4.7.0/../../../../msp430/lib/mmpy-16/libc.a(vuprintf.o)
                0x0000ccfc                vuprintf
 .text.puts     0x0000d338       0x2c /usr/local/msp430/bin/../lib/gcc/msp430/4.7.0/../../../../msp430/lib/mmpy-16/libc.a(puts.o)
                0x0000d338                puts
 .text.rand     0x0000d364       0x26 /usr/local/msp430/bin/../lib/gcc/msp430/4.7.0/../../../../msp430/lib/mmpy-16/libc.a(rand.o)
                0x0000d364                rand
 .text.srand    0x0000d38a        0xa /usr/local/msp430/bin/../lib/gcc/msp430/4.7.0/../../../../msp430/lib/mmpy-16/libc.a(rand.o)
                0x0000d38a                srand
 .text.strcmp   0x0000d394       0x1e /usr/local/msp430/bin/../lib/gcc/msp430/4.7.0/../../../../msp430/lib/mmpy-16/libc.a(strcmp.o)
                0x0000d394                strcmp
 .text.strncmp  0x0000d3b2       0x2a /usr/local/msp430/bin/../lib/gcc/msp430/4.7.0/../../../../msp430/lib/mmpy-16/libc.a(strncmp.o)
                0x0000d3b2                strncmp
 .text.memcmp   0x0000d3dc       0x30 /usr/local/msp430/bin/../lib/gcc/msp430/4.7.0/../../../../msp430/lib/mmpy-16/libc.a(memcmp.o)
                0x0000d3dc                memcmp
 .text.strncpy  0x0000d40c       0x2a /usr/local/msp430/bin/../lib/gcc/msp430/4.7.0/../../../../msp430/lib/mmpy-16/libc.a(strncpy.o)
                0x0000d40c                strncpy
 .text.memcpy   0x0000d436       0xfa /usr/local/msp430/bin/../lib/gcc/msp430/4.7.0/../../../../msp430/lib/mmpy-16/libc.a(memcpy.o)
                0x0000d436                memcpy
 .text.memset   0x0000d530       0x6a /usr/local/msp430/bin/../lib/gcc/msp430/4.7.0/../../../../msp430/lib/mmpy-16/libc.a(memset.o)
                0x0000d530                memset
 .text.libgcc   0x0000d59a       0xf0 /usr/local/msp430/bin/../lib/gcc/msp430/4.7.0/mmpy-16/libgcc.a(_udivmod64.o)
                0x0000d59a                __xabi_udivmod64
                0x0000d5f8                __udivdi3
                0x0000d61e                __umoddi3
                0x0000d64c                __udivmoddi4
 .text.crt0     0x0000d68a        0x2 /usr/local/msp430/bin/../lib/gcc/msp430/4.7.0/mmpy-16/libcrt0.a(_unexpected_.o)
                0x0000d68a                _unexpected_
 *(.near.text .near.text.*)

.rodata         0x0000d68c      0x90b
                0x0000d68c                . = ALIGN (0x2)
 *(.rodata .rodata.* .gnu.linkonce.r.*)
 .rodata        0x0000d68c      0x614 sdn-wise.co
                0x0000da80                autostart_processes
 .rodata.process_thread_config_incoming_packet
                0x0000dca0       0x44 sdn-wise.co
 .rodata        0x0000dce4       0xe5 obj_sky/contiki-sky-main.o
 *fill*         0x0000ddc9        0x1 00
 .rodata        0x0000ddca       0x10 contiki-sky.a(battery-sensor.)
                0x0000ddd2                battery_sensor
 .rodata        0x0000ddda       0x10 contiki-sky.a(button-sensor.o)
                0x0000dde2                button_sensor
 .rodata        0x0000ddea        0x8 contiki-sky.a(sensors.o)
 *fill*         0x0000ddf2        0x2 00
 .rodata.get_value
                0x0000ddf4       0x24 contiki-sky.a(cc2420.o)
 .rodata.set_value
                0x0000de18       0x10 contiki-sky.a(cc2420.o)
 .rodata        0x0000de28       0x3e contiki-sky.a(cc2420.o)
                0x0000de28                cc2420_aes_128_driver
                0x0000de2c                cc2420_driver
 .rodata        0x0000de66       0x77 contiki-sky.a(elfloader.o)
 .rodata        0x0000dedd        0xf contiki-sky.a(ctimer.o)
 .rodata        0x0000deec        0xc contiki-sky.a(etimer.o)
 .rodata        0x0000def8        0xe contiki-sky.a(serial-line.o)
 .rodata        0x0000df06        0x8 contiki-sky.a(broadcast.o)
 .rodata        0x0000df0e        0xc contiki-sky.a(rime.o)
                0x0000df14                rime_driver
 .rodata        0x0000df1a        0xa contiki-sky.a(unicast.o)
 .rodata        0x0000df24       0x14 contiki-sky.a(csma.o)
                0x0000df2a                csma_driver
 .rodata        0x0000df38        0x2 contiki-sky.a(linkaddr.o)
                0x0000df38                linkaddr_null
 .rodata        0x0000df3a       0x1c contiki-sky.a(contikimac.o)
                0x0000df46                contikimac_driver
 .rodata        0x0000df56        0x6 contiki-sky.a(contikimac-fram)
                0x0000df56                contikimac_framer
 .rodata        0x0000df5c       0x10 contiki-sky.a(nullsec.o)
                0x0000df64                nullsec_driver
 .rodata        0x0000df6c        0x6 contiki-sky.a(symbols.o)
                0x0000df6c                symbols
                0x0000df70                symbols_nelts
 .rodata        0x0000df72        0x2 contiki-sky.a(abc.o)
 .rodata        0x0000df74        0x4 contiki-sky.a(broadcast-annou)
 .rodata        0x0000df78        0x6 contiki-sky.a(framer-802154.o)
                0x0000df78                framer_802154
 .rodata        0x0000df7e       0x10 contiki-sky.a(chameleon-bitop)
                0x0000df7e                chameleon_bitopt
 .rodata        0x0000df8e        0x2 contiki-sky.a(frame802154.o)
 .rodata.vuprintf
                0x0000df90        0x7 /usr/local/msp430/bin/../lib/gcc/msp430/4.7.0/../../../../msp430/lib/mmpy-16/libc.a(vuprintf.o)
 *(.near.rodata .near.rodata.*)
                0x0000df98                . = ALIGN (0x2)
                0x0000df98                _etext = .

.data           0x00001100      0x100 load address 0x0000df98
                0x00001100                . = ALIGN (0x2)
                0x00001100                __data_start = .
 *(.data .data.* .gnu.linkonce.d.*)
 .data          0x00001100       0x98 sdn-wise.co
                0x00001100                prova
                0x0000110a                test_serial
                0x00001114                forwarding_update_table
                0x0000111e                forwarding_to_controller
                0x00001128                forwarding_incoming_response_packet
                0x00001132                forwarding_data_packet
                0x0000113c                forwarding_packet_to_sink
                0x00001146                td_send_report_packet
                0x00001150                td_send_beacon_packet
                0x0000115a                td_incoming_beacon_packet
                0x00001164                config_incoming_packet
                0x0000116e                low_layer_analyzer
                0x00001178                low_layer_forward_up
                0x00001182                low_layer_process
                0x0000118c                init_process
                0x00001196                BROADCAST
 .data          0x00001198        0x4 contiki-sky.a(contiki-sky-pla)
                0x00001198                sensors
 .data          0x0000119c        0xa contiki-sky.a(sensors.o)
                0x0000119c                sensors_process
 .data          0x000011a6        0xc contiki-sky.a(cc2420.o)
                0x000011a6                cc2420_process
 .data          0x000011b2        0x2 contiki-sky.a(msp430.o)
 .data          0x000011b4        0xa contiki-sky.a(ctimer.o)
                0x000011b4                ctimer_process
 .data          0x000011be        0xa contiki-sky.a(etimer.o)
                0x000011be                etimer_process
 .data          0x000011c8        0xa contiki-sky.a(serial-line.o)
                0x000011c8                serial_line_process
 .data          0x000011d2       0x18 contiki-sky.a(csma.o)
 .data          0x000011ea       0x10 contiki-sky.a(queuebuf.o)
 .data          0x000011fa        0x2 contiki-sky.a(frame802154.o)
 .data.next     0x000011fc        0x4 /usr/local/msp430/bin/../lib/gcc/msp430/4.7.0/../../../../msp430/lib/mmpy-16/libc.a(rand.o)
 *(.near.data .near.data.*)
                0x00001200                . = ALIGN (0x2)
                0x00001200                _edata = .
                0x0000df98                __data_load_start = LOADADDR (.data)
                0x00000100                __data_size = SIZEOF (.data)

.bss            0x00001200     0x21aa load address 0x0000e098
                0x00001200                __bss_start = .
 *(.bss .bss.*)
 .bss           0x00001200      0x2a8 sdn-wise.co
 .bss           0x000014a8        0xc obj_sky/contiki-sky-main.o
 .bss           0x000014b4        0x8 contiki-sky.a(button-sensor.o)
 .bss           0x000014bc        0x2 contiki-sky.a(node-id.o)
                0x000014bc                node_id
 .bss           0x000014be        0x6 contiki-sky.a(sensors.o)
 .bss           0x000014c4       0x90 contiki-sky.a(cfs-coffee.o)
 .bss           0x00001554        0xa contiki-sky.a(cc2420.o)
 .bss           0x0000155e        0x4 contiki-sky.a(sky-sensors.o)
 .bss           0x00001562       0x9a contiki-sky.a(uart1.o)
 .bss           0x000015fc        0xa contiki-sky.a(clock.o)
 .bss           0x00001606        0x1 contiki-sky.a(leds.o)
 *fill*         0x00001607        0x1 00
 .bss           0x00001608        0x2 contiki-sky.a(watchdog.o)
 .bss           0x0000160a       0x18 contiki-sky.a(elfloader.o)
 .bss           0x00001622      0xc02 contiki-sky.a(elfloader-msp43)
 .bss           0x00002224        0x4 contiki-sky.a(ctimer.o)
 .bss           0x00002228        0x6 contiki-sky.a(etimer.o)
 .bss           0x0000222e       0x42 contiki-sky.a(process.o)
                0x0000222e                process_current
                0x00002230                process_list
 .bss           0x00002270        0x2 contiki-sky.a(rtimer.o)
 .bss           0x00002272      0x10a contiki-sky.a(serial-line.o)
 .bss           0x0000237c        0x2 contiki-sky.a(channel.o)
 .bss           0x0000237e        0x2 contiki-sky.a(rime.o)
 .bss           0x00002380      0x128 contiki-sky.a(csma.o)
 .bss           0x000024a8       0xb8 contiki-sky.a(packetbuf.o)
 .bss           0x00002560      0xc20 contiki-sky.a(queuebuf.o)
 .bss           0x00003180       0xb2 contiki-sky.a(contikimac.o)
 .bss           0x00003232        0x8 contiki-sky.a(compower.o)
 .bss           0x0000323a        0x6 contiki-sky.a(announcement.o)
 .bss           0x00003240       0x46 contiki-sky.a(broadcast-annou)
 .bss           0x00003286        0x2 contiki-sky.a(framer-802154.o)
 .bss           0x00003288       0x40 contiki-sky.a(mac-sequence.o)
 .bss.once.1520
                0x000032c8        0x1 /usr/local/msp430/bin/../lib/gcc/msp430/4.7.0/../../../../msp430/lib/mmpy-16/libc.a(malloc.o)
 *fill*         0x000032c9        0x1 00
 .bss.destination_
                0x000032ca        0x2 /usr/local/msp430/bin/../lib/gcc/msp430/4.7.0/../../../../msp430/lib/mmpy-16/libc.a(sprintf.o)
 .bss.available_
                0x000032cc        0x2 /usr/local/msp430/bin/../lib/gcc/msp430/4.7.0/../../../../msp430/lib/mmpy-16/libc.a(sprintf.o)
 *(.near.bss .near.bss.*)
 *(COMMON)
 COMMON         0x000032ce        0x2 contiki-sky.a(contiki-sky-pla)
                0x000032ce                sensors_flags
 COMMON         0x000032d0        0x8 contiki-sky.a(ds2411.o)
                0x000032d0                ds2411_id
 COMMON         0x000032d8        0x1 contiki-sky.a(sensors.o)
                0x000032d8                sensors_event
 *fill*         0x000032d9        0x1 00
 COMMON         0x000032da       0x10 contiki-sky.a(cc2420.o)
                0x000032da                cc2420_last_rssi
                0x000032dc                cc2420_sfd_start_time
                0x000032de                cc2420_time_of_departure
                0x000032e0                cc2420_time_of_arrival
                0x000032e2                cc2420_last_correlation
                0x000032e4                cc2420_authority_level_of_sender
                0x000032e6                cc2420_sfd_counter
                0x000032e8                cc2420_sfd_end_time
 COMMON         0x000032ea        0x2 contiki-sky.a(msp430.o)
                0x000032ea                msp430_dco_required
 COMMON         0x000032ec       0x20 contiki-sky.a(elfloader.o)
                0x000032ec                elfloader_unknown
                0x0000330a                elfloader_autostart_processes
 COMMON         0x0000330c       0x56 contiki-sky.a(energest.o)
                0x0000330c                energest_total_time
                0x0000333c                energest_total_count
                0x0000333e                energest_current_mode
                0x0000334a                energest_current_time
 COMMON         0x00003362        0x1 contiki-sky.a(process.o)
                0x00003362                process_maxevents
 COMMON         0x00003363        0x1 contiki-sky.a(serial-line.o)
                0x00003363                serial_line_event_message
 COMMON         0x00003364        0x2 contiki-sky.a(linkaddr.o)
                0x00003364                linkaddr_node_addr
 COMMON         0x00003366       0x3c contiki-sky.a(packetbuf.o)
                0x00003366                packetbuf_addrs
                0x0000336e                packetbuf_attrs
 COMMON         0x000033a2        0x8 contiki-sky.a(compower.o)
                0x000033a2                compower_idle_activity
                0x000033aa                . = ALIGN (0x2)
                0x000033aa                __bss_end = .
                0x000021aa                __bss_size = SIZEOF (.bss)

.noinit         0x000033aa        0x2 load address 0x0000e098
                0x000033aa                . = ALIGN (0x2)
                0x000033aa                __noinit_start = .
 *(.noinit .noinit.*)
 .noinit.crt0   0x000033aa        0x2 /usr/local/msp430/bin/../lib/gcc/msp430/4.7.0/mmpy-16/libcrt0.a(__watchdog_support.o)
                0x000033aa                __wdt_clear_value
                0x000033ac                . = ALIGN (0x2)
                0x000033ac                __noinit_end = .
                0x000033ac                . = ALIGN (0x2)
                0x000033ac                _end = .

.infomem        0x00001000        0x0
                0x00001000                . = ALIGN (0x2)
 *(.infomem .infomem.*)

.infomemnobits  0x00001000        0x0
                0x00001000                . = ALIGN (0x2)
 *(.infomemnobits .infomemnobits.*)

.infoa          0x00001080        0x0
                0x00001080                . = ALIGN (0x2)
 *(.infoa .infoa.*)

.infob          0x00001000        0x0
                0x00001000                . = ALIGN (0x2)
 *(.infob .infob.*)

.infoc          0x00000000        0x0
                0x00000000                . = ALIGN (0x2)
 *(.infoc .infoc.*)

.infod          0x00000000        0x0
                0x00000000                . = ALIGN (0x2)
 *(.infod .infod.*)

.vectors        0x0000ffe0       0x20
                0x0000ffe0                __vectors_start = .
 *(.vectors*)
 .vectors       0x0000ffe0       0x20 /usr/local/msp430/bin/../lib/gcc/msp430/4.7.0/mmpy-16/crt0ivtbl16.o
                0x0000ffe0                __ivtbl_16
                0x00010000                _vectors_end = .

.fartext        0x00000000        0x0
                0x00000000                . = ALIGN (0x2)
 *(.fartext .fartext.*)

.far.text       0x00000000        0x0
                0x00000000                . = ALIGN (0x2)
 *(.far.text .far.text.*)

.far.rodata     0x00000000        0x0
                0x00000000                . = ALIGN (0x2)
 *(.far.rodata .far.rodata.*)
                0x00000000                . = ALIGN (0x2)
                0x00000000                _efartext = .

.far.data       0x00000000        0x0
                0x00000000                . = ALIGN (0x2)
                0x00000000                __far_data_start = .
 *(.far.data .far.data.*)
                0x00000000                . = ALIGN (0x2)
                0x00000000                _efardata = .
                0x00000000                __far_data_load_start = LOADADDR (.far.data)
                0x00000000                __far_data_size = SIZEOF (.far.data)

.far.bss        0x00000000        0x0
                0x00000000                . = ALIGN (0x2)
                0x00000000                __far_bss_start = .
 *(.far.bss .far.bss.*)
                0x00000000                . = ALIGN (0x2)
                0x00000000                __far_bss_end = .
                0x00000000                __far_bss_size = SIZEOF (.far.bss)
                0x00000000                . = ALIGN (0x2)
                0x00000000                _far_end = .

.profiler
 *(.profiler)

.stab           0x00000000    0x25434
 *(.stab)
 .stab          0x00000000     0x8238 sdn-wise.co
 .stab          0x00008238      0xdf8 obj_sky/contiki-sky-main.o
                               0x17ac (size before relaxing)
 .stab          0x00009030      0x294 contiki-sky.a(contiki-sky-pla)
                                0x5ac (size before relaxing)
 .stab          0x000092c4      0x30c contiki-sky.a(battery-sensor.)
                                0x684 (size before relaxing)
 .stab          0x000095d0      0x468 contiki-sky.a(button-sensor.o)
                                0x7d4 (size before relaxing)
 .stab          0x00009a38      0x624 contiki-sky.a(ds2411.o)
                                0xb34 (size before relaxing)
 .stab          0x0000a05c      0xb4c contiki-sky.a(xmem.o)
                                0xf00 (size before relaxing)
 .stab          0x0000aba8      0x2b8 contiki-sky.a(node-id.o)
                                0x4e0 (size before relaxing)
 .stab          0x0000ae60      0x69c contiki-sky.a(sensors.o)
                                0xbb8 (size before relaxing)
 .stab          0x0000b4fc     0x276c contiki-sky.a(cfs-coffee.o)
                               0x2ca0 (size before relaxing)
 .stab          0x0000dc68     0x2850 contiki-sky.a(cc2420.o)
                               0x2fd0 (size before relaxing)
 .stab          0x000104b8      0xa44 contiki-sky.a(cc2420-arch.o)
                               0x13f8 (size before relaxing)
 .stab          0x00010efc      0x4ec contiki-sky.a(sky-sensors.o)
                                0x858 (size before relaxing)
 .stab          0x000113e8      0x600 contiki-sky.a(uart1.o)
                                0x954 (size before relaxing)
 .stab          0x000119e8      0x27c contiki-sky.a(uart1-putchar.o)
                                0x7bc (size before relaxing)
 .stab          0x00011c64      0x72c contiki-sky.a(msp430.o)
                                0xa80 (size before relaxing)
 .stab          0x00012390      0x930 contiki-sky.a(clock.o)
                                0xc84 (size before relaxing)
 .stab          0x00012cc0      0x5a0 contiki-sky.a(leds.o)
                                0x7ec (size before relaxing)
 .stab          0x00013260      0x378 contiki-sky.a(leds-arch.o)
                                0x6cc (size before relaxing)
 .stab          0x000135d8      0x3cc contiki-sky.a(watchdog.o)
                                0x720 (size before relaxing)
 .stab          0x000139a4      0x3b4 contiki-sky.a(rtimer-arch.o)
                                0x708 (size before relaxing)
 .stab          0x00013d58      0xf00 contiki-sky.a(elfloader.o)
                               0x14b8 (size before relaxing)
 .stab          0x00014c58      0x3e4 contiki-sky.a(elfloader-msp43)
                                0x7bc (size before relaxing)
 .stab          0x0001503c      0x3d8 contiki-sky.a(symtab.o)
                                0x594 (size before relaxing)
 .stab          0x00015414      0x294 contiki-sky.a(autostart.o)
                                0x534 (size before relaxing)
 .stab          0x000156a8      0x834 contiki-sky.a(ctimer.o)
                                0xba0 (size before relaxing)
 .stab          0x00015edc      0x474 contiki-sky.a(energest.o)
                                0x6fc (size before relaxing)
 .stab          0x00016350      0xa80 contiki-sky.a(etimer.o)
                                0xd50 (size before relaxing)
 .stab          0x00016dd0      0xb70 contiki-sky.a(process.o)
                               0x1008 (size before relaxing)
 .stab          0x00017940      0x3cc contiki-sky.a(rtimer.o)
                                0x6b4 (size before relaxing)
 .stab          0x00017d0c      0x348 contiki-sky.a(timer.o)
                                0x588 (size before relaxing)
 .stab          0x00018054      0x51c contiki-sky.a(serial-line.o)
                                0xa38 (size before relaxing)
 .stab          0x00018570      0x7bc contiki-sky.a(list.o)
                                0x7c8 (size before relaxing)
 .stab          0x00018d2c      0x21c contiki-sky.a(random.o)
                                0x618 (size before relaxing)
 .stab          0x00018f48      0x3f0 contiki-sky.a(ringbuf.o)
                                0x630 (size before relaxing)
 .stab          0x00019338      0x6cc contiki-sky.a(broadcast.o)
                               0x1500 (size before relaxing)
 .stab          0x00019a04      0x654 contiki-sky.a(channel.o)
                               0x1284 (size before relaxing)
 .stab          0x0001a058      0xca8 contiki-sky.a(rime.o)
                               0x13f8 (size before relaxing)
 .stab          0x0001ad00      0x618 contiki-sky.a(unicast.o)
                               0x129c (size before relaxing)
 .stab          0x0001b318      0xe10 contiki-sky.a(csma.o)
                               0x15c0 (size before relaxing)
 .stab          0x0001c128      0x1f8 contiki-sky.a(mac.o)
                                0x4ec (size before relaxing)
 .stab          0x0001c320      0x2ac contiki-sky.a(linkaddr.o)
                                0x6a8 (size before relaxing)
 .stab          0x0001c5cc      0xd74 contiki-sky.a(packetbuf.o)
                               0x1bc0 (size before relaxing)
 .stab          0x0001d340      0xa38 contiki-sky.a(queuebuf.o)
                               0x186c (size before relaxing)
 .stab          0x0001dd78     0x1788 contiki-sky.a(contikimac.o)
                               0x2394 (size before relaxing)
 .stab          0x0001f500      0x7f8 contiki-sky.a(contikimac-fram)
                                0xe58 (size before relaxing)
 .stab          0x0001fcf8      0x3d8 contiki-sky.a(nullsec.o)
                                0xcd8 (size before relaxing)
 .stab          0x000200d0      0x120 contiki-sky.a(symbols.o)
                                0x144 (size before relaxing)
 .stab          0x000201f0      0x1f8 contiki-sky.a(spi.o)
                                0x420 (size before relaxing)
 .stab          0x000203e8      0x4ec contiki-sky.a(compower.o)
                                0xcfc (size before relaxing)
 .stab          0x000208d4      0x5c4 contiki-sky.a(memb.o)
                                0xaf8 (size before relaxing)
 .stab          0x00020e98      0x660 contiki-sky.a(abc.o)
                               0x1494 (size before relaxing)
 .stab          0x000214f8      0x6b4 contiki-sky.a(announcement.o)
                                0x954 (size before relaxing)
 .stab          0x00021bac      0x948 contiki-sky.a(broadcast-annou)
                               0x15cc (size before relaxing)
 .stab          0x000224f4      0x588 contiki-sky.a(chameleon.o)
                               0x123c (size before relaxing)
 .stab          0x00022a7c      0x6d8 contiki-sky.a(framer-802154.o)
                                0xf24 (size before relaxing)
 .stab          0x00023154      0x600 contiki-sky.a(mac-sequence.o)
                               0x144c (size before relaxing)
 .stab          0x00023754      0xd74 contiki-sky.a(chameleon-bitop)
                               0x19f8 (size before relaxing)
 .stab          0x000244c8      0xf6c contiki-sky.a(frame802154.o)
                               0x1740 (size before relaxing)

.stabstr        0x00000000    0x1a23a
 *(.stabstr)
 .stabstr       0x00000000    0x1a23a sdn-wise.co

.stab.excl
 *(.stab.excl)

.stab.exclstr
 *(.stab.exclstr)

.stab.index
 *(.stab.index)

.stab.indexstr
 *(.stab.indexstr)

.comment        0x00000000       0x30
 *(.comment)
 .comment       0x00000000       0x30 sdn-wise.co
                                 0x31 (size before relaxing)
 .comment       0x00000000       0x31 obj_sky/contiki-sky-main.o
 .comment       0x00000000       0x31 contiki-sky.a(contiki-sky-pla)
 .comment       0x00000000       0x31 contiki-sky.a(battery-sensor.)
 .comment       0x00000000       0x31 contiki-sky.a(button-sensor.o)
 .comment       0x00000000       0x31 contiki-sky.a(ds2411.o)
 .comment       0x00000000       0x31 contiki-sky.a(xmem.o)
 .comment       0x00000000       0x31 contiki-sky.a(node-id.o)
 .comment       0x00000000       0x31 contiki-sky.a(sensors.o)
 .comment       0x00000000       0x31 contiki-sky.a(cfs-coffee.o)
 .comment       0x00000000       0x31 contiki-sky.a(cc2420.o)
 .comment       0x00000000       0x31 contiki-sky.a(cc2420-arch.o)
 .comment       0x00000000       0x31 contiki-sky.a(sky-sensors.o)
 .comment       0x00000000       0x31 contiki-sky.a(uart1.o)
 .comment       0x00000000       0x31 contiki-sky.a(uart1-putchar.o)
 .comment       0x00000000       0x31 contiki-sky.a(msp430.o)
 .comment       0x00000000       0x31 contiki-sky.a(clock.o)
 .comment       0x00000000       0x31 contiki-sky.a(leds.o)
 .comment       0x00000000       0x31 contiki-sky.a(leds-arch.o)
 .comment       0x00000000       0x31 contiki-sky.a(watchdog.o)
 .comment       0x00000000       0x31 contiki-sky.a(rtimer-arch.o)
 .comment       0x00000000       0x31 contiki-sky.a(elfloader.o)
 .comment       0x00000000       0x31 contiki-sky.a(elfloader-msp43)
 .comment       0x00000000       0x31 contiki-sky.a(symtab.o)
 .comment       0x00000000       0x31 contiki-sky.a(autostart.o)
 .comment       0x00000000       0x31 contiki-sky.a(ctimer.o)
 .comment       0x00000000       0x31 contiki-sky.a(energest.o)
 .comment       0x00000000       0x31 contiki-sky.a(etimer.o)
 .comment       0x00000000       0x31 contiki-sky.a(process.o)
 .comment       0x00000000       0x31 contiki-sky.a(rtimer.o)
 .comment       0x00000000       0x31 contiki-sky.a(timer.o)
 .comment       0x00000000       0x31 contiki-sky.a(serial-line.o)
 .comment       0x00000000       0x31 contiki-sky.a(list.o)
 .comment       0x00000000       0x31 contiki-sky.a(random.o)
 .comment       0x00000000       0x31 contiki-sky.a(ringbuf.o)
 .comment       0x00000000       0x31 contiki-sky.a(broadcast.o)
 .comment       0x00000000       0x31 contiki-sky.a(channel.o)
 .comment       0x00000000       0x31 contiki-sky.a(rime.o)
 .comment       0x00000000       0x31 contiki-sky.a(unicast.o)
 .comment       0x00000000       0x31 contiki-sky.a(csma.o)
 .comment       0x00000000       0x31 contiki-sky.a(mac.o)
 .comment       0x00000000       0x31 contiki-sky.a(linkaddr.o)
 .comment       0x00000000       0x31 contiki-sky.a(packetbuf.o)
 .comment       0x00000000       0x31 contiki-sky.a(queuebuf.o)
 .comment       0x00000000       0x31 contiki-sky.a(contikimac.o)
 .comment       0x00000000       0x31 contiki-sky.a(contikimac-fram)
 .comment       0x00000000       0x31 contiki-sky.a(nullsec.o)
 .comment       0x00000000       0x31 contiki-sky.a(symbols.o)
 .comment       0x00000000       0x31 contiki-sky.a(spi.o)
 .comment       0x00000000       0x31 contiki-sky.a(compower.o)
 .comment       0x00000000       0x31 contiki-sky.a(memb.o)
 .comment       0x00000000       0x31 contiki-sky.a(abc.o)
 .comment       0x00000000       0x31 contiki-sky.a(announcement.o)
 .comment       0x00000000       0x31 contiki-sky.a(broadcast-annou)
 .comment       0x00000000       0x31 contiki-sky.a(chameleon.o)
 .comment       0x00000000       0x31 contiki-sky.a(framer-802154.o)
 .comment       0x00000000       0x31 contiki-sky.a(mac-sequence.o)
 .comment       0x00000000       0x31 contiki-sky.a(chameleon-bitop)
 .comment       0x00000000       0x31 contiki-sky.a(frame802154.o)
 .comment       0x00000000       0x31 /usr/local/msp430/bin/../lib/gcc/msp430/4.7.0/../../../../msp430/lib/mmpy-16/libc.a(malloc.o)
 .comment       0x00000000       0x31 /usr/local/msp430/bin/../lib/gcc/msp430/4.7.0/../../../../msp430/lib/mmpy-16/libc.a(printf.o)
 .comment       0x00000000       0x31 /usr/local/msp430/bin/../lib/gcc/msp430/4.7.0/../../../../msp430/lib/mmpy-16/libc.a(sprintf.o)
 .comment       0x00000000       0x31 /usr/local/msp430/bin/../lib/gcc/msp430/4.7.0/../../../../msp430/lib/mmpy-16/libc.a(vuprintf.o)
 .comment       0x00000000       0x31 /usr/local/msp430/bin/../lib/gcc/msp430/4.7.0/../../../../msp430/lib/mmpy-16/libc.a(puts.o)
 .comment       0x00000000       0x31 /usr/local/msp430/bin/../lib/gcc/msp430/4.7.0/../../../../msp430/lib/mmpy-16/libc.a(rand.o)
 .comment       0x00000000       0x31 /usr/local/msp430/bin/../lib/gcc/msp430/4.7.0/../../../../msp430/lib/mmpy-16/libc.a(strcmp.o)
 .comment       0x00000000       0x31 /usr/local/msp430/bin/../lib/gcc/msp430/4.7.0/../../../../msp430/lib/mmpy-16/libc.a(strncmp.o)
 .comment       0x00000000       0x31 /usr/local/msp430/bin/../lib/gcc/msp430/4.7.0/../../../../msp430/lib/mmpy-16/libc.a(memcmp.o)
 .comment       0x00000000       0x31 /usr/local/msp430/bin/../lib/gcc/msp430/4.7.0/../../../../msp430/lib/mmpy-16/libc.a(strncpy.o)
 .comment       0x00000000       0x31 /usr/local/msp430/bin/../lib/gcc/msp430/4.7.0/../../../../msp430/lib/mmpy-16/libc.a(memcpy.o)
 .comment       0x00000000       0x31 /usr/local/msp430/bin/../lib/gcc/msp430/4.7.0/../../../../msp430/lib/mmpy-16/libc.a(memset.o)

.debug
 *(.debug)

.line
 *(.line)

.debug_srcinfo
 *(.debug_srcinfo)

.debug_sfnames
 *(.debug_sfnames)

.debug_aranges  0x00000000      0x21c
 *(.debug_aranges)
 .debug_aranges
                0x00000000       0x14 /usr/local/msp430/bin/../lib/gcc/msp430/4.7.0/mmpy-16/crt0ivtbl16.o
 .debug_aranges
                0x00000014       0x14 /usr/local/msp430/bin/../lib/gcc/msp430/4.7.0/mmpy-16/libgcc.a(_mulsi3.o)
 .debug_aranges
                0x00000028       0x14 /usr/local/msp430/bin/../lib/gcc/msp430/4.7.0/mmpy-16/libgcc.a(_udivmod16.o)
 .debug_aranges
                0x0000003c       0x14 /usr/local/msp430/bin/../lib/gcc/msp430/4.7.0/mmpy-16/libgcc.a(_divmod16.o)
 .debug_aranges
                0x00000050       0x14 /usr/local/msp430/bin/../lib/gcc/msp430/4.7.0/mmpy-16/libgcc.a(_udivmod32.o)
 .debug_aranges
                0x00000064       0x14 /usr/local/msp430/bin/../lib/gcc/msp430/4.7.0/mmpy-16/libgcc.a(_divmod32.o)
 .debug_aranges
                0x00000078       0x18 /usr/local/msp430/bin/../lib/gcc/msp430/4.7.0/../../../../msp430/lib/mmpy-16/libc.a(malloc.o)
 .debug_aranges
                0x00000090       0x18 /usr/local/msp430/bin/../lib/gcc/msp430/4.7.0/../../../../msp430/lib/mmpy-16/libc.a(printf.o)
 .debug_aranges
                0x000000a8       0x28 /usr/local/msp430/bin/../lib/gcc/msp430/4.7.0/../../../../msp430/lib/mmpy-16/libc.a(sprintf.o)
 .debug_aranges
                0x000000d0       0x18 /usr/local/msp430/bin/../lib/gcc/msp430/4.7.0/../../../../msp430/lib/mmpy-16/libc.a(vuprintf.o)
 .debug_aranges
                0x000000e8       0x14 /usr/local/msp430/bin/../lib/gcc/msp430/4.7.0/../../../../msp430/lib/mmpy-16/libc.a(puts.o)
 .debug_aranges
                0x000000fc       0x1c /usr/local/msp430/bin/../lib/gcc/msp430/4.7.0/../../../../msp430/lib/mmpy-16/libc.a(rand.o)
 .debug_aranges
                0x00000118       0x14 /usr/local/msp430/bin/../lib/gcc/msp430/4.7.0/../../../../msp430/lib/mmpy-16/libc.a(strcmp.o)
 .debug_aranges
                0x0000012c       0x14 /usr/local/msp430/bin/../lib/gcc/msp430/4.7.0/../../../../msp430/lib/mmpy-16/libc.a(strncmp.o)
 .debug_aranges
                0x00000140       0x14 /usr/local/msp430/bin/../lib/gcc/msp430/4.7.0/../../../../msp430/lib/mmpy-16/libc.a(memcmp.o)
 .debug_aranges
                0x00000154       0x14 /usr/local/msp430/bin/../lib/gcc/msp430/4.7.0/../../../../msp430/lib/mmpy-16/libc.a(strncpy.o)
 .debug_aranges
                0x00000168       0x14 /usr/local/msp430/bin/../lib/gcc/msp430/4.7.0/../../../../msp430/lib/mmpy-16/libc.a(memcpy.o)
 .debug_aranges
                0x0000017c       0x14 /usr/local/msp430/bin/../lib/gcc/msp430/4.7.0/../../../../msp430/lib/mmpy-16/libc.a(memset.o)
 .debug_aranges
                0x00000190       0x14 /usr/local/msp430/bin/../lib/gcc/msp430/4.7.0/mmpy-16/libgcc.a(_udivmod64.o)
 .debug_aranges
                0x000001a4       0x14 /usr/local/msp430/bin/../lib/gcc/msp430/4.7.0/mmpy-16/libcrt0.a(__watchdog_support.o)
 .debug_aranges
                0x000001b8       0x14 /usr/local/msp430/bin/../lib/gcc/msp430/4.7.0/mmpy-16/libcrt0.a(__init_stack.o)
 .debug_aranges
                0x000001cc       0x14 /usr/local/msp430/bin/../lib/gcc/msp430/4.7.0/mmpy-16/libcrt0.a(_copy_data.o)
 .debug_aranges