Archive member included because of file (symbol)

contiki-stm32f401re-nucleo-spirit1.a(button-sensor.o)
                              obj_stm32f401re-nucleo-spirit1/contiki-spirit1-main.o (button_sensor)
contiki-stm32f401re-nucleo-spirit1.a(radio-sensor.o)
                              obj_stm32f401re-nucleo-spirit1/contiki-spirit1-main.o (radio_sensor)
contiki-stm32f401re-nucleo-spirit1.a(uart-msg.o)
                              sdn-wise.co (uart1_set_input)
contiki-stm32f401re-nucleo-spirit1.a(spirit1.o)
                              obj_stm32f401re-nucleo-spirit1/contiki-spirit1-main.o (spirit_radio_driver)
contiki-stm32f401re-nucleo-spirit1.a(node-id.o)
                              obj_stm32f401re-nucleo-spirit1/contiki-spirit1-main.o (node_id)
contiki-stm32f401re-nucleo-spirit1.a(spirit1_appli.o)
                              contiki-stm32f401re-nucleo-spirit1.a(spirit1.o) (rx_timeout)
contiki-stm32f401re-nucleo-spirit1.a(stm32f4xx_hal_m)
                              contiki-stm32f401re-nucleo-spirit1.a(uart-msg.o) (UartHandle)
contiki-stm32f401re-nucleo-spirit1.a(stm32f4xx_it.o)
                              obj_stm32f401re-nucleo-spirit1/startup_stm32f401xe.o (EXTI9_5_IRQHandler)
contiki-stm32f401re-nucleo-spirit1.a(stm32cube_hal_i)
                              contiki-stm32f401re-nucleo-spirit1.a(stm32f4xx_it.o) (I2cHandle)
contiki-stm32f401re-nucleo-spirit1.a(stm32f4xx_nucle)
                              contiki-stm32f401re-nucleo-spirit1.a(stm32cube_hal_i) (BSP_LED_Toggle)
contiki-stm32f401re-nucleo-spirit1.a(radio_gpio.o)
                              contiki-stm32f401re-nucleo-spirit1.a(spirit1.o) (RadioGpioInit)
contiki-stm32f401re-nucleo-spirit1.a(radio_shield_co)
                              contiki-stm32f401re-nucleo-spirit1.a(spirit1_appli.o) (RadioShieldLedInit)
contiki-stm32f401re-nucleo-spirit1.a(radio_spi.o)
                              contiki-stm32f401re-nucleo-spirit1.a(spirit1.o) (SdkEvalSpiInit)
contiki-stm32f401re-nucleo-spirit1.a(SPIRIT1_Util.o)
                              contiki-stm32f401re-nucleo-spirit1.a(spirit1_appli.o) (Spirit1InterfaceInit)
contiki-stm32f401re-nucleo-spirit1.a(SPIRIT_Commands)
                              contiki-stm32f401re-nucleo-spirit1.a(spirit1.o) (SpiritCmdStrobeCommand)
contiki-stm32f401re-nucleo-spirit1.a(SPIRIT_General.)
                              contiki-stm32f401re-nucleo-spirit1.a(SPIRIT1_Util.o) (SpiritGeneralSetExtRef)
contiki-stm32f401re-nucleo-spirit1.a(SPIRIT_Gpio.o)
                              contiki-stm32f401re-nucleo-spirit1.a(spirit1.o) (SpiritGpioInit)
contiki-stm32f401re-nucleo-spirit1.a(SPIRIT_Irq.o)
                              contiki-stm32f401re-nucleo-spirit1.a(spirit1.o) (SpiritIrqDeInit)
contiki-stm32f401re-nucleo-spirit1.a(SPIRIT_LinearFi)
                              contiki-stm32f401re-nucleo-spirit1.a(spirit1.o) (SpiritLinearFifoReadNumElementsRxFifo)
contiki-stm32f401re-nucleo-spirit1.a(SPIRIT_Manageme)
                              contiki-stm32f401re-nucleo-spirit1.a(spirit1.o) (SpiritManagementSetFrequencyBase)
contiki-stm32f401re-nucleo-spirit1.a(SPIRIT_PktBasic)
                              contiki-stm32f401re-nucleo-spirit1.a(spirit1.o) (SpiritPktBasicInit)
contiki-stm32f401re-nucleo-spirit1.a(SPIRIT_PktCommo)
                              contiki-stm32f401re-nucleo-spirit1.a(SPIRIT_PktBasic) (SpiritPktCommonGetControlLength)
contiki-stm32f401re-nucleo-spirit1.a(SPIRIT_Qi.o)
                              contiki-stm32f401re-nucleo-spirit1.a(spirit1.o) (SpiritQiSqiCheck)
contiki-stm32f401re-nucleo-spirit1.a(SPIRIT_Radio.o)
                              contiki-stm32f401re-nucleo-spirit1.a(spirit1.o) (SpiritRadioInit)
contiki-stm32f401re-nucleo-spirit1.a(SPIRIT_Timer.o)
                              contiki-stm32f401re-nucleo-spirit1.a(SPIRIT1_Util.o) (SpiritTimerSetRxTimeoutMs)
contiki-stm32f401re-nucleo-spirit1.a(SPIRIT_Types.o)
                              contiki-stm32f401re-nucleo-spirit1.a(spirit1.o) (g_xStatus)
contiki-stm32f401re-nucleo-spirit1.a(stm32f4xx_hal.o)
                              contiki-stm32f401re-nucleo-spirit1.a(stm32cube_hal_i) (HAL_Init)
contiki-stm32f401re-nucleo-spirit1.a(stm32f4xx_hal_a)
                              contiki-stm32f401re-nucleo-spirit1.a(stm32f4xx_nucle) (HAL_ADC_Init)
contiki-stm32f401re-nucleo-spirit1.a(stm32f4xx_hal_c)
                              contiki-stm32f401re-nucleo-spirit1.a(stm32f4xx_hal.o) (HAL_NVIC_SetPriorityGrouping)
contiki-stm32f401re-nucleo-spirit1.a(stm32f4xx_hal_d)
                              contiki-stm32f401re-nucleo-spirit1.a(stm32f4xx_hal_a) (HAL_DMA_Start_IT)
contiki-stm32f401re-nucleo-spirit1.a(stm32f4xx_hal_g)
                              contiki-stm32f401re-nucleo-spirit1.a(stm32f4xx_hal_m) (HAL_GPIO_Init)
contiki-stm32f401re-nucleo-spirit1.a(stm32f4xx_hal_i)
                              contiki-stm32f401re-nucleo-spirit1.a(stm32f4xx_it.o) (HAL_I2C_EV_IRQHandler)
contiki-stm32f401re-nucleo-spirit1.a(stm32f4xx_hal_p)
[...]
Memory Configuration

Name             Origin             Length             Attributes
FLASH            0x08000000         0x00080000         xr
RAM              0x20000000         0x00018000         xrw
*default*        0x00000000         0xffffffff

Linker script and memory map

LOAD /usr/bin/../lib/gcc/arm-none-eabi/4.9.3/armv7e-m/crti.o
LOAD /usr/bin/../lib/gcc/arm-none-eabi/4.9.3/armv7e-m/crtbegin.o
LOAD /usr/bin/../lib/gcc/arm-none-eabi/4.9.3/../../../../arm-none-eabi/lib/armv7e-m/crt0.o
LOAD /usr/bin/../lib/gcc/arm-none-eabi/4.9.3/../../../../arm-none-eabi/lib/armv7e-m/libm.a
LOAD ../contiki/cpu/arm/stm32f401/lib/smallprintf_thumb2.a
LOAD sdn-wise.co
LOAD obj_stm32f401re-nucleo-spirit1/contiki-spirit1-main.o
LOAD obj_stm32f401re-nucleo-spirit1/startup_stm32f401xe.o
LOAD obj_stm32f401re-nucleo-spirit1/symbols.o
START GROUP
LOAD contiki-stm32f401re-nucleo-spirit1.a
END GROUP
LOAD obj_stm32f401re-nucleo-spirit1/syscalls.o
LOAD obj_stm32f401re-nucleo-spirit1/console.o
LOAD obj_stm32f401re-nucleo-spirit1/crt.o
LOAD obj_stm32f401re-nucleo-spirit1/uart.o
START GROUP
LOAD /usr/bin/../lib/gcc/arm-none-eabi/4.9.3/armv7e-m/libgcc.a
LOAD /usr/bin/../lib/gcc/arm-none-eabi/4.9.3/../../../../arm-none-eabi/lib/armv7e-m/libc.a
END GROUP
LOAD /usr/bin/../lib/gcc/arm-none-eabi/4.9.3/armv7e-m/crtend.o
LOAD /usr/bin/../lib/gcc/arm-none-eabi/4.9.3/armv7e-m/crtn.o
                0x20018000                _estack = 0x20018000
                0x00000000                _Min_Heap_Size = 0x0
                0x00000000                _Min_Stack_Size = 0x0

.isr_vector     0x08000000      0x194
                0x08000000                . = ALIGN (0x4)
 *(.isr_vector)
 .isr_vector    0x08000000      0x194 obj_stm32f401re-nucleo-spirit1/startup_stm32f401xe.o
                0x08000000                g_pfnVectors
                0x08000194                . = ALIGN (0x4)

.text           0x08000198    0x1407c
                0x08000198                . = ALIGN (0x4)
 *(.text)
 .text          0x08000198       0x5c /usr/bin/../lib/gcc/arm-none-eabi/4.9.3/armv7e-m/crtbegin.o
 .text          0x080001f4      0x370 /usr/bin/../lib/gcc/arm-none-eabi/4.9.3/armv7e-m/libgcc.a(_arm_addsubdf3.o)
                0x080001f4                __aeabi_drsub
                0x080001fc                __aeabi_dsub
                0x080001fc                __subdf3
                0x08000200                __adddf3
                0x08000200                __aeabi_dadd
                0x08000478                __aeabi_ui2d
                0x08000478                __floatunsidf
                0x08000498                __floatsidf
                0x08000498                __aeabi_i2d
                0x080004bc                __extendsfdf2
                0x080004bc                __aeabi_f2d
                0x080004f8                __aeabi_ul2d
                0x080004f8                __floatundidf
                0x08000508                __floatdidf
                0x08000508                __aeabi_l2d
 .text          0x08000564      0x424 /usr/bin/../lib/gcc/arm-none-eabi/4.9.3/armv7e-m/libgcc.a(_arm_muldivdf3.o)
                0x08000564                __aeabi_dmul
                0x08000564                __muldf3
                0x080007b8                __aeabi_ddiv
                0x080007b8                __divdf3
 .text          0x08000988      0x110 /usr/bin/../lib/gcc/arm-none-eabi/4.9.3/armv7e-m/libgcc.a(_arm_cmpdf2.o)
                0x08000988                __gtdf2
                0x08000988                __gedf2
                0x08000990                __ltdf2
                0x08000990                __ledf2
                0x08000998                __cmpdf2
                0x08000998                __eqdf2
                0x08000998                __nedf2
                0x08000a14                __aeabi_cdrcmple
                0x08000a24                __aeabi_cdcmple
                0x08000a24                __aeabi_cdcmpeq
                0x08000a34                __aeabi_dcmpeq
                0x08000a48                __aeabi_dcmplt
                0x08000a5c                __aeabi_dcmple
                0x08000a70                __aeabi_dcmpge
                0x08000a84                __aeabi_dcmpgt
 .text          0x08000a98       0x50 /usr/bin/../lib/gcc/arm-none-eabi/4.9.3/armv7e-m/libgcc.a(_arm_fixdfsi.o)
                0x08000a98                __fixdfsi
                0x08000a98                __aeabi_d2iz
 .text          0x08000ae8       0x40 /usr/bin/../lib/gcc/arm-none-eabi/4.9.3/armv7e-m/libgcc.a(_arm_fixunsdfsi.o)
                0x08000ae8                __fixunsdfsi
                0x08000ae8                __aeabi_d2uiz
 .text          0x08000b28       0xa0 /usr/bin/../lib/gcc/arm-none-eabi/4.9.3/armv7e-m/libgcc.a(_arm_truncdfsf2.o)
                0x08000b28                __aeabi_d2f
                0x08000b28                __truncdfsf2
 .text          0x08000bc8      0x21c /usr/bin/../lib/gcc/arm-none-eabi/4.9.3/armv7e-m/libgcc.a(_arm_addsubsf3.o)
                0x08000bc8                __aeabi_frsub
                0x08000bd0                __subsf3
                0x08000bd0                __aeabi_fsub
                0x08000bd4                __aeabi_fadd
                0x08000bd4                __addsf3
                0x08000d34                __aeabi_ui2f
                0x08000d34                __floatunsisf
                0x08000d3c                __aeabi_i2f
                0x08000d3c                __floatsisf
                0x08000d58                __floatundisf
                0x08000d58                __aeabi_ul2f
                0x08000d68                __floatdisf
                0x08000d68                __aeabi_l2f
 .text          0x08000de4      0x2a0 /usr/bin/../lib/gcc/arm-none-eabi/4.9.3/armv7e-m/libgcc.a(_arm_muldivsf3.o)
                0x08000de4                __mulsf3
                0x08000de4                __aeabi_fmul
                0x08000f4c                __divsf3
                0x08000f4c                __aeabi_fdiv
 .text          0x08001084       0xec /usr/bin/../lib/gcc/arm-none-eabi/4.9.3/armv7e-m/libgcc.a(_arm_cmpsf2.o)
                0x08001084                __gtsf2
                0x08001084                __gesf2
                0x0800108c                __lesf2
                0x0800108c                __ltsf2
                0x08001094                __nesf2
                0x08001094                __eqsf2
                0x08001094                __cmpsf2
                0x080010f4                __aeabi_cfrcmple
                0x080010fc                __aeabi_cfcmple
                0x080010fc                __aeabi_cfcmpeq
                0x0800110c                __aeabi_fcmpeq
                0x08001120                __aeabi_fcmplt
                0x08001134                __aeabi_fcmple
                0x08001148                __aeabi_fcmpge
                0x0800115c                __aeabi_fcmpgt
 .text          0x08001170       0x4c /usr/bin/../lib/gcc/arm-none-eabi/4.9.3/armv7e-m/libgcc.a(_arm_fixsfsi.o)
                0x08001170                __fixsfsi
                0x08001170                __aeabi_f2iz
 .text          0x080011bc       0x40 /usr/bin/../lib/gcc/arm-none-eabi/4.9.3/armv7e-m/libgcc.a(_arm_fixunssfsi.o)
                0x080011bc                __aeabi_f2uiz
                0x080011bc                __fixunssfsi
 .text          0x080011fc      0x134 /usr/bin/../lib/gcc/arm-none-eabi/4.9.3/../../../../arm-none-eabi/lib/armv7e-m/libc.a(lib_a-memcpy.o)
                0x080011fc                memcpy
 .text          0x08001330       0x30 /usr/bin/../lib/gcc/arm-none-eabi/4.9.3/armv7e-m/libgcc.a(_aeabi_uldivmod.o)
                0x08001330                __aeabi_uldivmod
 .text          0x08001360       0x60 /usr/bin/../lib/gcc/arm-none-eabi/4.9.3/armv7e-m/libgcc.a(bpabi.o)
                0x08001360                __gnu_ldivmod_helper
                0x08001390                __gnu_uldivmod_helper
 .text          0x080013c0        0x4 /usr/bin/../lib/gcc/arm-none-eabi/4.9.3/armv7e-m/libgcc.a(_dvmd_tls.o)
                0x080013c0                __aeabi_ldiv0
                0x080013c0                __aeabi_idiv0
 .text          0x080013c4      0x29c /usr/bin/../lib/gcc/arm-none-eabi/4.9.3/armv7e-m/libgcc.a(_divdi3.o)
                0x080013c4                __divdi3
 .text          0x08001660      0x26c /usr/bin/../lib/gcc/arm-none-eabi/4.9.3/armv7e-m/libgcc.a(_udivdi3.o)
                0x08001660                __udivdi3
 *(.text*)
 .text.printArray
                0x080018cc       0x40 sdn-wise.co
                0x080018cc                printArray
 .text.split    0x0800190c       0x54 sdn-wise.co
                0x0800190c                split
 .text.arrayCmp
                0x08001960       0x6c sdn-wise.co
                0x08001960                arrayCmp
 .text.address2array
                0x080019cc       0x24 sdn-wise.co
                0x080019cc                address2array
 .text.array2address
                0x080019f0       0x24 sdn-wise.co
                0x080019f0                array2address
 .text.addressCmp
                0x08001a14       0x40 sdn-wise.co
                0x08001a14                addressCmp
 .text.header2array
                0x08001a54       0x68 sdn-wise.co
                0x08001a54                header2array
 .text.array2header
                0x08001abc       0x68 sdn-wise.co
                0x08001abc                array2header
 .text.neighbor2array
                0x08001b24       0x48 sdn-wise.co
                0x08001b24                neighbor2array
 .text.neighbor_table_add
                0x08001b6c       0x7c sdn-wise.co
                0x08001b6c                neighbor_table_add
 .text.neighbor_table_remove
                0x08001be8       0xc4 sdn-wise.co
                0x08001be8                neighbor_table_remove
 .text.neighbor_table_remove_all
                0x08001cac       0x3c sdn-wise.co
                0x08001cac                neighbor_table_remove_all
 .text.find_element_by_address
                0x08001ce8       0x58 sdn-wise.co
                0x08001ce8                find_element_by_address
 .text.find_best_neighbor
                0x08001d40       0xb4 sdn-wise.co
                0x08001d40                find_best_neighbor
 .text.neighbor2sink_init
                0x08001df4       0x30 sdn-wise.co
                0x08001df4                neighbor2sink_init
 .text.table_init
                0x08001e24       0x2c sdn-wise.co
                0x08001e24                table_init
 .text.conf_init
                0x08001e50       0x54 sdn-wise.co
                0x08001e50                conf_init
 .text.function_list_root_init
                0x08001ea4       0x30 sdn-wise.co
                0x08001ea4                function_list_root_init
 .text.ruleWindow2array
                0x08001ed4       0x34 sdn-wise.co
                0x08001ed4                ruleWindow2array
 .text.array2ruleWindow
                0x08001f08       0x34 sdn-wise.co
                0x08001f08                array2ruleWindow
 .text.ruleAction2array
                0x08001f3c       0x34 sdn-wise.co
                0x08001f3c                ruleAction2array
 .text.array2ruleAction
                0x08001f70       0x34 sdn-wise.co
                0x08001f70                array2ruleAction
 .text.ruleStats2array
                0x08001fa4       0x24 sdn-wise.co
                0x08001fa4                ruleStats2array
 .text.array2ruleStats
                0x08001fc8       0x24 sdn-wise.co
                0x08001fc8                array2ruleStats
 .text.rule2array
                0x08001fec       0xdc sdn-wise.co
                0x08001fec                rule2array
 .text.array2rule
                0x080020c8       0x98 sdn-wise.co
                0x080020c8                array2rule
 .text.ruleCmp  0x08002160       0xc0 sdn-wise.co
                0x08002160                ruleCmp
 .text.flow_table_add
                0x08002220       0xe0 sdn-wise.co
                0x08002220                flow_table_add
 .text.flow_table_remove
                0x08002300       0xc4 sdn-wise.co
                0x08002300                flow_table_remove
 .text.checkWindow
                0x080023c4      0x1d4 sdn-wise.co
                0x080023c4                checkWindow
 .text.runAction
                0x08002598      0x160 sdn-wise.co
                0x08002598                runAction
 .text.updateStats
                0x080026f8       0x20 sdn-wise.co
                0x080026f8                updateStats
 .text.flow_table_new_default_rule
                0x08002718       0x90 sdn-wise.co
                0x08002718                flow_table_new_default_rule
 .text.flow_table_init
                0x080027a8       0x68 sdn-wise.co
                0x080027a8                flow_table_init
 .text.update_rule2sink
                0x08002810       0x58 sdn-wise.co
                0x08002810                update_rule2sink
 .text.forwarding2controller
                0x08002868       0x1c sdn-wise.co
                0x08002868                forwarding2controller
 .text.send_packet
                0x08002884       0x84 sdn-wise.co
                0x08002884                send_packet
 .text.send_packet2
                0x08002908       0x1c sdn-wise.co
                0x08002908                send_packet2
 .text.forward_up
                0x08002924       0x1c sdn-wise.co
                0x08002924                forward_up
 .text.accepted_table_add
                0x08002940       0x60 sdn-wise.co
                0x08002940                accepted_table_add
 .text.accepted_table_search
                0x080029a0       0x50 sdn-wise.co
                0x080029a0                accepted_table_search
 .text.accepted_table_remove
                0x080029f0       0x9c sdn-wise.co
                0x080029f0                accepted_table_remove
 .text.accepted_table_init
                0x08002a8c       0x38 sdn-wise.co
                0x08002a8c                accepted_table_init
 .text.recv_packet
                0x08002ac4      0x710 sdn-wise.co
 .text.unicast_recv_packet
                0x080031d4       0x1c sdn-wise.co
 .text.broadcast_recv_packet
                0x080031f0       0x1c sdn-wise.co
 .text.input_stream_push
                0x0800320c       0x64 sdn-wise.co
                0x0800320c                input_stream_push
 .text.input_stream_pop
                0x08003270       0x58 sdn-wise.co
                0x08003270                input_stream_pop
 .text.uart_rx_callback
                0x080032c8       0x24 sdn-wise.co
 .text.input_stream_init
                0x080032ec       0x38 sdn-wise.co
                0x080032ec                input_stream_init
 .text.process_thread_init_process
                0x08003324       0x50 sdn-wise.co
 .text.process_thread_low_layer_process
                0x08003374      0x144 sdn-wise.co
 .text.process_thread_low_layer_forward_up
                0x080034b8       0x84 sdn-wise.co
 .text.process_thread_config_incoming_packet
                0x0800353c      0x9bc sdn-wise.co
 .text.process_thread_td_incoming_beacon_packet
                0x08003ef8      0x1f0 sdn-wise.co
 .text.process_thread_td_send_beacon_packet
                0x080040e8       0xf0 sdn-wise.co
 .text.process_thread_td_send_report_packet
                0x080041d8      0x1cc sdn-wise.co
 .text.process_thread_forwarding_packet_to_sink
                0x080043a4       0xb0 sdn-wise.co
 .text.process_thread_forwarding_data_packet
                0x08004454      0x190 sdn-wise.co
 .text.process_thread_forwarding_incoming_response_packet
                0x080045e4       0xec sdn-wise.co
 .text.process_thread_forwarding_to_controller
                0x080046d0       0x8c sdn-wise.co
 .text.process_thread_forwarding_update_table
                0x0800475c       0xbc sdn-wise.co
 .text.process_thread_test_serial
                0x08004818      0x160 sdn-wise.co
 .text.process_thread_prova
                0x08004978       0x84 sdn-wise.co
 .text.main     0x080049fc       0x84 obj_stm32f401re-nucleo-spirit1/contiki-spirit1-main.o
                0x080049fc                main
 .text.set_rime_addr
                0x08004a80       0x30 obj_stm32f401re-nucleo-spirit1/contiki-spirit1-main.o
 .text.Reset_Handler
                0x08004ab0       0x50 obj_stm32f401re-nucleo-spirit1/startup_stm32f401xe.o
                0x08004ab0                Reset_Handler
 .text.Default_Handler
                0x08004b00        0x2 obj_stm32f401re-nucleo-spirit1/startup_stm32f401xe.o
                0x08004b00                RTC_Alarm_IRQHandler
                0x08004b00                SPI4_IRQHandler
                0x08004b00                TIM1_CC_IRQHandler
                0x08004b00                DMA2_Stream5_IRQHandler
                0x08004b00                DMA1_Stream5_IRQHandler
                0x08004b00                PVD_IRQHandler
                0x08004b00                SDIO_IRQHandler
                0x08004b00                TAMP_STAMP_IRQHandler
                0x08004b00                TIM1_UP_TIM10_IRQHandler
                0x08004b00                I2C3_ER_IRQHandler
                0x08004b00                I2C2_EV_IRQHandler
                0x08004b00                DMA1_Stream2_IRQHandler
                0x08004b00                FPU_IRQHandler
                0x08004b00                DMA2_Stream2_IRQHandler
                0x08004b00                SPI1_IRQHandler
                0x08004b00                TIM1_BRK_TIM9_IRQHandler
                0x08004b00                DMA2_Stream3_IRQHandler
                0x08004b00                USART6_IRQHandler
                0x08004b00                DMA2_Stream0_IRQHandler
                0x08004b00                TIM4_IRQHandler
                0x08004b00                I2C1_EV_IRQHandler
                0x08004b00                DMA1_Stream6_IRQHandler
                0x08004b00                DMA1_Stream1_IRQHandler
                0x08004b00                TIM3_IRQHandler
                0x08004b00                RCC_IRQHandler
                0x08004b00                Default_Handler
                0x08004b00                ADC_IRQHandler
                0x08004b00                DMA1_Stream7_IRQHandler
                0x08004b00                TIM5_IRQHandler
                0x08004b00                DMA2_Stream7_IRQHandler
                0x08004b00                I2C3_EV_IRQHandler
                0x08004b00                RTC_WKUP_IRQHandler
                0x08004b00                SPI2_IRQHandler
                0x08004b00                DMA1_Stream0_IRQHandler
                0x08004b00                OTG_FS_WKUP_IRQHandler
                0x08004b00                TIM1_TRG_COM_TIM11_IRQHandler
                0x08004b00                I2C2_ER_IRQHandler
                0x08004b00                DMA2_Stream1_IRQHandler
                0x08004b00                FLASH_IRQHandler
                0x08004b00                DMA2_Stream4_IRQHandler
                0x08004b00                USART1_IRQHandler
                0x08004b00                OTG_FS_IRQHandler
                0x08004b00                SPI3_IRQHandler
                0x08004b00                DMA1_Stream4_IRQHandler
                0x08004b00                I2C1_ER_IRQHandler
                0x08004b00                DMA2_Stream6_IRQHandler
                0x08004b00                DMA1_Stream3_IRQHandler
 *fill*         0x08004b02        0x2 
 .text.init     0x08004b04       0x10 contiki-stm32f401re-nucleo-spirit1.a(button-sensor.o)
 .text.activate
                0x08004b14       0x18 contiki-stm32f401re-nucleo-spirit1.a(button-sensor.o)
 .text.deactivate
                0x08004b2c       0x18 contiki-stm32f401re-nucleo-spirit1.a(button-sensor.o)
 .text.active   0x08004b44       0x14 contiki-stm32f401re-nucleo-spirit1.a(button-sensor.o)
 .text.value    0x08004b58       0x18 contiki-stm32f401re-nucleo-spirit1.a(button-sensor.o)
 .text.configure
                0x08004b70       0x3c contiki-stm32f401re-nucleo-spirit1.a(button-sensor.o)
 .text.status   0x08004bac       0x20 contiki-stm32f401re-nucleo-spirit1.a(button-sensor.o)
 .text.init     0x08004bcc        0xc contiki-stm32f401re-nucleo-spirit1.a(radio-sensor.o)
 .text.activate
                0x08004bd8       0x18 contiki-stm32f401re-nucleo-spirit1.a(radio-sensor.o)
 .text.deactivate
                0x08004bf0       0x18 contiki-stm32f401re-nucleo-spirit1.a(radio-sensor.o)
 .text.active   0x08004c08       0x18 contiki-stm32f401re-nucleo-spirit1.a(radio-sensor.o)
 .text.value    0x08004c20       0x6c contiki-stm32f401re-nucleo-spirit1.a(radio-sensor.o)
 .text.configure
                0x08004c8c       0x3c contiki-stm32f401re-nucleo-spirit1.a(radio-sensor.o)
 .text.status   0x08004cc8       0x20 contiki-stm32f401re-nucleo-spirit1.a(radio-sensor.o)
 .text.uart1_set_input
                0x08004ce8       0x20 contiki-stm32f401re-nucleo-spirit1.a(uart-msg.o)
                0x08004ce8                uart1_set_input
 .text.spirit1_strobe
                0x08004d08       0x18 contiki-stm32f401re-nucleo-spirit1.a(spirit1.o)
 .text.spirit_set_ready_state
                0x08004d20       0x50 contiki-stm32f401re-nucleo-spirit1.a(spirit1.o)
                0x08004d20                spirit_set_ready_state
 .text.spirit_radio_init
                0x08004d70      0x17c contiki-stm32f401re-nucleo-spirit1.a(spirit1.o)
 .text.spirit_radio_prepare
                0x08004eec       0x64 contiki-stm32f401re-nucleo-spirit1.a(spirit1.o)
 .text.spirit_radio_transmit
                0x08004f50      0x19c contiki-stm32f401re-nucleo-spirit1.a(spirit1.o)
 .text.spirit_radio_send
                0x080050ec       0x34 contiki-stm32f401re-nucleo-spirit1.a(spirit1.o)
 .text.spirit_radio_read
                0x08005120      0x134 contiki-stm32f401re-nucleo-spirit1.a(spirit1.o)
 .text.spirit_radio_channel_clear
                0x08005254      0x120 contiki-stm32f401re-nucleo-spirit1.a(spirit1.o)
 .text.spirit_radio_receiving_packet
                0x08005374       0x18 contiki-stm32f401re-nucleo-spirit1.a(spirit1.o)
 .text.spirit_radio_pending_packet
                0x0800538c       0x20 contiki-stm32f401re-nucleo-spirit1.a(spirit1.o)
 .text.spirit_radio_off
                0x080053ac       0xe0 contiki-stm32f401re-nucleo-spirit1.a(spirit1.o)
 .text.spirit_radio_on
                0x0800548c       0xfc contiki-stm32f401re-nucleo-spirit1.a(spirit1.o)
 .text.process_thread_spirit_radio_process
                0x08005588      0x104 contiki-stm32f401re-nucleo-spirit1.a(spirit1.o)
 .text.spirit1_interrupt_callback
                0x0800568c      0x168 contiki-stm32f401re-nucleo-spirit1.a(spirit1.o)
                0x0800568c                spirit1_interrupt_callback
 .text.HAL_Spirit1_Init
                0x080057f4       0x1c contiki-stm32f401re-nucleo-spirit1.a(spirit1_appli.o)
                0x080057f4                HAL_Spirit1_Init
 .text.SPIRIT1_Init
                0x08005810       0x5c contiki-stm32f401re-nucleo-spirit1.a(spirit1_appli.o)
                0x08005810                SPIRIT1_Init
 .text.BasicProtocolInit
                0x0800586c       0x1c contiki-stm32f401re-nucleo-spirit1.a(spirit1_appli.o)
                0x0800586c                BasicProtocolInit
 .text.HAL_GPIO_EXTI_Callback
                0x08005888       0x28 contiki-stm32f401re-nucleo-spirit1.a(spirit1_appli.o)
                0x08005888                HAL_GPIO_EXTI_Callback
 .text.HAL_MspInit
                0x080058b0       0xfc contiki-stm32f401re-nucleo-spirit1.a(stm32f4xx_hal_m)
                0x080058b0                HAL_MspInit
 .text.HAL_TIM_Base_MspInit
                0x080059ac       0x44 contiki-stm32f401re-nucleo-spirit1.a(stm32f4xx_hal_m)
                0x080059ac                HAL_TIM_Base_MspInit
 .text.HAL_UART_MspInit
                0x080059f0       0xa4 contiki-stm32f401re-nucleo-spirit1.a(stm32f4xx_hal_m)
                0x080059f0                HAL_UART_MspInit
 .text.USARTConfig
                0x08005a94      0x108 contiki-stm32f401re-nucleo-spirit1.a(stm32f4xx_hal_m)
                0x08005a94                USARTConfig
 .text.NMI_Handler
                0x08005b9c        0xc contiki-stm32f401re-nucleo-spirit1.a(stm32f4xx_it.o)
                0x08005b9c                NMI_Handler
 .text.WWDG_IRQHandler
                0x08005ba8        0xc contiki-stm32f401re-nucleo-spirit1.a(stm32f4xx_it.o)
                0x08005ba8                WWDG_IRQHandler
 .text.HardFault_Handler
                0x08005bb4        0xc contiki-stm32f401re-nucleo-spirit1.a(stm32f4xx_it.o)
                0x08005bb4                HardFault_Handler
 .text.MemManage_Handler
                0x08005bc0        0xc contiki-stm32f401re-nucleo-spirit1.a(stm32f4xx_it.o)
                0x08005bc0                MemManage_Handler
 .text.BusFault_Handler
                0x08005bcc        0xc contiki-stm32f401re-nucleo-spirit1.a(stm32f4xx_it.o)
                0x08005bcc                BusFault_Handler
 .text.UsageFault_Handler
                0x08005bd8        0xc contiki-stm32f401re-nucleo-spirit1.a(stm32f4xx_it.o)
                0x08005bd8                UsageFault_Handler
 .text.SVC_Handler
                0x08005be4        0xc contiki-stm32f401re-nucleo-spirit1.a(stm32f4xx_it.o)
                0x08005be4                SVC_Handler
 .text.DebugMon_Handler
                0x08005bf0        0xc contiki-stm32f401re-nucleo-spirit1.a(stm32f4xx_it.o)
                0x08005bf0                DebugMon_Handler
 .text.PendSV_Handler
                0x08005bfc        0xc contiki-stm32f401re-nucleo-spirit1.a(stm32f4xx_it.o)
                0x08005bfc                PendSV_Handler
 .text.EXTI0_IRQHandler
                0x08005c08       0x28 contiki-stm32f401re-nucleo-spirit1.a(stm32f4xx_it.o)
                0x08005c08                EXTI0_IRQHandler
 .text.EXTI1_IRQHandler
                0x08005c30       0x28 contiki-stm32f401re-nucleo-spirit1.a(stm32f4xx_it.o)
                0x08005c30                EXTI1_IRQHandler
 .text.EXTI2_IRQHandler
                0x08005c58       0x28 contiki-stm32f401re-nucleo-spirit1.a(stm32f4xx_it.o)
                0x08005c58                EXTI2_IRQHandler
 .text.EXTI3_IRQHandler
                0x08005c80       0x28 contiki-stm32f401re-nucleo-spirit1.a(stm32f4xx_it.o)
                0x08005c80                EXTI3_IRQHandler
 .text.EXTI4_IRQHandler
                0x08005ca8       0x28 contiki-stm32f401re-nucleo-spirit1.a(stm32f4xx_it.o)
                0x08005ca8                EXTI4_IRQHandler
 .text.EXTI9_5_IRQHandler
                0x08005cd0       0x48 contiki-stm32f401re-nucleo-spirit1.a(stm32f4xx_it.o)
                0x08005cd0                EXTI9_5_IRQHandler
 .text.EXTI15_10_IRQHandler
                0x08005d18       0x18 contiki-stm32f401re-nucleo-spirit1.a(stm32f4xx_it.o)
                0x08005d18                EXTI15_10_IRQHandler
 .text.USART2_IRQHandler
                0x08005d30       0xb4 contiki-stm32f401re-nucleo-spirit1.a(stm32f4xx_it.o)
                0x08005d30                USART2_IRQHandler
 .text.stm32cube_hal_init
                0x08005de4       0x2c contiki-stm32f401re-nucleo-spirit1.a(stm32cube_hal_i)
                0x08005de4                stm32cube_hal_init
 .text.RTC_Config
                0x08005e10       0x4c contiki-stm32f401re-nucleo-spirit1.a(stm32cube_hal_i)
 .text.RTC_TimeStampConfig
                0x08005e5c       0x68 contiki-stm32f401re-nucleo-spirit1.a(stm32cube_hal_i)
 .text.SystemClock_Config
                0x08005ec4       0xb8 contiki-stm32f401re-nucleo-spirit1.a(stm32cube_hal_i)
 .text.Error_Handler
                0x08005f7c        0xc contiki-stm32f401re-nucleo-spirit1.a(stm32cube_hal_i)
 .text.HAL_RTC_MspInit
                0x08005f88       0x6c contiki-stm32f401re-nucleo-spirit1.a(stm32cube_hal_i)
                0x08005f88                HAL_RTC_MspInit
 .text.MX_GPIO_Init
                0x08005ff4       0x5c contiki-stm32f401re-nucleo-spirit1.a(stm32cube_hal_i)
 .text.BSP_LED_Init
                0x08006050       0x68 contiki-stm32f401re-nucleo-spirit1.a(stm32f4xx_nucle)
                0x08006050                BSP_LED_Init
 .text.BSP_LED_Off
                0x080060b8       0x28 contiki-stm32f401re-nucleo-spirit1.a(stm32f4xx_nucle)
                0x080060b8                BSP_LED_Off
 .text.BSP_LED_Toggle
                0x080060e0       0x28 contiki-stm32f401re-nucleo-spirit1.a(stm32f4xx_nucle)
                0x080060e0                BSP_LED_Toggle
 .text.BSP_PB_Init
                0x08006108       0xac contiki-stm32f401re-nucleo-spirit1.a(stm32f4xx_nucle)
                0x08006108                BSP_PB_Init
 .text.BSP_PB_GetState
                0x080061b4       0x2c contiki-stm32f401re-nucleo-spirit1.a(stm32f4xx_nucle)
                0x080061b4                BSP_PB_GetState
 .text.RadioGpioInit
                0x080061e0       0xfc contiki-stm32f401re-nucleo-spirit1.a(radio_gpio.o)
                0x080061e0                RadioGpioInit
 .text.RadioGpioInterruptCmd
                0x080062dc       0x68 contiki-stm32f401re-nucleo-spirit1.a(radio_gpio.o)
                0x080062dc                RadioGpioInterruptCmd
 .text.RadioGpioSetLevel
                0x08006344       0x3c contiki-stm32f401re-nucleo-spirit1.a(radio_gpio.o)
                0x08006344                RadioGpioSetLevel
 .text.SdkEvalEnterShutdown
                0x08006380       0x10 contiki-stm32f401re-nucleo-spirit1.a(radio_gpio.o)
                0x08006380                SdkEvalEnterShutdown
 .text.SdkEvalExitShutdown
                0x08006390       0x28 contiki-stm32f401re-nucleo-spirit1.a(radio_gpio.o)
                0x08006390                SdkEvalExitShutdown
 .text.RadioShieldLedInit
                0x080063b8       0x54 contiki-stm32f401re-nucleo-spirit1.a(radio_shield_co)
                0x080063b8                RadioShieldLedInit
 .text.RadioShieldLedOff
                0x0800640c       0x28 contiki-stm32f401re-nucleo-spirit1.a(radio_shield_co)
                0x0800640c                RadioShieldLedOff
 .text.SdkEvalSpiInit
                0x08006434       0x74 contiki-stm32f401re-nucleo-spirit1.a(radio_spi.o)
                0x08006434                SdkEvalSpiInit
 .text.HAL_SPI_MspInit
                0x080064a8      0x10c contiki-stm32f401re-nucleo-spirit1.a(radio_spi.o)
                0x080064a8                HAL_SPI_MspInit
 .text.SPI_Write
                0x080065b4       0x4c contiki-stm32f401re-nucleo-spirit1.a(radio_spi.o)
 .text.SPI_Error
                0x08006600       0x14 contiki-stm32f401re-nucleo-spirit1.a(radio_spi.o)
 .text.SdkEvalSpiWriteRegisters
                0x08006614      0x100 contiki-stm32f401re-nucleo-spirit1.a(radio_spi.o)
                0x08006614                SdkEvalSpiWriteRegisters
 .text.SdkEvalSpiReadRegisters
                0x08006714      0x10c contiki-stm32f401re-nucleo-spirit1.a(radio_spi.o)
                0x08006714                SdkEvalSpiReadRegisters
 .text.SdkEvalSpiCommandStrobes
                0x08006820       0xd8 contiki-stm32f401re-nucleo-spirit1.a(radio_spi.o)
                0x08006820                SdkEvalSpiCommandStrobes
 .text.SdkEvalSpiWriteFifo
                0x080068f8       0xfc contiki-stm32f401re-nucleo-spirit1.a(radio_spi.o)
                0x080068f8                SdkEvalSpiWriteFifo
 .text.SdkEvalSpiReadFifo
                0x080069f4      0x104 contiki-stm32f401re-nucleo-spirit1.a(radio_spi.o)
                0x080069f4                SdkEvalSpiReadFifo
 .text.Spirit1InterfaceInit
                0x08006af8       0x44 contiki-stm32f401re-nucleo-spirit1.a(SPIRIT1_Util.o)
                0x08006af8                Spirit1InterfaceInit
 .text.SpiritManagementIdentificationRFBoard
                0x08006b3c       0x44 contiki-stm32f401re-nucleo-spirit1.a(SPIRIT1_Util.o)
                0x08006b3c                SpiritManagementIdentificationRFBoard
 .text.SpiritManagementRangeExtInit
                0x08006b80       0xdc contiki-stm32f401re-nucleo-spirit1.a(SPIRIT1_Util.o)
                0x08006b80                SpiritManagementRangeExtInit
 .text.SpiritManagementGetRangeExtender
                0x08006c5c       0x18 contiki-stm32f401re-nucleo-spirit1.a(SPIRIT1_Util.o)
                0x08006c5c                SpiritManagementGetRangeExtender
 .text.Spirit1GpioIrqInit
                0x08006c74       0x14 contiki-stm32f401re-nucleo-spirit1.a(SPIRIT1_Util.o)
                0x08006c74                Spirit1GpioIrqInit
 .text.Spirit1RadioInit
                0x08006c88       0x14 contiki-stm32f401re-nucleo-spirit1.a(SPIRIT1_Util.o)
                0x08006c88                Spirit1RadioInit
 .text.Spirit1SetPower
                0x08006c9c       0x24 contiki-stm32f401re-nucleo-spirit1.a(SPIRIT1_Util.o)
                0x08006c9c                Spirit1SetPower
 .text.Spirit1PacketConfig
                0x08006cc0        0xc contiki-stm32f401re-nucleo-spirit1.a(SPIRIT1_Util.o)
                0x08006cc0                Spirit1PacketConfig
 .text.Spirit1SetPayloadlength
                0x08006ccc       0x14 contiki-stm32f401re-nucleo-spirit1.a(SPIRIT1_Util.o)
                0x08006ccc                Spirit1SetPayloadlength
 .text.Spirit1SetDestinationAddress
                0x08006ce0       0x14 contiki-stm32f401re-nucleo-spirit1.a(SPIRIT1_Util.o)
                0x08006ce0                Spirit1SetDestinationAddress
 .text.Spirit1EnableTxIrq
                0x08006cf4       0x10 contiki-stm32f401re-nucleo-spirit1.a(SPIRIT1_Util.o)
                0x08006cf4                Spirit1EnableTxIrq
 .text.Spirit1EnableRxIrq
                0x08006d04       0x20 contiki-stm32f401re-nucleo-spirit1.a(SPIRIT1_Util.o)
                0x08006d04                Spirit1EnableRxIrq
 .text.Spirit1DisableIrq
                0x08006d24        0xc contiki-stm32f401re-nucleo-spirit1.a(SPIRIT1_Util.o)
                0x08006d24                Spirit1DisableIrq
 .text.Spirit1SetRxTimeout
                0x08006d30       0x3c contiki-stm32f401re-nucleo-spirit1.a(SPIRIT1_Util.o)
                0x08006d30                Spirit1SetRxTimeout
 .text.Spirit1SetRssiTH
                0x08006d6c       0x14 contiki-stm32f401re-nucleo-spirit1.a(SPIRIT1_Util.o)
                0x08006d6c                Spirit1SetRssiTH
 .text.Spirit1EnableSQI
                0x08006d80       0x14 contiki-stm32f401re-nucleo-spirit1.a(SPIRIT1_Util.o)
                0x08006d80                Spirit1EnableSQI
 .text.Spirit1StartRx
                0x08006d94       0x10 contiki-stm32f401re-nucleo-spirit1.a(SPIRIT1_Util.o)
                0x08006d94                Spirit1StartRx
 .text.Spirit1GetRxPacket
                0x08006da4       0x2c contiki-stm32f401re-nucleo-spirit1.a(SPIRIT1_Util.o)
                0x08006da4                Spirit1GetRxPacket
 .text.Spirit1StartTx
                0x08006dd0       0x2c contiki-stm32f401re-nucleo-spirit1.a(SPIRIT1_Util.o)
                0x08006dd0                Spirit1StartTx
 .text.Spirit1ClearIRQ
                0x08006dfc        0xc contiki-stm32f401re-nucleo-spirit1.a(SPIRIT1_Util.o)
                0x08006dfc                Spirit1ClearIRQ
 .text.SpiritCmdStrobeCommand
                0x08006e08       0x2c contiki-stm32f401re-nucleo-spirit1.a(SPIRIT_Commands)
                0x08006e08                SpiritCmdStrobeCommand
 .text.SpiritGeneralSetExtRef
                0x08006e34       0x5c contiki-stm32f401re-nucleo-spirit1.a(SPIRIT_General.)
                0x08006e34                SpiritGeneralSetExtRef
 .text.SpiritGpioInit
                0x08006e90       0x48 contiki-stm32f401re-nucleo-spirit1.a(SPIRIT_Gpio.o)
                0x08006e90                SpiritGpioInit
 .text.SpiritIrqDeInit
                0x08006ed8       0x54 contiki-stm32f401re-nucleo-spirit1.a(SPIRIT_Irq.o)
                0x08006ed8                SpiritIrqDeInit
 .text.SpiritIrq
                0x08006f2c       0xd0 contiki-stm32f401re-nucleo-spirit1.a(SPIRIT_Irq.o)
                0x08006f2c                SpiritIrq
 .text.SpiritIrqGetStatus
                0x08006ffc       0x60 contiki-stm32f401re-nucleo-spirit1.a(SPIRIT_Irq.o)
                0x08006ffc                SpiritIrqGetStatus
 .text.SpiritIrqClearStatus
                0x0800705c       0x2c contiki-stm32f401re-nucleo-spirit1.a(SPIRIT_Irq.o)
                0x0800705c                SpiritIrqClearStatus
 .text.SpiritLinearFifoReadNumElementsRxFifo
                0x08007088       0x38 contiki-stm32f401re-nucleo-spirit1.a(SPIRIT_LinearFi)
                0x08007088                SpiritLinearFifoReadNumElementsRxFifo
 .text.SpiritManagementSetFrequencyBase
                0x080070c0      0x218 contiki-stm32f401re-nucleo-spirit1.a(SPIRIT_Manageme)
                0x080070c0                SpiritManagementSetFrequencyBase
 .text.SpiritManagementWaVcoCalibration
                0x080072d8      0x194 contiki-stm32f401re-nucleo-spirit1.a(SPIRIT_Manageme)
                0x080072d8                SpiritManagementWaVcoCalibration
 .text.SpiritManagementWaCmdStrobeTx
                0x0800746c       0x74 contiki-stm32f401re-nucleo-spirit1.a(SPIRIT_Manageme)
                0x0800746c                SpiritManagementWaCmdStrobeTx
 .text.SpiritManagementWaCmdStrobeRx
                0x080074e0       0x38 contiki-stm32f401re-nucleo-spirit1.a(SPIRIT_Manageme)
                0x080074e0                SpiritManagementWaCmdStrobeRx
 .text.SpiritManagementWaTRxFcMem
                0x08007518       0x28 contiki-stm32f401re-nucleo-spirit1.a(SPIRIT_Manageme)
                0x08007518                SpiritManagementWaTRxFcMem
 .text.SpiritPktBasicInit
                0x08007540      0x1b0 contiki-stm32f401re-nucleo-spirit1.a(SPIRIT_PktBasic)
                0x08007540                SpiritPktBasicInit
 .text.SpiritPktBasicAddressesInit
                0x080076f0       0xd8 contiki-stm32f401re-nucleo-spirit1.a(SPIRIT_PktBasic)
                0x080076f0                SpiritPktBasicAddressesInit
 .text.SpiritPktBasicGetAddressField
                0x080077c8       0x40 contiki-stm32f401re-nucleo-spirit1.a(SPIRIT_PktBasic)
                0x080077c8                SpiritPktBasicGetAddressField
 .text.SpiritPktBasicSetPayloadLength
                0x08007808       0x6c contiki-stm32f401re-nucleo-spirit1.a(SPIRIT_PktBasic)
                0x08007808                SpiritPktBasicSetPayloadLength
 .text.SpiritPktBasicGetReceivedPktLength
                0x08007874       0x64 contiki-stm32f401re-nucleo-spirit1.a(SPIRIT_PktBasic)
                0x08007874                SpiritPktBasicGetReceivedPktLength
 .text.SpiritPktCommonGetControlLength
                0x080078d8       0x38 contiki-stm32f401re-nucleo-spirit1.a(SPIRIT_PktCommo)
                0x080078d8                SpiritPktCommonGetControlLength
 .text.SpiritPktCommonFilterOnCrc
                0x08007910       0x6c contiki-stm32f401re-nucleo-spirit1.a(SPIRIT_PktCommo)
                0x08007910                SpiritPktCommonFilterOnCrc
 .text.SpiritQiSqiCheck
                0x0800797c       0x6c contiki-stm32f401re-nucleo-spirit1.a(SPIRIT_Qi.o)
                0x0800797c                SpiritQiSqiCheck
 .text.SpiritQiSetSqiThreshold
                0x080079e8       0x64 contiki-stm32f401re-nucleo-spirit1.a(SPIRIT_Qi.o)
                0x080079e8                SpiritQiSetSqiThreshold
 .text.SpiritQiGetLqi
                0x08007a4c       0x34 contiki-stm32f401re-nucleo-spirit1.a(SPIRIT_Qi.o)
                0x08007a4c                SpiritQiGetLqi
 .text.SpiritQiGetRssi
                0x08007a80       0x30 contiki-stm32f401re-nucleo-spirit1.a(SPIRIT_Qi.o)
                0x08007a80                SpiritQiGetRssi
 .text.SpiritQiSetRssiThresholddBm
                0x08007ab0       0x3c contiki-stm32f401re-nucleo-spirit1.a(SPIRIT_Qi.o)
                0x08007ab0                SpiritQiSetRssiThresholddBm
 *fill*         0x08007aec        0x4 
 .text.SpiritRadioInit
                0x08007af0      0x434 contiki-stm32f401re-nucleo-spirit1.a(SPIRIT_Radio.o)
                0x08007af0                SpiritRadioInit
 .text.SpiritRadioSetXtalFlag
                0x08007f24       0x70 contiki-stm32f401re-nucleo-spirit1.a(SPIRIT_Radio.o)
                0x08007f24                SpiritRadioSetXtalFlag
 .text.SpiritRadioSearchWCP
                0x08007f94      0x134 contiki-stm32f401re-nucleo-spirit1.a(SPIRIT_Radio.o)
                0x08007f94                SpiritRadioSearchWCP
 .text.SpiritRadioGetSynthWord
                0x080080c8       0x4c contiki-stm32f401re-nucleo-spirit1.a(SPIRIT_Radio.o)
                0x080080c8                SpiritRadioGetSynthWord
 .text.SpiritRadioGetBand
                0x08008114       0x5c contiki-stm32f401re-nucleo-spirit1.a(SPIRIT_Radio.o)
                0x08008114                SpiritRadioGetBand
 .text.SpiritRadioGetChannel
                0x08008170       0x30 contiki-stm32f401re-nucleo-spirit1.a(SPIRIT_Radio.o)
                0x08008170                SpiritRadioGetChannel
 .text.SpiritRadioGetChannelSpace
                0x080081a0       0x40 contiki-stm32f401re-nucleo-spirit1.a(SPIRIT_Radio.o)
                0x080081a0                SpiritRadioGetChannelSpace
 .text.SpiritRadioGetFrequencyOffset
                0x080081e0       0x88 contiki-stm32f401re-nucleo-spirit1.a(SPIRIT_Radio.o)
                0x080081e0                SpiritRadioGetFrequencyOffset
 .text.SpiritRadioSetFrequencyBase
                0x08008268      0x238 contiki-stm32f401re-nucleo-spirit1.a(SPIRIT_Radio.o)
                0x08008268                SpiritRadioSetFrequencyBase
 .text.SpiritRadioGetFrequencyBase
                0x080084a0       0x90 contiki-stm32f401re-nucleo-spirit1.a(SPIRIT_Radio.o)
                0x080084a0                SpiritRadioGetFrequencyBase
 .text.SpiritRadioSearchDatarateME
                0x08008530      0x168 contiki-stm32f401re-nucleo-spirit1.a(SPIRIT_Radio.o)
                0x08008530                SpiritRadioSearchDatarateME
 .text.SpiritRadioSearchChannelBwME
                0x08008698      0x1d8 contiki-stm32f401re-nucleo-spirit1.a(SPIRIT_Radio.o)
                0x08008698                SpiritRadioSearchChannelBwME
 .text.SpiritRadioSearchFreqDevME
                0x08008870      0x180 contiki-stm32f401re-nucleo-spirit1.a(SPIRIT_Radio.o)
                0x08008870                SpiritRadioSearchFreqDevME
 .text.SpiritRadioGetdBm2Reg
                0x080089f0      0x270 contiki-stm32f401re-nucleo-spirit1.a(SPIRIT_Radio.o)
                0x080089f0                SpiritRadioGetdBm2Reg
 .text.SpiritRadioSetPALeveldBm
                0x08008c60       0x50 contiki-stm32f401re-nucleo-spirit1.a(SPIRIT_Radio.o)
                0x08008c60                SpiritRadioSetPALeveldBm
 .text.SpiritRadioSetPACwc
                0x08008cb0       0x54 contiki-stm32f401re-nucleo-spirit1.a(SPIRIT_Radio.o)
                0x08008cb0                SpiritRadioSetPACwc
 .text.SpiritRadioSetPALevelMaxIndex
                0x08008d04       0x54 contiki-stm32f401re-nucleo-spirit1.a(SPIRIT_Radio.o)
                0x08008d04                SpiritRadioSetPALevelMaxIndex
 .text.SpiritRadioAFCFreezeOnSync
                0x08008d58       0x60 contiki-stm32f401re-nucleo-spirit1.a(SPIRIT_Radio.o)
                0x08008d58                SpiritRadioAFCFreezeOnSync
 .text.SpiritRadioPersistenRx
                0x08008db8       0x5c contiki-stm32f401re-nucleo-spirit1.a(SPIRIT_Radio.o)
                0x08008db8                SpiritRadioPersistenRx
 .text.SpiritRadioSetRefDiv
                0x08008e14       0x5c contiki-stm32f401re-nucleo-spirit1.a(SPIRIT_Radio.o)
                0x08008e14                SpiritRadioSetRefDiv
 .text.SpiritRadioGetRefDiv
                0x08008e70       0x44 contiki-stm32f401re-nucleo-spirit1.a(SPIRIT_Radio.o)
                0x08008e70                SpiritRadioGetRefDiv
 .text.SpiritRadioSetDigDiv
                0x08008eb4       0x5c contiki-stm32f401re-nucleo-spirit1.a(SPIRIT_Radio.o)
                0x08008eb4                SpiritRadioSetDigDiv
 .text.SpiritRadioGetDigDiv
                0x08008f10       0x44 contiki-stm32f401re-nucleo-spirit1.a(SPIRIT_Radio.o)
                0x08008f10                SpiritRadioGetDigDiv
 .text.SpiritRadioGetXtalFrequency
                0x08008f54       0x18 contiki-stm32f401re-nucleo-spirit1.a(SPIRIT_Radio.o)
                0x08008f54                SpiritRadioGetXtalFrequency
 .text.SpiritRadioSetXtalFrequency
                0x08008f6c       0x1c contiki-stm32f401re-nucleo-spirit1.a(SPIRIT_Radio.o)
                0x08008f6c                SpiritRadioSetXtalFrequency
 .text.SpiritTimerSetRxTimeoutMs
                0x08008f88       0x44 contiki-stm32f401re-nucleo-spirit1.a(SPIRIT_Timer.o)
                0x08008f88                SpiritTimerSetRxTimeoutMs
 .text.SpiritTimerSetRxTimeoutCounter
                0x08008fcc       0x30 contiki-stm32f401re-nucleo-spirit1.a(SPIRIT_Timer.o)
                0x08008fcc                SpiritTimerSetRxTimeoutCounter
 .text.SpiritTimerComputeRxTimeoutValues
                0x08008ffc      0x2d8 contiki-stm32f401re-nucleo-spirit1.a(SPIRIT_Timer.o)
                0x08008ffc                SpiritTimerComputeRxTimeoutValues
 .text.SpiritTimerSetRxTimeoutStopCondition
                0x080092d4       0x8c contiki-stm32f401re-nucleo-spirit1.a(SPIRIT_Timer.o)
                0x080092d4                SpiritTimerSetRxTimeoutStopCondition
 .text.SpiritRefreshStatus
                0x08009360       0x2c contiki-stm32f401re-nucleo-spirit1.a(SPIRIT_Types.o)
                0x08009360                SpiritRefreshStatus
 .text.HAL_Init
                0x0800938c       0x44 contiki-stm32f401re-nucleo-spirit1.a(stm32f4xx_hal.o)
                0x0800938c                HAL_Init
 .text.HAL_InitTick
                0x080093d0       0x38 contiki-stm32f401re-nucleo-spirit1.a(stm32f4xx_hal.o)
                0x080093d0                HAL_InitTick
 .text.HAL_IncTick
                0x08009408       0x1c contiki-stm32f401re-nucleo-spirit1.a(stm32f4xx_hal.o)
                0x08009408                HAL_IncTick
 .text.HAL_GetTick
                0x08009424       0x18 contiki-stm32f401re-nucleo-spirit1.a(stm32f4xx_hal.o)
                0x08009424                HAL_GetTick
 .text.HAL_DBGMCU_EnableDBGStopMode
                0x0800943c       0x1c contiki-stm32f401re-nucleo-spirit1.a(stm32f4xx_hal.o)
                0x0800943c                HAL_DBGMCU_EnableDBGStopMode
 .text.NVIC_SetPriorityGrouping
                0x08009458       0x48 contiki-stm32f401re-nucleo-spirit1.a(stm32f4xx_hal_c)
 .text.NVIC_GetPriorityGrouping
                0x080094a0       0x1c contiki-stm32f401re-nucleo-spirit1.a(stm32f4xx_hal_c)
 .text.NVIC_EnableIRQ
                0x080094bc       0x30 contiki-stm32f401re-nucleo-spirit1.a(stm32f4xx_hal_c)
 .text.NVIC_DisableIRQ
                0x080094ec       0x34 contiki-stm32f401re-nucleo-spirit1.a(stm32f4xx_hal_c)
 .text.NVIC_SetPriority
                0x08009520       0x54 contiki-stm32f401re-nucleo-spirit1.a(stm32f4xx_hal_c)
 .text.NVIC_EncodePriority
                0x08009574       0x68 contiki-stm32f401re-nucleo-spirit1.a(stm32f4xx_hal_c)
 .text.SysTick_Config
                0x080095dc       0x44 contiki-stm32f401re-nucleo-spirit1.a(stm32f4xx_hal_c)
 .text.HAL_NVIC_SetPriorityGrouping
                0x08009620       0x14 contiki-stm32f401re-nucleo-spirit1.a(stm32f4xx_hal_c)
                0x08009620                HAL_NVIC_SetPriorityGrouping
 .text.HAL_NVIC_SetPriority
                0x08009634       0x38 contiki-stm32f401re-nucleo-spirit1.a(stm32f4xx_hal_c)
                0x08009634                HAL_NVIC_SetPriority
 .text.HAL_NVIC_EnableIRQ
                0x0800966c       0x1c contiki-stm32f401re-nucleo-spirit1.a(stm32f4xx_hal_c)
                0x0800966c                HAL_NVIC_EnableIRQ
 .text.HAL_NVIC_DisableIRQ
                0x08009688       0x1c contiki-stm32f401re-nucleo-spirit1.a(stm32f4xx_hal_c)
                0x08009688                HAL_NVIC_DisableIRQ
 .text.HAL_SYSTICK_Config
                0x080096a4       0x18 contiki-stm32f401re-nucleo-spirit1.a(stm32f4xx_hal_c)
                0x080096a4                HAL_SYSTICK_Config
 .text.HAL_SYSTICK_CLKSourceConfig
                0x080096bc       0x38 contiki-stm32f401re-nucleo-spirit1.a(stm32f4xx_hal_c)
                0x080096bc                HAL_SYSTICK_CLKSourceConfig
 .text.HAL_GPIO_Init
                0x080096f4      0x2f8 contiki-stm32f401re-nucleo-spirit1.a(stm32f4xx_hal_g)
                0x080096f4                HAL_GPIO_Init
 .text.HAL_GPIO_ReadPin
                0x080099ec       0x30 contiki-stm32f401re-nucleo-spirit1.a(stm32f4xx_hal_g)
                0x080099ec                HAL_GPIO_ReadPin
 .text.HAL_GPIO_WritePin
                0x08009a1c       0x30 contiki-stm32f401re-nucleo-spirit1.a(stm32f4xx_hal_g)
                0x08009a1c                HAL_GPIO_WritePin
 .text.HAL_GPIO_TogglePin
                0x08009a4c       0x24 contiki-stm32f401re-nucleo-spirit1.a(stm32f4xx_hal_g)
                0x08009a4c                HAL_GPIO_TogglePin
 .text.HAL_GPIO_EXTI_IRQHandler
                0x08009a70       0x30 contiki-stm32f401re-nucleo-spirit1.a(stm32f4xx_hal_g)
                0x08009a70                HAL_GPIO_EXTI_IRQHandler
 .text.HAL_RCCEx_PeriphCLKConfig
                0x08009aa0      0x1e0 contiki-stm32f401re-nucleo-spirit1.a(stm32f4xx_hal_r)
                0x08009aa0                HAL_RCCEx_PeriphCLKConfig
 .text.HAL_RCC_OscConfig
                0x08009c80      0x4b8 contiki-stm32f401re-nucleo-spirit1.a(stm32f4xx_hal_r)
                0x08009c80                HAL_RCC_OscConfig
 .text.HAL_RCC_ClockConfig
                0x0800a138      0x31c contiki-stm32f401re-nucleo-spirit1.a(stm32f4xx_hal_r)
                0x0800a138                HAL_RCC_ClockConfig
 .text.HAL_RCC_GetSysClockFreq
                0x0800a454      0x118 contiki-stm32f401re-nucleo-spirit1.a(stm32f4xx_hal_r)
                0x0800a454                HAL_RCC_GetSysClockFreq
 .text.HAL_RCC_GetHCLKFreq
                0x0800a56c       0x58 contiki-stm32f401re-nucleo-spirit1.a(stm32f4xx_hal_r)
                0x0800a56c                HAL_RCC_GetHCLKFreq
 .text.HAL_RCC_GetPCLK1Freq
                0x0800a5c4       0x4c contiki-stm32f401re-nucleo-spirit1.a(stm32f4xx_hal_r)
                0x0800a5c4                HAL_RCC_GetPCLK1Freq
 .text.HAL_RCC_GetPCLK2Freq
                0x0800a610       0x4c contiki-stm32f401re-nucleo-spirit1.a(stm32f4xx_hal_r)
                0x0800a610                HAL_RCC_GetPCLK2Freq
 .text.HAL_RTC_Init
                0x0800a65c       0xf8 contiki-stm32f401re-nucleo-spirit1.a(stm32f4xx_hal_r)
                0x0800a65c                HAL_RTC_Init
 .text.HAL_RTC_SetTime
                0x0800a754      0x18c contiki-stm32f401re-nucleo-spirit1.a(stm32f4xx_hal_r)
                0x0800a754                HAL_RTC_SetTime
 .text.HAL_RTC_SetDate
                0x0800a8e0      0x16c contiki-stm32f401re-nucleo-spirit1.a(stm32f4xx_hal_r)
                0x0800a8e0                HAL_RTC_SetDate
 .text.HAL_RTC_WaitForSynchro
                0x0800aa4c       0x50 contiki-stm32f401re-nucleo-spirit1.a(stm32f4xx_hal_r)
                0x0800aa4c                HAL_RTC_WaitForSynchro
 .text.RTC_EnterInitMode
                0x0800aa9c       0x58 contiki-stm32f401re-nucleo-spirit1.a(stm32f4xx_hal_r)
                0x0800aa9c                RTC_EnterInitMode
 .text.RTC_ByteToBcd2
                0x0800aaf4       0x3c contiki-stm32f401re-nucleo-spirit1.a(stm32f4xx_hal_r)
                0x0800aaf4                RTC_ByteToBcd2
 .text.RTC_Bcd2ToByte
                0x0800ab30       0x3c contiki-stm32f401re-nucleo-spirit1.a(stm32f4xx_hal_r)
                0x0800ab30                RTC_Bcd2ToByte
 .text.HAL_SPI_Init
                0x0800ab6c       0xcc contiki-stm32f401re-nucleo-spirit1.a(stm32f4xx_hal_s)
                0x0800ab6c                HAL_SPI_Init
 .text.HAL_SPI_DeInit
                0x0800ac38       0x48 contiki-stm32f401re-nucleo-spirit1.a(stm32f4xx_hal_s)
                0x0800ac38                HAL_SPI_DeInit
 .text.HAL_SPI_MspDeInit
                0x0800ac80       0x14 contiki-stm32f401re-nucleo-spirit1.a(stm32f4xx_hal_s)
                0x0800ac80                HAL_SPI_MspDeInit
 .text.HAL_SPI_Transmit
                0x0800ac94      0x278 contiki-stm32f401re-nucleo-spirit1.a(stm32f4xx_hal_s)
                0x0800ac94                HAL_SPI_Transmit
 .text.HAL_SPI_TransmitReceive
                0x0800af0c      0x4b8 contiki-stm32f401re-nucleo-spirit1.a(stm32f4xx_hal_s)
                0x0800af0c                HAL_SPI_TransmitReceive
 .text.HAL_SPI_GetState
                0x0800b3c4       0x1c contiki-stm32f401re-nucleo-spirit1.a(stm32f4xx_hal_s)
                0x0800b3c4                HAL_SPI_GetState
 .text.SPI_WaitOnFlagUntilTimeout
                0x0800b3e0      0x148 contiki-stm32f401re-nucleo-spirit1.a(stm32f4xx_hal_s)
 .text.HAL_UART_Init
                0x0800b528       0x94 contiki-stm32f401re-nucleo-spirit1.a(stm32f4xx_hal_u)
                0x0800b528                HAL_UART_Init
 .text.HAL_UART_Transmit
                0x0800b5bc      0x150 contiki-stm32f401re-nucleo-spirit1.a(stm32f4xx_hal_u)
                0x0800b5bc                HAL_UART_Transmit
 .text.HAL_UART_Receive
                0x0800b70c      0x170 contiki-stm32f401re-nucleo-spirit1.a(stm32f4xx_hal_u)
                0x0800b70c                HAL_UART_Receive
 .text.HAL_UART_Receive_IT
                0x0800b87c       0xd0 contiki-stm32f401re-nucleo-spirit1.a(stm32f4xx_hal_u)
                0x0800b87c                HAL_UART_Receive_IT
 .text.UART_WaitOnFlagUntilTimeout
                0x0800b94c      0x134 contiki-stm32f401re-nucleo-spirit1.a(stm32f4xx_hal_u)
 .text.UART_SetConfig
                0x0800ba80      0x2d4 contiki-stm32f401re-nucleo-spirit1.a(stm32f4xx_hal_u)
 .text.SystemInit
                0x0800bd54       0x5c contiki-stm32f401re-nucleo-spirit1.a(system_stm32f4x)
                0x0800bd54                SystemInit
 .text.watchdog_init
                0x0800bdb0        0xc contiki-stm32f401re-nucleo-spirit1.a(watchdog.o)
                0x0800bdb0                watchdog_init
 .text.watchdog_start
                0x0800bdbc        0xc contiki-stm32f401re-nucleo-spirit1.a(watchdog.o)
                0x0800bdbc                watchdog_start
 .text.watchdog_reboot
                0x0800bdc8        0xc contiki-stm32f401re-nucleo-spirit1.a(watchdog.o)
                0x0800bdc8                watchdog_reboot
 .text.TIM2_IRQHandler
                0x0800bdd4       0x28 contiki-stm32f401re-nucleo-spirit1.a(rtimer-arch.o)
                0x0800bdd4                TIM2_IRQHandler
 .text.rtimer_arch_init
                0x0800bdfc       0xc0 contiki-stm32f401re-nucleo-spirit1.a(rtimer-arch.o)
                0x0800bdfc                rtimer_arch_init
 .text.rtimer_arch_now
                0x0800bebc       0x20 contiki-stm32f401re-nucleo-spirit1.a(rtimer-arch.o)
                0x0800bebc                rtimer_arch_now
 .text.SysTick_Handler
                0x0800bedc       0x44 contiki-stm32f401re-nucleo-spirit1.a(clock.o)
                0x0800bedc                SysTick_Handler
 .text.clock_init
                0x0800bf20       0x20 contiki-stm32f401re-nucleo-spirit1.a(clock.o)
                0x0800bf20                clock_init
 .text.clock_time
                0x0800bf40       0x18 contiki-stm32f401re-nucleo-spirit1.a(clock.o)
                0x0800bf40                clock_time
 .text.clock_wait
                0x0800bf58       0x28 contiki-stm32f401re-nucleo-spirit1.a(clock.o)
                0x0800bf58                clock_wait
 .text.autostart_start
                0x0800bf80       0x3c contiki-stm32f401re-nucleo-spirit1.a(autostart.o)
                0x0800bf80                autostart_start
 .text.process_thread_ctimer_process
                0x0800bfbc       0xe8 contiki-stm32f401re-nucleo-spirit1.a(ctimer.o)
 .text.ctimer_init
                0x0800c0a4       0x2c contiki-stm32f401re-nucleo-spirit1.a(ctimer.o)
                0x0800c0a4                ctimer_init
 .text.ctimer_set
                0x0800c0d0       0x2c contiki-stm32f401re-nucleo-spirit1.a(ctimer.o)
                0x0800c0d0                ctimer_set
 .text.ctimer_set_with_process
                0x0800c0fc       0x70 contiki-stm32f401re-nucleo-spirit1.a(ctimer.o)
                0x0800c0fc                ctimer_set_with_process
 .text.energest_init
                0x0800c16c        0xc contiki-stm32f401re-nucleo-spirit1.a(energest.o)
                0x0800c16c                energest_init
 .text.energest_flush
                0x0800c178        0xc contiki-stm32f401re-nucleo-spirit1.a(energest.o)
                0x0800c178                energest_flush
 .text.update_time
                0x0800c184       0x84 contiki-stm32f401re-nucleo-spirit1.a(etimer.o)
 .text.process_thread_etimer_process
                0x0800c208      0x12c contiki-stm32f401re-nucleo-spirit1.a(etimer.o)
 .text.etimer_request_poll
                0x0800c334       0x10 contiki-stm32f401re-nucleo-spirit1.a(etimer.o)
                0x0800c334                etimer_request_poll
 .text.add_timer
                0x0800c344       0x68 contiki-stm32f401re-nucleo-spirit1.a(etimer.o)
 .text.etimer_set
                0x0800c3ac       0x20 contiki-stm32f401re-nucleo-spirit1.a(etimer.o)
                0x0800c3ac                etimer_set
 .text.etimer_expired
                0x0800c3cc       0x24 contiki-stm32f401re-nucleo-spirit1.a(etimer.o)
                0x0800c3cc                etimer_expired
 .text.etimer_pending
                0x0800c3f0       0x20 contiki-stm32f401re-nucleo-spirit1.a(etimer.o)
                0x0800c3f0                etimer_pending
 .text.process_alloc_event
                0x0800c410       0x20 contiki-stm32f401re-nucleo-spirit1.a(process.o)
                0x0800c410                process_alloc_event
 .text.process_start
                0x0800c430       0x60 contiki-stm32f401re-nucleo-spirit1.a(process.o)
                0x0800c430                process_start
 .text.exit_process
                0x0800c490       0xc4 contiki-stm32f401re-nucleo-spirit1.a(process.o)
 .text.call_process
                0x0800c554       0x74 contiki-stm32f401re-nucleo-spirit1.a(process.o)
 .text.process_init
                0x0800c5c8       0x4c contiki-stm32f401re-nucleo-spirit1.a(process.o)
                0x0800c5c8                process_init
 .text.do_poll  0x0800c614       0x4c contiki-stm32f401re-nucleo-spirit1.a(process.o)
 .text.do_event
                0x0800c660      0x118 contiki-stm32f401re-nucleo-spirit1.a(process.o)
 .text.process_run
                0x0800c778       0x30 contiki-stm32f401re-nucleo-spirit1.a(process.o)
                0x0800c778                process_run
 .text.process_post
                0x0800c7a8       0xb8 contiki-stm32f401re-nucleo-spirit1.a(process.o)
                0x0800c7a8                process_post
 .text.process_post_synch
                0x0800c860       0x30 contiki-stm32f401re-nucleo-spirit1.a(process.o)
                0x0800c860                process_post_synch
 .text.process_poll
                0x0800c890       0x38 contiki-stm32f401re-nucleo-spirit1.a(process.o)
                0x0800c890                process_poll
 .text.process_is_running
                0x0800c8c8       0x24 contiki-stm32f401re-nucleo-spirit1.a(process.o)
                0x0800c8c8                process_is_running
 .text.rtimer_init
                0x0800c8ec        0xc contiki-stm32f401re-nucleo-spirit1.a(rtimer.o)
                0x0800c8ec                rtimer_init
 .text.timer_set
                0x0800c8f8       0x20 contiki-stm32f401re-nucleo-spirit1.a(timer.o)
                0x0800c8f8                timer_set
 .text.timer_expired
                0x0800c918       0x30 contiki-stm32f401re-nucleo-spirit1.a(timer.o)
                0x0800c918                timer_expired
 .text.leds_init
                0x0800c948       0x14 contiki-stm32f401re-nucleo-spirit1.a(leds.o)
                0x0800c948                leds_init
 .text.process_thread_slip_process
                0x0800c95c       0x1c contiki-stm32f401re-nucleo-spirit1.a(slip.o)
 .text.slip_input_byte
                0x0800c978      0x144 contiki-stm32f401re-nucleo-spirit1.a(slip.o)
                0x0800c978                slip_input_byte
 .text.list_init
                0x0800cabc       0x18 contiki-stm32f401re-nucleo-spirit1.a(list.o)
                0x0800cabc                list_init
 .text.list_head
                0x0800cad4       0x18 contiki-stm32f401re-nucleo-spirit1.a(list.o)
                0x0800cad4                list_head
 .text.list_tail
                0x0800caec       0x38 contiki-stm32f401re-nucleo-spirit1.a(list.o)
                0x0800caec                list_tail
 .text.list_add
                0x0800cb24       0x3c contiki-stm32f401re-nucleo-spirit1.a(list.o)
                0x0800cb24                list_add
 .text.list_remove
                0x0800cb60       0x64 contiki-stm32f401re-nucleo-spirit1.a(list.o)
                0x0800cb60                list_remove
 .text.list_item_next
                0x0800cbc4       0x24 contiki-stm32f401re-nucleo-spirit1.a(list.o)
                0x0800cbc4                list_item_next
 .text.random_init
                0x0800cbe8       0x18 contiki-stm32f401re-nucleo-spirit1.a(random.o)
                0x0800cbe8                random_init
 .text.random_rand
                0x0800cc00       0x10 contiki-stm32f401re-nucleo-spirit1.a(random.o)
                0x0800cc00                random_rand
 .text.get_sensor_index
                0x0800cc10       0x48 contiki-stm32f401re-nucleo-spirit1.a(sensors.o)
 .text.sensors_changed
                0x0800cc58       0x34 contiki-stm32f401re-nucleo-spirit1.a(sensors.o)
                0x0800cc58                sensors_changed
 .text.process_thread_sensors_process
                0x0800cc8c      0x150 contiki-stm32f401re-nucleo-spirit1.a(sensors.o)
 .text.recv_from_abc
                0x0800cddc       0x40 contiki-stm32f401re-nucleo-spirit1.a(broadcast.o)
 .text.sent_by_abc
                0x0800ce1c       0x30 contiki-stm32f401re-nucleo-spirit1.a(broadcast.o)
 .text.broadcast_open
                0x0800ce4c       0x3c contiki-stm32f401re-nucleo-spirit1.a(broadcast.o)
                0x0800ce4c                broadcast_open
 .text.broadcast_close
                0x0800ce88       0x18 contiki-stm32f401re-nucleo-spirit1.a(broadcast.o)
                0x0800ce88                broadcast_close
 .text.broadcast_send
                0x0800cea0       0x28 contiki-stm32f401re-nucleo-spirit1.a(broadcast.o)
                0x0800cea0                broadcast_send
 .text.channel_init
                0x0800cec8       0x14 contiki-stm32f401re-nucleo-spirit1.a(channel.o)
                0x0800cec8                channel_init
 .text.channel_set_attributes
                0x0800cedc       0x38 contiki-stm32f401re-nucleo-spirit1.a(channel.o)
                0x0800cedc                channel_set_attributes
 .text.channel_open
                0x0800cf14       0x28 contiki-stm32f401re-nucleo-spirit1.a(channel.o)
                0x0800cf14                channel_open
 .text.channel_close
                0x0800cf3c       0x20 contiki-stm32f401re-nucleo-spirit1.a(channel.o)
                0x0800cf3c                channel_close
 .text.channel_lookup
                0x0800cf5c       0x44 contiki-stm32f401re-nucleo-spirit1.a(channel.o)
                0x0800cf5c                channel_lookup
 .text.recv_from_broadcast
                0x0800cfa0       0x44 contiki-stm32f401re-nucleo-spirit1.a(unicast.o)
 .text.sent_by_broadcast
                0x0800cfe4       0x30 contiki-stm32f401re-nucleo-spirit1.a(unicast.o)
 .text.unicast_open
                0x0800d014       0x3c contiki-stm32f401re-nucleo-spirit1.a(unicast.o)
                0x0800d014                unicast_open
 .text.unicast_close
                0x0800d050       0x18 contiki-stm32f401re-nucleo-spirit1.a(unicast.o)
                0x0800d050                unicast_close
 .text.unicast_send
                0x0800d068       0x24 contiki-stm32f401re-nucleo-spirit1.a(unicast.o)
                0x0800d068                unicast_send
 .text.linkaddr_copy
                0x0800d08c       0x1c contiki-stm32f401re-nucleo-spirit1.a(linkaddr.o)
                0x0800d08c                linkaddr_copy
 .text.linkaddr_cmp
                0x0800d0a8       0x28 contiki-stm32f401re-nucleo-spirit1.a(linkaddr.o)
                0x0800d0a8                linkaddr_cmp
 .text.linkaddr_set_node_addr
                0x0800d0d0       0x1c contiki-stm32f401re-nucleo-spirit1.a(linkaddr.o)
                0x0800d0d0                linkaddr_set_node_addr
 .text.netstack_init
                0x0800d0ec       0x38 contiki-stm32f401re-nucleo-spirit1.a(netstack.o)
                0x0800d0ec                netstack_init
 .text.packetbuf_clear
                0x0800d124       0x3c contiki-stm32f401re-nucleo-spirit1.a(packetbuf.o)
                0x0800d124                packetbuf_clear
 .text.packetbuf_copyfrom
                0x0800d160       0x44 contiki-stm32f401re-nucleo-spirit1.a(packetbuf.o)
                0x0800d160                packetbuf_copyfrom
 .text.packetbuf_compact
                0x0800d1a4       0x5c contiki-stm32f401re-nucleo-spirit1.a(packetbuf.o)
                0x0800d1a4                packetbuf_compact
 .text.packetbuf_hdralloc
                0x0800d200       0x48 contiki-stm32f401re-nucleo-spirit1.a(packetbuf.o)
                0x0800d200                packetbuf_hdralloc
 .text.packetbuf_hdrreduce
                0x0800d248       0x50 contiki-stm32f401re-nucleo-spirit1.a(packetbuf.o)
                0x0800d248                packetbuf_hdrreduce
 .text.packetbuf_set_datalen
                0x0800d298       0x20 contiki-stm32f401re-nucleo-spirit1.a(packetbuf.o)
                0x0800d298                packetbuf_set_datalen
 .text.packetbuf_dataptr
                0x0800d2b8       0x24 contiki-stm32f401re-nucleo-spirit1.a(packetbuf.o)
                0x0800d2b8                packetbuf_dataptr
 .text.packetbuf_hdrptr
                0x0800d2dc       0x20 contiki-stm32f401re-nucleo-spirit1.a(packetbuf.o)
                0x0800d2dc                packetbuf_hdrptr
 .text.packetbuf_datalen
                0x0800d2fc       0x18 contiki-stm32f401re-nucleo-spirit1.a(packetbuf.o)
                0x0800d2fc                packetbuf_datalen
 .text.packetbuf_hdrlen
                0x0800d314       0x34 contiki-stm32f401re-nucleo-spirit1.a(packetbuf.o)
                0x0800d314                packetbuf_hdrlen
 .text.packetbuf_totlen
                0x0800d348       0x1c contiki-stm32f401re-nucleo-spirit1.a(packetbuf.o)
                0x0800d348                packetbuf_totlen
 .text.packetbuf_attr_clear
                0x0800d364       0x58 contiki-stm32f401re-nucleo-spirit1.a(packetbuf.o)
                0x0800d364                packetbuf_attr_clear
 .text.packetbuf_attr_copyfrom
                0x0800d3bc       0x48 contiki-stm32f401re-nucleo-spirit1.a(packetbuf.o)
                0x0800d3bc                packetbuf_attr_copyfrom
 .text.packetbuf_set_attr
                0x0800d404       0x2c contiki-stm32f401re-nucleo-spirit1.a(packetbuf.o)
                0x0800d404                packetbuf_set_attr
 .text.packetbuf_attr
                0x0800d430       0x24 contiki-stm32f401re-nucleo-spirit1.a(packetbuf.o)
                0x0800d430                packetbuf_attr
 .text.packetbuf_set_addr
                0x0800d454       0x2c contiki-stm32f401re-nucleo-spirit1.a(packetbuf.o)
                0x0800d454                packetbuf_set_addr
 .text.packetbuf_addr
                0x0800d480       0x24 contiki-stm32f401re-nucleo-spirit1.a(packetbuf.o)
                0x0800d480                packetbuf_addr
 .text.packetbuf_holds_broadcast
                0x0800d4a4       0x1c contiki-stm32f401re-nucleo-spirit1.a(packetbuf.o)
                0x0800d4a4                packetbuf_holds_broadcast
 .text.send_packet
                0x0800d4c0       0x20 contiki-stm32f401re-nucleo-spirit1.a(nullmac.o)
 .text.packet_input
                0x0800d4e0       0x10 contiki-stm32f401re-nucleo-spirit1.a(nullmac.o)
 .text.on       0x0800d4f0       0x14 contiki-stm32f401re-nucleo-spirit1.a(nullmac.o)
 .text.off      0x0800d504       0x20 contiki-stm32f401re-nucleo-spirit1.a(nullmac.o)
 .text.channel_check_interval
                0x0800d524       0x10 contiki-stm32f401re-nucleo-spirit1.a(nullmac.o)
 .text.init     0x0800d534        0xc contiki-stm32f401re-nucleo-spirit1.a(nullmac.o)
 .text.send_one_packet
                0x0800d540       0x90 contiki-stm32f401re-nucleo-spirit1.a(nullrdc.o)
 .text.send_packet
                0x0800d5d0       0x18 contiki-stm32f401re-nucleo-spirit1.a(nullrdc.o)
 .text.send_list
                0x0800d5e8       0x40 contiki-stm32f401re-nucleo-spirit1.a(nullrdc.o)
 .text.packet_input
                0x0800d628       0x58 contiki-stm32f401re-nucleo-spirit1.a(nullrdc.o)
 .text.on       0x0800d680       0x14 contiki-stm32f401re-nucleo-spirit1.a(nullrdc.o)
 .text.off      0x0800d694       0x2c contiki-stm32f401re-nucleo-spirit1.a(nullrdc.o)
 .text.channel_check_interval
                0x0800d6c0       0x10 contiki-stm32f401re-nucleo-spirit1.a(nullrdc.o)
 .text.init     0x0800d6d0        0xc contiki-stm32f401re-nucleo-spirit1.a(nullrdc.o)
 .text.init     0x0800d6dc        0xc contiki-stm32f401re-nucleo-spirit1.a(nullsec.o)
 .text.send     0x0800d6e8       0x28 contiki-stm32f401re-nucleo-spirit1.a(nullsec.o)
 .text.input    0x0800d710       0x10 contiki-stm32f401re-nucleo-spirit1.a(nullsec.o)
 .text.leds_arch_init
                0x0800d720       0x20 contiki-stm32f401re-nucleo-spirit1.a(leds-arch.o)
                0x0800d720                leds_arch_init
 .text.spirit1_arch_refresh_status
                0x0800d740       0xb4 contiki-stm32f401re-nucleo-spirit1.a(spirit1-arch.o)
                0x0800d740                spirit1_arch_refresh_status
 .text.SpiritCalibrationVco
                0x0800d7f4       0x6c contiki-stm32f401re-nucleo-spirit1.a(SPIRIT_Calibrat)
                0x0800d7f4                SpiritCalibrationVco
 .text.SpiritCalibrationGetVcoCalData
                0x0800d860       0x38 contiki-stm32f401re-nucleo-spirit1.a(SPIRIT_Calibrat)
                0x0800d860                SpiritCalibrationGetVcoCalData
 .text.SpiritCalibrationSetVcoCalDataTx
                0x0800d898       0x64 contiki-stm32f401re-nucleo-spirit1.a(SPIRIT_Calibrat)
                0x0800d898                SpiritCalibrationSetVcoCalDataTx
 .text.SpiritCalibrationSetVcoCalDataRx
                0x0800d8fc       0x64 contiki-stm32f401re-nucleo-spirit1.a(SPIRIT_Calibrat)
                0x0800d8fc                SpiritCalibrationSetVcoCalDataRx
 .text.SpiritCalibrationSelectVco
                0x0800d960       0x54 contiki-stm32f401re-nucleo-spirit1.a(SPIRIT_Calibrat)
                0x0800d960                SpiritCalibrationSelectVco
 .text.HAL_TIM_Base_Init
                0x0800d9b4       0x58 contiki-stm32f401re-nucleo-spirit1.a(stm32f4xx_hal_t)
                0x0800d9b4                HAL_TIM_Base_Init
 .text.HAL_TIM_Base_Start_IT
                0x0800da0c       0x38 contiki-stm32f401re-nucleo-spirit1.a(stm32f4xx_hal_t)
                0x0800da0c                HAL_TIM_Base_Start_IT
 .text.HAL_TIM_OC_Init
                0x0800da44       0x58 contiki-stm32f401re-nucleo-spirit1.a(stm32f4xx_hal_t)
                0x0800da44                HAL_TIM_OC_Init
 .text.HAL_TIM_OC_MspInit
                0x0800da9c       0x14 contiki-stm32f401re-nucleo-spirit1.a(stm32f4xx_hal_t)
                0x0800da9c                HAL_TIM_OC_MspInit
 .text.HAL_TIM_OC_ConfigChannel
                0x0800dab0       0xc0 contiki-stm32f401re-nucleo-spirit1.a(stm32f4xx_hal_t)
                0x0800dab0                HAL_TIM_OC_ConfigChannel
 .text.HAL_TIM_ConfigClockSource
                0x0800db70      0x1c4 contiki-stm32f401re-nucleo-spirit1.a(stm32f4xx_hal_t)
                0x0800db70                HAL_TIM_ConfigClockSource
 .text.TIM_Base_SetConfig
                0x0800dd34      0x108 contiki-stm32f401re-nucleo-spirit1.a(stm32f4xx_hal_t)
                0x0800dd34                TIM_Base_SetConfig
 .text.TIM_OC2_SetConfig
                0x0800de3c       0xd8 contiki-stm32f401re-nucleo-spirit1.a(stm32f4xx_hal_t)
                0x0800de3c                TIM_OC2_SetConfig
 .text.TIM_OC1_SetConfig
                0x0800df14       0xd0 contiki-stm32f401re-nucleo-spirit1.a(stm32f4xx_hal_t)
 .text.TIM_OC3_SetConfig
                0x0800dfe4       0xd8 contiki-stm32f401re-nucleo-spirit1.a(stm32f4xx_hal_t)
 .text.TIM_OC4_SetConfig
                0x0800e0bc       0xa8 contiki-stm32f401re-nucleo-spirit1.a(stm32f4xx_hal_t)
 .text.TIM_TI1_ConfigInputStage
                0x0800e164       0x64 contiki-stm32f401re-nucleo-spirit1.a(stm32f4xx_hal_t)
 .text.TIM_TI2_ConfigInputStage
                0x0800e1c8       0x68 contiki-stm32f401re-nucleo-spirit1.a(stm32f4xx_hal_t)
 .text.TIM_ITRx_SetConfig
                0x0800e230       0x40 contiki-stm32f401re-nucleo-spirit1.a(stm32f4xx_hal_t)
 .text.TIM_ETR_SetConfig
                0x0800e270       0x44 contiki-stm32f401re-nucleo-spirit1.a(stm32f4xx_hal_t)
 .text.abc_open
                0x0800e2b4       0x34 contiki-stm32f401re-nucleo-spirit1.a(abc.o)
                0x0800e2b4                abc_open
 .text.abc_close
                0x0800e2e8       0x18 contiki-stm32f401re-nucleo-spirit1.a(abc.o)
                0x0800e2e8                abc_close
 .text.abc_send
                0x0800e300       0x1c contiki-stm32f401re-nucleo-spirit1.a(abc.o)
                0x0800e300                abc_send
 .text.abc_input
                0x0800e31c       0x28 contiki-stm32f401re-nucleo-spirit1.a(abc.o)
                0x0800e31c                abc_input
 .text.abc_sent
                0x0800e344       0x30 contiki-stm32f401re-nucleo-spirit1.a(abc.o)
                0x0800e344                abc_sent
 .text.chameleon_init
                0x0800e374        0xc contiki-stm32f401re-nucleo-spirit1.a(chameleon.o)
                0x0800e374                chameleon_init
 .text.chameleon_parse
                0x0800e380       0x34 contiki-stm32f401re-nucleo-spirit1.a(chameleon.o)
                0x0800e380                chameleon_parse
 .text.chameleon_create
                0x0800e3b4       0x38 contiki-stm32f401re-nucleo-spirit1.a(chameleon.o)
                0x0800e3b4                chameleon_create
 .text.chameleon_hdrsize
                0x0800e3ec       0x20 contiki-stm32f401re-nucleo-spirit1.a(chameleon.o)
                0x0800e3ec                chameleon_hdrsize
 .text.input    0x0800e40c       0x4c contiki-stm32f401re-nucleo-spirit1.a(rime.o)
 .text.init     0x0800e458       0x28 contiki-stm32f401re-nucleo-spirit1.a(rime.o)
 .text.packet_sent
                0x0800e480       0x64 contiki-stm32f401re-nucleo-spirit1.a(rime.o)
 .text.rime_output
                0x0800e4e4       0x38 contiki-stm32f401re-nucleo-spirit1.a(rime.o)
                0x0800e4e4                rime_output
 .text.queuebuf_load_to_ram
                0x0800e51c       0x18 contiki-stm32f401re-nucleo-spirit1.a(queuebuf.o)
 .text.queuebuf_init
                0x0800e534       0x1c contiki-stm32f401re-nucleo-spirit1.a(queuebuf.o)
                0x0800e534                queuebuf_init
 .text.queuebuf_to_packetbuf
                0x0800e550       0x4c contiki-stm32f401re-nucleo-spirit1.a(queuebuf.o)
                0x0800e550                queuebuf_to_packetbuf
 .text.create_frame
                0x0800e59c      0x19c contiki-stm32f401re-nucleo-spirit1.a(framer-802154.o)
 .text.hdr_length
                0x0800e738       0x14 contiki-stm32f401re-nucleo-spirit1.a(framer-802154.o)
 .text.create   0x0800e74c       0x14 contiki-stm32f401re-nucleo-spirit1.a(framer-802154.o)
 .text.parse    0x0800e760       0xd0 contiki-stm32f401re-nucleo-spirit1.a(framer-802154.o)
 .text.mac_call_sent_callback
                0x0800e830       0x38 contiki-stm32f401re-nucleo-spirit1.a(mac.o)
                0x0800e830                mac_call_sent_callback
 .text.memb_init
                0x0800e868       0x3c contiki-stm32f401re-nucleo-spirit1.a(memb.o)
                0x0800e868                memb_init
 .text.memb_inmemb
                0x0800e8a4       0x40 contiki-stm32f401re-nucleo-spirit1.a(memb.o)
                0x0800e8a4                memb_inmemb
 .text.announcement_init
                0x0800e8e4       0x14 contiki-stm32f401re-nucleo-spirit1.a(announcement.o)
                0x0800e8e4                announcement_init
 .text.announcement_register_observer_callback
                0x0800e8f8       0x1c contiki-stm32f401re-nucleo-spirit1.a(announcement.o)
                0x0800e8f8                announcement_register_observer_callback
 .text.announcement_list
                0x0800e914       0x18 contiki-stm32f401re-nucleo-spirit1.a(announcement.o)
                0x0800e914                announcement_list
 .text.announcement_heard
                0x0800e92c       0x5c contiki-stm32f401re-nucleo-spirit1.a(announcement.o)
                0x0800e92c                announcement_heard
 .text.send_adv
                0x0800e988       0x94 contiki-stm32f401re-nucleo-spirit1.a(broadcast-annou)
 .text.adv_packet_received
                0x0800ea1c       0x74 contiki-stm32f401re-nucleo-spirit1.a(broadcast-annou)
 .text.adv_packet_sent
                0x0800ea90       0x18 contiki-stm32f401re-nucleo-spirit1.a(broadcast-annou)
 .text.set_timers
                0x0800eaa8       0x4c contiki-stm32f401re-nucleo-spirit1.a(broadcast-annou)
 .text.send_timer
                0x0800eaf4       0x34 contiki-stm32f401re-nucleo-spirit1.a(broadcast-annou)
 .text.new_announcement
                0x0800eb28       0x3c contiki-stm32f401re-nucleo-spirit1.a(broadcast-annou)
 .text.broadcast_announcement_init
                0x0800eb64       0x48 contiki-stm32f401re-nucleo-spirit1.a(broadcast-annou)
                0x0800eb64                broadcast_announcement_init
 .text.le16_write
                0x0800ebac       0x30 contiki-stm32f401re-nucleo-spirit1.a(chameleon-bitop)
 .text.le16_read
                0x0800ebdc       0x30 contiki-stm32f401re-nucleo-spirit1.a(chameleon-bitop)
 .text.get_bits_in_byte
                0x0800ec0c       0x54 contiki-stm32f401re-nucleo-spirit1.a(chameleon-bitop)
 .text.get_bits
                0x0800ec60       0xec contiki-stm32f401re-nucleo-spirit1.a(chameleon-bitop)
                0x0800ec60                get_bits
 .text.header_size
                0x0800ed4c       0x38 contiki-stm32f401re-nucleo-spirit1.a(chameleon-bitop)
 .text.set_bits_in_byte
                0x0800ed84       0x58 contiki-stm32f401re-nucleo-spirit1.a(chameleon-bitop)
                0x0800ed84                set_bits_in_byte
 .text.set_bits
                0x0800eddc      0x10c contiki-stm32f401re-nucleo-spirit1.a(chameleon-bitop)
                0x0800eddc                set_bits
 .text.pack_header
                0x0800eee8      0x118 contiki-stm32f401re-nucleo-spirit1.a(chameleon-bitop)
 .text.unpack_header
                0x0800f000      0x124 contiki-stm32f401re-nucleo-spirit1.a(chameleon-bitop)
 .text.addr_len
                0x0800f124       0x2c contiki-stm32f401re-nucleo-spirit1.a(frame802154.o)
 .text.frame802154_get_pan_id
                0x0800f150       0x18 contiki-stm32f401re-nucleo-spirit1.a(frame802154.o)
                0x0800f150                frame802154_get_pan_id
 .text.frame802154_has_panid
                0x0800f168       0xb8 contiki-stm32f401re-nucleo-spirit1.a(frame802154.o)
                0x0800f168                frame802154_has_panid
 .text.frame802154_is_broadcast_addr
                0x0800f220       0x44 contiki-stm32f401re-nucleo-spirit1.a(frame802154.o)
                0x0800f220                frame802154_is_broadcast_addr
 .text.field_len
                0x0800f264       0xc8 contiki-stm32f401re-nucleo-spirit1.a(frame802154.o)
 .text.frame802154_hdrlen
                0x0800f32c       0x34 contiki-stm32f401re-nucleo-spirit1.a(frame802154.o)
                0x0800f32c                frame802154_hdrlen
 .text.frame802154_create
                0x0800f360      0x194 contiki-stm32f401re-nucleo-spirit1.a(frame802154.o)
                0x0800f360                frame802154_create
 .text.frame802154_parse
                0x0800f4f4      0x2a8 contiki-stm32f401re-nucleo-spirit1.a(frame802154.o)
                0x0800f4f4                frame802154_parse
 .text._sbrk    0x0800f79c       0x68 obj_stm32f401re-nucleo-spirit1/syscalls.o
                0x0800f79c                _sbrk
 .text.uart_send_char
                0x0800f804       0x28 obj_stm32f401re-nucleo-spirit1/console.o
                0x0800f804                uart_send_char
 .text.uart_receive_char
                0x0800f82c       0x50 obj_stm32f401re-nucleo-spirit1/console.o
                0x0800f82c                uart_receive_char
 .text.__io_putchar
                0x0800f87c       0x18 obj_stm32f401re-nucleo-spirit1/console.o
                0x0800f87c                __io_putchar
 .text.__io_getchar
                0x0800f894       0x10 obj_stm32f401re-nucleo-spirit1/console.o
                0x0800f894                __io_getchar
 .text._lseek   0x0800f8a4       0x1c obj_stm32f401re-nucleo-spirit1/crt.o
                0x0800f8a4                _lseek
 .text._close   0x0800f8c0       0x18 obj_stm32f401re-nucleo-spirit1/crt.o
                0x0800f8c0                _close
 .text._fstat   0x0800f8d8       0x20 obj_stm32f401re-nucleo-spirit1/crt.o
                0x0800f8d8                _fstat
 .text._isatty  0x0800f8f8       0x18 obj_stm32f401re-nucleo-spirit1/crt.o
                0x0800f8f8                _isatty
 .text._write   0x0800f910       0x38 obj_stm32f401re-nucleo-spirit1/uart.o
                0x0800f910                _write
 .text._read    0x0800f948       0x24 obj_stm32f401re-nucleo-spirit1/uart.o
                0x0800f948                _read
 .text.__errno  0x0800f96c        0xc /usr/bin/../lib/gcc/arm-none-eabi/4.9.3/../../../../arm-none-eabi/lib/armv7e-m/libc.a(lib_a-errno.o)
                0x0800f96c                __errno
 .text.__libc_init_array
                0x0800f978       0x50 /usr/bin/../lib/gcc/arm-none-eabi/4.9.3/../../../../arm-none-eabi/lib/armv7e-m/libc.a(lib_a-init.o)
                0x0800f978                __libc_init_array
 .text.malloc   0x0800f9c8       0x10 /usr/bin/../lib/gcc/arm-none-eabi/4.9.3/../../../../arm-none-eabi/lib/armv7e-m/libc.a(lib_a-malloc.o)
                0x0800f9c8                malloc
 .text.free     0x0800f9d8       0x10 /usr/bin/../lib/gcc/arm-none-eabi/4.9.3/../../../../arm-none-eabi/lib/armv7e-m/libc.a(lib_a-malloc.o)
                0x0800f9d8                free
 .text._malloc_r
                0x0800f9e8      0x524 /usr/bin/../lib/gcc/arm-none-eabi/4.9.3/../../../../arm-none-eabi/lib/armv7e-m/libc.a(lib_a-mallocr.o)
                0x0800f9e8                _malloc_r
 .text.memcmp   0x0800ff0c       0x64 /usr/bin/../lib/gcc/arm-none-eabi/4.9.3/../../../../arm-none-eabi/lib/armv7e-m/libc.a(lib_a-memcmp.o)
                0x0800ff0c                memcmp
 .text.memset   0x0800ff70       0x9c /usr/bin/../lib/gcc/arm-none-eabi/4.9.3/../../../../arm-none-eabi/lib/armv7e-m/libc.a(lib_a-memset.o)
                0x0800ff70                memset
 .text.__malloc_lock
                0x0801000c        0x4 /usr/bin/../lib/gcc/arm-none-eabi/4.9.3/../../../../arm-none-eabi/lib/armv7e-m/libc.a(lib_a-mlock.o)
                0x0801000c                __malloc_lock
 .text.__malloc_unlock
                0x08010010        0x4 /usr/bin/../lib/gcc/arm-none-eabi/4.9.3/../../../../arm-none-eabi/lib/armv7e-m/libc.a(lib_a-mlock.o)
                0x08010010                __malloc_unlock
 .text.printf   0x08010014       0x28 /usr/bin/../lib/gcc/arm-none-eabi/4.9.3/../../../../arm-none-eabi/lib/armv7e-m/libc.a(lib_a-printf.o)
                0x08010014                printf
 .text.putchar  0x0801003c       0x14 /usr/bin/../lib/gcc/arm-none-eabi/4.9.3/../../../../arm-none-eabi/lib/armv7e-m/libc.a(lib_a-putchar.o)
                0x0801003c                putchar
 .text._puts_r  0x08010050       0x64 /usr/bin/../lib/gcc/arm-none-eabi/4.9.3/../../../../arm-none-eabi/lib/armv7e-m/libc.a(lib_a-puts.o)
                0x08010050                _puts_r
 .text.puts     0x080100b4       0x10 /usr/bin/../lib/gcc/arm-none-eabi/4.9.3/../../../../arm-none-eabi/lib/armv7e-m/libc.a(lib_a-puts.o)
                0x080100b4                puts
 .text.srand    0x080100c4       0x14 /usr/bin/../lib/gcc/arm-none-eabi/4.9.3/../../../../arm-none-eabi/lib/armv7e-m/libc.a(lib_a-rand.o)
                0x080100c4                srand
 .text.rand     0x080100d8       0x40 /usr/bin/../lib/gcc/arm-none-eabi/4.9.3/../../../../arm-none-eabi/lib/armv7e-m/libc.a(lib_a-rand.o)
                0x080100d8                rand
 .text._sbrk_r  0x08010118       0x24 /usr/bin/../lib/gcc/arm-none-eabi/4.9.3/../../../../arm-none-eabi/lib/armv7e-m/libc.a(lib_a-sbrkr.o)
                0x08010118                _sbrk_r
 .text.strlen   0x0801013c       0x5c /usr/bin/../lib/gcc/arm-none-eabi/4.9.3/../../../../arm-none-eabi/lib/armv7e-m/libc.a(lib_a-strlen.o)
                0x0801013c                strlen
 .text._vfprintf_r
                0x08010198     0x13e8 /usr/bin/../lib/gcc/arm-none-eabi/4.9.3/../../../../arm-none-eabi/lib/armv7e-m/libc.a(lib_a-vfprintf.o)
                0x08010198                _vfprintf_r
 .text.__sbprintf
                0x08011580       0x78 /usr/bin/../lib/gcc/arm-none-eabi/4.9.3/../../../../arm-none-eabi/lib/armv7e-m/libc.a(lib_a-vfprintf.o)
 .text.__swsetup_r
                0x080115f8       0xc4 /usr/bin/../lib/gcc/arm-none-eabi/4.9.3/../../../../arm-none-eabi/lib/armv7e-m/libc.a(lib_a-wsetup.o)
                0x080115f8                __swsetup_r
 .text.startup.register_fini
                0x080116bc       0x14 /usr/bin/../lib/gcc/arm-none-eabi/4.9.3/../../../../arm-none-eabi/lib/armv7e-m/libc.a(lib_a-__call_atexit.o)
 .text.atexit   0x080116d0        0xc /usr/bin/../lib/gcc/arm-none-eabi/4.9.3/../../../../arm-none-eabi/lib/armv7e-m/libc.a(lib_a-atexit.o)
                0x080116d0                atexit
 .text.quorem   0x080116dc      0x12c /usr/bin/../lib/gcc/arm-none-eabi/4.9.3/../../../../arm-none-eabi/lib/armv7e-m/libc.a(lib_a-dtoa.o)
 .text._dtoa_r  0x08011808      0xe94 /usr/bin/../lib/gcc/arm-none-eabi/4.9.3/../../../../arm-none-eabi/lib/armv7e-m/libc.a(lib_a-dtoa.o)
                0x08011808                _dtoa_r
 .text.__sflush_r
                0x0801269c      0x154 /usr/bin/../lib/gcc/arm-none-eabi/4.9.3/../../../../arm-none-eabi/lib/armv7e-m/libc.a(lib_a-fflush.o)
                0x0801269c                __sflush_r
 .text._fflush_r
                0x080127f0       0x2c /usr/bin/../lib/gcc/arm-none-eabi/4.9.3/../../../../arm-none-eabi/lib/armv7e-m/libc.a(lib_a-fflush.o)
                0x080127f0                _fflush_r
 .text._cleanup_r
                0x0801281c        0xc /usr/bin/../lib/gcc/arm-none-eabi/4.9.3/../../../../arm-none-eabi/lib/armv7e-m/libc.a(lib_a-findfp.o)
                0x0801281c                _cleanup_r
 .text.__sinit.part.1
                0x08012828       0xf0 /usr/bin/../lib/gcc/arm-none-eabi/4.9.3/../../../../arm-none-eabi/lib/armv7e-m/libc.a(lib_a-findfp.o)
 .text.__sinit  0x08012918        0xc /usr/bin/../lib/gcc/arm-none-eabi/4.9.3/../../../../arm-none-eabi/lib/armv7e-m/libc.a(lib_a-findfp.o)
                0x08012918                __sinit
 .text.__sfp_lock_acquire
                0x08012924        0x4 /usr/bin/../lib/gcc/arm-none-eabi/4.9.3/../../../../arm-none-eabi/lib/armv7e-m/libc.a(lib_a-findfp.o)
                0x08012924                __sfp_lock_acquire
 .text.__sfp_lock_release
                0x08012928        0x4 /usr/bin/../lib/gcc/arm-none-eabi/4.9.3/../../../../arm-none-eabi/lib/armv7e-m/libc.a(lib_a-findfp.o)
                0x08012928                __sfp_lock_release
 .text.__libc_fini_array
                0x0801292c       0x2c /usr/bin/../lib/gcc/arm-none-eabi/4.9.3/../../../../arm-none-eabi/lib/armv7e-m/libc.a(lib_a-fini.o)
                0x0801292c                __libc_fini_array
 .text._malloc_trim_r
                0x08012958       0x9c /usr/bin/../lib/gcc/arm-none-eabi/4.9.3/../../../../arm-none-eabi/lib/armv7e-m/libc.a(lib_a-freer.o)
                0x08012958                _malloc_trim_r
 .text._free_r  0x080129f4      0x1b0 /usr/bin/../lib/gcc/arm-none-eabi/4.9.3/../../../../arm-none-eabi/lib/armv7e-m/libc.a(lib_a-freer.o)
                0x080129f4                _free_r
 .text.__sfvwrite_r
                0x08012ba4      0x318 /usr/bin/../lib/gcc/arm-none-eabi/4.9.3/../../../../arm-none-eabi/lib/armv7e-m/libc.a(lib_a-fvwrite.o)
                0x08012ba4                __sfvwrite_r
 .text._fwalk_reent
                0x08012ebc       0x54 /usr/bin/../lib/gcc/arm-none-eabi/4.9.3/../../../../arm-none-eabi/lib/armv7e-m/libc.a(lib_a-fwalk.o)
                0x08012ebc                _fwalk_reent
 .text.__locale_charset
                0x08012f10        0x8 /usr/bin/../lib/gcc/arm-none-eabi/4.9.3/../../../../arm-none-eabi/lib/armv7e-m/libc.a(lib_a-locale.o)
                0x08012f10                __locale_charset
 .text.__locale_mb_cur_max
                0x08012f18        0xc /usr/bin/../lib/gcc/arm-none-eabi/4.9.3/../../../../arm-none-eabi/lib/armv7e-m/libc.a(lib_a-locale.o)
                0x08012f18                __locale_mb_cur_max
 .text._localeconv_r
                0x08012f24        0x8 /usr/bin/../lib/gcc/arm-none-eabi/4.9.3/../../../../arm-none-eabi/lib/armv7e-m/libc.a(lib_a-locale.o)
                0x08012f24                _localeconv_r
 .text.__smakebuf_r
                0x08012f2c       0xe0 /usr/bin/../lib/gcc/arm-none-eabi/4.9.3/../../../../arm-none-eabi/lib/armv7e-m/libc.a(lib_a-makebuf.o)
                0x08012f2c                __smakebuf_r
 .text.memchr   0x0801300c       0x94 /usr/bin/../lib/gcc/arm-none-eabi/4.9.3/../../../../arm-none-eabi/lib/armv7e-m/libc.a(lib_a-memchr.o)
                0x0801300c                memchr
 .text.memmove  0x080130a0       0xc8 /usr/bin/../lib/gcc/arm-none-eabi/4.9.3/../../../../arm-none-eabi/lib/armv7e-m/libc.a(lib_a-memmove.o)
                0x080130a0                memmove
 .text._Balloc  0x08013168       0x4c /usr/bin/../lib/gcc/arm-none-eabi/4.9.3/../../../../arm-none-eabi/lib/armv7e-m/libc.a(lib_a-mprec.o)
                0x08013168                _Balloc
 .text._Bfree   0x080131b4       0x14 /usr/bin/../lib/gcc/arm-none-eabi/4.9.3/../../../../arm-none-eabi/lib/armv7e-m/libc.a(lib_a-mprec.o)
                0x080131b4                _Bfree
 .text.__multadd
                0x080131c8       0x84 /usr/bin/../lib/gcc/arm-none-eabi/4.9.3/../../../../arm-none-eabi/lib/armv7e-m/libc.a(lib_a-mprec.o)
                0x080131c8                __multadd
 .text.__hi0bits
                0x0801324c       0x40 /usr/bin/../lib/gcc/arm-none-eabi/4.9.3/../../../../arm-none-eabi/lib/armv7e-m/libc.a(lib_a-mprec.o)
                0x0801324c                __hi0bits
 .text.__lo0bits
                0x0801328c       0x5c /usr/bin/../lib/gcc/arm-none-eabi/4.9.3/../../../../arm-none-eabi/lib/armv7e-m/libc.a(lib_a-mprec.o)
                0x0801328c                __lo0bits
 .text.__i2b    0x080132e8       0x14 /usr/bin/../lib/gcc/arm-none-eabi/4.9.3/../../../../arm-none-eabi/lib/armv7e-m/libc.a(lib_a-mprec.o)
                0x080132e8                __i2b
 .text.__multiply
                0x080132fc      0x134 /usr/bin/../lib/gcc/arm-none-eabi/4.9.3/../../../../arm-none-eabi/lib/armv7e-m/libc.a(lib_a-mprec.o)
                0x080132fc                __multiply
 .text.__pow5mult
                0x08013430       0xa0 /usr/bin/../lib/gcc/arm-none-eabi/4.9.3/../../../../arm-none-eabi/lib/armv7e-m/libc.a(lib_a-mprec.o)
                0x08013430                __pow5mult
 .text.__lshift
                0x080134d0       0xac /usr/bin/../lib/gcc/arm-none-eabi/4.9.3/../../../../arm-none-eabi/lib/armv7e-m/libc.a(lib_a-mprec.o)
                0x080134d0                __lshift
 .text.__mcmp   0x0801357c       0x48 /usr/bin/../lib/gcc/arm-none-eabi/4.9.3/../../../../arm-none-eabi/lib/armv7e-m/libc.a(lib_a-mprec.o)
                0x0801357c                __mcmp
 .text.__mdiff  0x080135c4       0xd4 /usr/bin/../lib/gcc/arm-none-eabi/4.9.3/../../../../arm-none-eabi/lib/armv7e-m/libc.a(lib_a-mprec.o)
                0x080135c4                __mdiff
 .text.__d2b    0x08013698       0xb8 /usr/bin/../lib/gcc/arm-none-eabi/4.9.3/../../../../arm-none-eabi/lib/armv7e-m/libc.a(lib_a-mprec.o)
                0x08013698                __d2b
 .text._putc_r  0x08013750       0x58 /usr/bin/../lib/gcc/arm-none-eabi/4.9.3/../../../../arm-none-eabi/lib/armv7e-m/libc.a(lib_a-putc.o)
                0x08013750                _putc_r
 .text._realloc_r
                0x080137a8      0x3ec /usr/bin/../lib/gcc/arm-none-eabi/4.9.3/../../../../arm-none-eabi/lib/armv7e-m/libc.a(lib_a-reallocr.o)
                0x080137a8                _realloc_r
 .text.__fpclassifyd
                0x08013b94       0x58 /usr/bin/../lib/gcc/arm-none-eabi/4.9.3/../../../../arm-none-eabi/lib/armv7e-m/libc.a(lib_a-s_fpclassify.o)
                0x08013b94                __fpclassifyd
 .text.__sread  0x08013bec       0x24 /usr/bin/../lib/gcc/arm-none-eabi/4.9.3/../../../../arm-none-eabi/lib/armv7e-m/libc.a(lib_a-stdio.o)
                0x08013bec                __sread
 .text.__swrite
                0x08013c10       0x38 /usr/bin/../lib/gcc/arm-none-eabi/4.9.3/../../../../arm-none-eabi/lib/armv7e-m/libc.a(lib_a-stdio.o)
                0x08013c10                __swrite
 .text.__sseek  0x08013c48       0x20 /usr/bin/../lib/gcc/arm-none-eabi/4.9.3/../../../../arm-none-eabi/lib/armv7e-m/libc.a(lib_a-stdio.o)
                0x08013c48                __sseek
 .text.__sclose
                0x08013c68        0x8 /usr/bin/../lib/gcc/arm-none-eabi/4.9.3/../../../../arm-none-eabi/lib/armv7e-m/libc.a(lib_a-stdio.o)
                0x08013c68                __sclose
 .text.__sprint_r.part.0
                0x08013c70       0x78 /usr/bin/../lib/gcc/arm-none-eabi/4.9.3/../../../../arm-none-eabi/lib/armv7e-m/libc.a(lib_a-vfiprintf.o)
 .text.__sprint_r